Component: Arm Compiler for Embedded 6.22 Tool: armlink [5ee90200]

==============================================================================

Section Cross References

    startup_mspm0g350x_uvision.o(RESET) refers to startup_mspm0g350x_uvision.o(STACK) for __initial_sp
    startup_mspm0g350x_uvision.o(RESET) refers to startup_mspm0g350x_uvision.o(.text) for Reset_Handler
    startup_mspm0g350x_uvision.o(RESET) refers to port.o(.text.SVC_Handler) for SVC_Handler
    startup_mspm0g350x_uvision.o(RESET) refers to port.o(.text.PendSV_Handler) for PendSV_Handler
    startup_mspm0g350x_uvision.o(RESET) refers to port.o(.text.SysTick_Handler) for SysTick_Handler
    startup_mspm0g350x_uvision.o(RESET) refers to mpu6050_task.o(.text.GROUP1_IRQHandler) for GROUP1_IRQHandler
    startup_mspm0g350x_uvision.o(RESET) refers to uart0_debug.o(.text.UART0_IRQHandler) for UART0_IRQHandler
    startup_mspm0g350x_uvision.o(.text) refers to entry.o(.ARM.Collect$$$$00000000) for __main
    empty.o(.text.main) refers to ti_msp_dl_config.o(.text.SYSCFG_DL_init) for SYSCFG_DL_init
    empty.o(.text.main) refers to led_task.o(.text.led_task_create) for led_task_create
    empty.o(.text.main) refers to motor_task.o(.text.motor_task_create) for motor_task_create
    empty.o(.text.main) refers to line_tracking_task.o(.text.line_tracking_task_create) for line_tracking_task_create
    empty.o(.text.main) refers to eight_ir_task.o(.text.eight_ir_task_create) for eight_ir_task_create
    empty.o(.text.main) refers to print_task.o(.text.print_task_create) for print_task_create
    empty.o(.text.main) refers to mpu6050_task.o(.text.mpu6050_task_create) for mpu6050_task_create
    empty.o(.text.main) refers to tasks.o(.text.vTaskStartScheduler) for vTaskStartScheduler
    empty.o(.ARM.exidx.text.main) refers to empty.o(.text.main) for [Anonymous Symbol]
    empty.o(.text.vApplicationGetIdleTaskMemory) refers to empty.o(.bss.vApplicationGetIdleTaskMemory.idle_task_tcb) for [Anonymous Symbol]
    empty.o(.text.vApplicationGetIdleTaskMemory) refers to empty.o(.bss.vApplicationGetIdleTaskMemory.idle_task_stack) for [Anonymous Symbol]
    empty.o(.ARM.exidx.text.vApplicationGetIdleTaskMemory) refers to empty.o(.text.vApplicationGetIdleTaskMemory) for [Anonymous Symbol]
    empty.o(.text.vApplicationGetTimerTaskMemory) refers to empty.o(.bss.vApplicationGetTimerTaskMemory.timer_task_tcb) for [Anonymous Symbol]
    empty.o(.text.vApplicationGetTimerTaskMemory) refers to empty.o(.bss.vApplicationGetTimerTaskMemory.timer_task_stack) for [Anonymous Symbol]
    empty.o(.ARM.exidx.text.vApplicationGetTimerTaskMemory) refers to empty.o(.text.vApplicationGetTimerTaskMemory) for [Anonymous Symbol]
    empty.o(.ARM.exidx.text.vApplicationStackOverflowHook) refers to empty.o(.text.vApplicationStackOverflowHook) for [Anonymous Symbol]
    ti_msp_dl_config.o(.text.SYSCFG_DL_init) refers to ti_msp_dl_config.o(.text.SYSCFG_DL_initPower) for SYSCFG_DL_initPower
    ti_msp_dl_config.o(.text.SYSCFG_DL_init) refers to ti_msp_dl_config.o(.text.SYSCFG_DL_GPIO_init) for SYSCFG_DL_GPIO_init
    ti_msp_dl_config.o(.text.SYSCFG_DL_init) refers to ti_msp_dl_config.o(.text.SYSCFG_DL_SYSCTL_init) for SYSCFG_DL_SYSCTL_init
    ti_msp_dl_config.o(.text.SYSCFG_DL_init) refers to ti_msp_dl_config.o(.text.SYSCFG_DL_PWM_0_init) for SYSCFG_DL_PWM_0_init
    ti_msp_dl_config.o(.text.SYSCFG_DL_init) refers to ti_msp_dl_config.o(.text.SYSCFG_DL_TIM_delay_ms_init) for SYSCFG_DL_TIM_delay_ms_init
    ti_msp_dl_config.o(.text.SYSCFG_DL_init) refers to ti_msp_dl_config.o(.text.SYSCFG_DL_I2C_0_init) for SYSCFG_DL_I2C_0_init
    ti_msp_dl_config.o(.text.SYSCFG_DL_init) refers to ti_msp_dl_config.o(.text.SYSCFG_DL_UART_DEBUG_init) for SYSCFG_DL_UART_DEBUG_init
    ti_msp_dl_config.o(.text.SYSCFG_DL_init) refers to ti_msp_dl_config.o(.bss.gPWM_0Backup) for gPWM_0Backup
    ti_msp_dl_config.o(.text.SYSCFG_DL_init) refers to ti_msp_dl_config.o(.bss.gTIM_delay_msBackup) for gTIM_delay_msBackup
    ti_msp_dl_config.o(.ARM.exidx.text.SYSCFG_DL_init) refers to ti_msp_dl_config.o(.text.SYSCFG_DL_init) for [Anonymous Symbol]
    ti_msp_dl_config.o(.text.SYSCFG_DL_initPower) refers to ti_msp_dl_config.o(.text.DL_GPIO_reset) for DL_GPIO_reset
    ti_msp_dl_config.o(.text.SYSCFG_DL_initPower) refers to ti_msp_dl_config.o(.text.DL_Timer_reset) for DL_Timer_reset
    ti_msp_dl_config.o(.text.SYSCFG_DL_initPower) refers to ti_msp_dl_config.o(.text.DL_I2C_reset) for DL_I2C_reset
    ti_msp_dl_config.o(.text.SYSCFG_DL_initPower) refers to ti_msp_dl_config.o(.text.DL_UART_reset) for DL_UART_reset
    ti_msp_dl_config.o(.text.SYSCFG_DL_initPower) refers to ti_msp_dl_config.o(.text.DL_GPIO_enablePower) for DL_GPIO_enablePower
    ti_msp_dl_config.o(.text.SYSCFG_DL_initPower) refers to ti_msp_dl_config.o(.text.DL_Timer_enablePower) for DL_Timer_enablePower
    ti_msp_dl_config.o(.text.SYSCFG_DL_initPower) refers to ti_msp_dl_config.o(.text.DL_I2C_enablePower) for DL_I2C_enablePower
[...]
    [Anonymous Symbol]                       0x202032a4   Section        0  heap_4.o(.bss.xStart)
    xSuspendedTaskList                       0x202032ac   Data          20  tasks.o(.bss.xSuspendedTaskList)
    [Anonymous Symbol]                       0x202032ac   Section        0  tasks.o(.bss.xSuspendedTaskList)
    xTasksWaitingTermination                 0x202032c0   Data          20  tasks.o(.bss.xTasksWaitingTermination)
    [Anonymous Symbol]                       0x202032c0   Section        0  tasks.o(.bss.xTasksWaitingTermination)
    xTickCount                               0x202032d4   Data           4  tasks.o(.bss.xTickCount)
    [Anonymous Symbol]                       0x202032d4   Section        0  tasks.o(.bss.xTickCount)
    xTimerQueue                              0x202032d8   Data           4  timers.o(.bss.xTimerQueue)
    [Anonymous Symbol]                       0x202032d8   Section        0  timers.o(.bss.xTimerQueue)
    xTimerTaskHandle                         0x202032dc   Data           4  timers.o(.bss.xTimerTaskHandle)
    [Anonymous Symbol]                       0x202032dc   Section        0  timers.o(.bss.xTimerTaskHandle)
    xYieldPending                            0x202032e0   Data           4  tasks.o(.bss.xYieldPending)
    [Anonymous Symbol]                       0x202032e0   Section        0  tasks.o(.bss.xYieldPending)
    STACK                                    0x202032e8   Section      512  startup_mspm0g350x_uvision.o(STACK)

    Global Symbols

    Symbol Name                              Value     Ov Type        Size  Object(Section)

    BuildAttributes$$THM_ISAv3M$S$PE$A:L22$X:L11$S22$IEEE1$IW$~IW$USESV6$~STKCKD$USESV7$~SHL$OTIME$ROPI$IEEEX$EBA8$MICROLIB$REQ8$PRES8$EABIv2 0x00000000   Number         0  anon$$obj.o ABSOLUTE
    __Vectors                                0x00000000   Data           4  startup_mspm0g350x_uvision.o(RESET)
    __cpp_initialize__aeabi_                  - Undefined Weak Reference
    __cxa_finalize                            - Undefined Weak Reference
    __decompress                              - Undefined Weak Reference
    _clock_init                               - Undefined Weak Reference
    _microlib_exit                            - Undefined Weak Reference
    __Vectors_End                            0x000000c0   Data           0  startup_mspm0g350x_uvision.o(RESET)
    __Vectors_Size                           0x000000c0   Number         0  startup_mspm0g350x_uvision.o ABSOLUTE
    __main                                   0x000000c1   Thumb Code     0  entry.o(.ARM.Collect$$$$00000000)
    _main_stk                                0x000000c1   Thumb Code     0  entry2.o(.ARM.Collect$$$$00000001)
    _main_scatterload                        0x000000c5   Thumb Code     0  entry5.o(.ARM.Collect$$$$00000004)
    __main_after_scatterload                 0x000000c9   Thumb Code     0  entry5.o(.ARM.Collect$$$$00000004)
    _main_clock                              0x000000c9   Thumb Code     0  entry7b.o(.ARM.Collect$$$$00000008)
    _main_cpp_init                           0x000000c9   Thumb Code     0  entry8b.o(.ARM.Collect$$$$0000000A)
    _main_init                               0x000000c9   Thumb Code     0  entry9a.o(.ARM.Collect$$$$0000000B)
    __rt_final_cpp                           0x000000d1   Thumb Code     0  entry10a.o(.ARM.Collect$$$$0000000D)
    __rt_final_exit                          0x000000d1   Thumb Code     0  entry11a.o(.ARM.Collect$$$$0000000F)
    Reset_Handler                            0x000000d5   Thumb Code     4  startup_mspm0g350x_uvision.o(.text)
    NMI_Handler                              0x000000d9   Thumb Code     2  startup_mspm0g350x_uvision.o(.text)
    HardFault_Handler                        0x000000db   Thumb Code     2  startup_mspm0g350x_uvision.o(.text)
    ADC0_IRQHandler                          0x000000e3   Thumb Code     0  startup_mspm0g350x_uvision.o(.text)
    ADC1_IRQHandler                          0x000000e3   Thumb Code     0  startup_mspm0g350x_uvision.o(.text)
    AES_IRQHandler                           0x000000e3   Thumb Code     0  startup_mspm0g350x_uvision.o(.text)
    CANFD0_IRQHandler                        0x000000e3   Thumb Code     0  startup_mspm0g350x_uvision.o(.text)
    DAC0_IRQHandler                          0x000000e3   Thumb Code     0  startup_mspm0g350x_uvision.o(.text)
    DMA_IRQHandler                           0x000000e3   Thumb Code     0  startup_mspm0g350x_uvision.o(.text)
    Default_Handler                          0x000000e3   Thumb Code     2  startup_mspm0g350x_uvision.o(.text)
    GROUP0_IRQHandler                        0x000000e3   Thumb Code     0  startup_mspm0g350x_uvision.o(.text)
    I2C0_IRQHandler                          0x000000e3   Thumb Code     0  startup_mspm0g350x_uvision.o(.text)
    I2C1_IRQHandler                          0x000000e3   Thumb Code     0  startup_mspm0g350x_uvision.o(.text)
    RTC_IRQHandler                           0x000000e3   Thumb Code     0  startup_mspm0g350x_uvision.o(.text)
    SPI0_IRQHandler                          0x000000e3   Thumb Code     0  startup_mspm0g350x_uvision.o(.text)
    SPI1_IRQHandler                          0x000000e3   Thumb Code     0  startup_mspm0g350x_uvision.o(.text)
    TIMA0_IRQHandler                         0x000000e3   Thumb Code     0  startup_mspm0g350x_uvision.o(.text)
    TIMA1_IRQHandler                         0x000000e3   Thumb Code     0  startup_mspm0g350x_uvision.o(.text)
    TIMG0_IRQHandler                         0x000000e3   Thumb Code     0  startup_mspm0g350x_uvision.o(.text)
    TIMG12_IRQHandler                        0x000000e3   Thumb Code     0  startup_mspm0g350x_uvision.o(.text)
    TIMG6_IRQHandler                         0x000000e3   Thumb Code     0  startup_mspm0g350x_uvision.o(.text)
    TIMG7_IRQHandler                         0x000000e3   Thumb Code     0  startup_mspm0g350x_uvision.o(.text)
    TIMG8_IRQHandler                         0x000000e3   Thumb Code     0  startup_mspm0g350x_uvision.o(.text)
    UART1_IRQHandler                         0x000000e3   Thumb Code     0  startup_mspm0g350x_uvision.o(.text)
    UART2_IRQHandler                         0x000000e3   Thumb Code     0  startup_mspm0g350x_uvision.o(.text)
    UART3_IRQHandler                         0x000000e3   Thumb Code     0  startup_mspm0g350x_uvision.o(.text)
    __aeabi_ldivmod                          0x000000e9   Thumb Code    76  ldiv.o(.text)
    __aeabi_lmul                             0x00000135   Thumb Code    48  llmul.o(.text)
    _ll_mul                                  0x00000135   Thumb Code     0  llmul.o(.text)
    __aeabi_memcpy                           0x00000165   Thumb Code    36  memcpya.o(.text)
    __aeabi_memcpy4                          0x00000165   Thumb Code     0  memcpya.o(.text)
    __aeabi_memcpy8                          0x00000165   Thumb Code     0  memcpya.o(.text)
    __aeabi_memset                           0x00000189   Thumb Code    14  memseta.o(.text)
    __aeabi_memset4                          0x00000189   Thumb Code     0  memseta.o(.text)
    __aeabi_memset8                          0x00000189   Thumb Code     0  memseta.o(.text)
    __aeabi_memclr                           0x00000197   Thumb Code     4  memseta.o(.text)
    __aeabi_memclr4                          0x00000197   Thumb Code     0  memseta.o(.text)
    __aeabi_memclr8                          0x00000197   Thumb Code     0  memseta.o(.text)
    _memset$wrapper                          0x0000019b   Thumb Code    18  memseta.o(.text)
    memcmp                                   0x000001ad   Thumb Code    26  memcmp.o(.text)
    __aeabi_fadd                             0x000001c7   Thumb Code   162  fadd.o(.text)
    __aeabi_fsub                             0x00000269   Thumb Code     8  fadd.o(.text)
    __aeabi_frsub                            0x00000271   Thumb Code     8  fadd.o(.text)
    __aeabi_fmul                             0x00000279   Thumb Code   122  fmul.o(.text)
    __aeabi_fdiv                             0x000002f3   Thumb Code   124  fdiv.o(.text)
    __aeabi_dadd                             0x00000371   Thumb Code   328  dadd.o(.text)
    __aeabi_dsub                             0x000004b9   Thumb Code    12  dadd.o(.text)
    __aeabi_drsub                            0x000004c5   Thumb Code    12  dadd.o(.text)
    __aeabi_dmul                             0x000004d5   Thumb Code   202  dmul.o(.text)
    __aeabi_fcmple                           0x000005a5   Thumb Code    28  fcmple.o(.text)
    __aeabi_fcmplt                           0x000005c1   Thumb Code    28  fcmplt.o(.text)
    __aeabi_fcmpge                           0x000005dd   Thumb Code    28  fcmpge.o(.text)
    __aeabi_fcmpgt                           0x000005f9   Thumb Code    28  fcmpgt.o(.text)
    __aeabi_fcmpeq                           0x00000615   Thumb Code    28  fcmpeq.o(.text)
    __aeabi_i2f                              0x00000631   Thumb Code    22  fflti.o(.text)
    __aeabi_ui2f                             0x00000647   Thumb Code    14  ffltui.o(.text)
    __aeabi_f2iz                             0x00000655   Thumb Code    50  ffixi.o(.text)
    __aeabi_uidiv                            0x00000687   Thumb Code     0  uidiv_div0.o(.text)
    __aeabi_uidivmod                         0x00000687   Thumb Code    62  uidiv_div0.o(.text)
    __aeabi_idiv                             0x000006c5   Thumb Code     0  idiv_div0.o(.text)
    __aeabi_idivmod$div0                     0x000006c5   Thumb Code    74  idiv_div0.o(.text)
    __aeabi_uldivmod                         0x00000715   Thumb Code    96  uldiv.o(.text)
    __aeabi_llsl                             0x00000775   Thumb Code    32  llshl.o(.text)
    _ll_shift_l                              0x00000775   Thumb Code     0  llshl.o(.text)
    __aeabi_lasr                             0x00000795   Thumb Code    38  llsshr.o(.text)
    _ll_sshift_r                             0x00000795   Thumb Code     0  llsshr.o(.text)
    __I$use$fp                               0x000007bb   Thumb Code     0  iusefp.o(.text)
    _float_round                             0x000007bb   Thumb Code    16  fepilogue.o(.text)
    _float_epilogue                          0x000007cb   Thumb Code   114  fepilogue.o(.text)
    __ARM_scalbnf                            0x0000083d   Thumb Code    24  fscalb.o(.text)
    scalbnf                                  0x0000083d   Thumb Code     0  fscalb.o(.text)
    _double_round                            0x00000855   Thumb Code    26  depilogue.o(.text)
    _double_epilogue                         0x0000086f   Thumb Code   164  depilogue.o(.text)
    __aeabi_ddiv                             0x00000915   Thumb Code   234  ddiv.o(.text)
    __aeabi_d2ulz                            0x00000a05   Thumb Code    54  dfixul.o(.text)
    __aeabi_cdrcmple                         0x00000a45   Thumb Code    38  cdrcmple.o(.text)
    __scatterload                            0x00000a71   Thumb Code    38  init.o(.text)
    __scatterload_rt2                        0x00000a71   Thumb Code     0  init.o(.text)
    __aeabi_llsr                             0x00000aa1   Thumb Code    34  llushr.o(.text)
    _ll_ushift_r                             0x00000aa1   Thumb Code     0  llushr.o(.text)
    _fsqrt                                   0x00000ac3   Thumb Code    88  fsqrt.o(.text)
    DL_Common_delayCycles                    0x00000b1b   Thumb Code    10  dl_common.o(.text.DL_Common_delayCycles)
    DL_I2C_fillControllerTXFIFO              0x00000f4d   Thumb Code    44  dl_i2c.o(.text.DL_I2C_fillControllerTXFIFO)
    DL_I2C_flushControllerRXFIFO             0x00000f79   Thumb Code    28  dl_i2c.o(.text.DL_I2C_flushControllerRXFIFO)
    DL_I2C_flushControllerTXFIFO             0x00000f95   Thumb Code    36  dl_i2c.o(.text.DL_I2C_flushControllerTXFIFO)
    DL_I2C_setClockConfig                    0x0000108f   Thumb Code    38  dl_i2c.o(.text.DL_I2C_setClockConfig)
    DL_Timer_initFourCCPWMMode               0x00001209   Thumb Code   264  dl_timer.o(.text.DL_Timer_initFourCCPWMMode)
    DL_Timer_initTimerMode                   0x00001311   Thumb Code   232  dl_timer.o(.text.DL_Timer_initTimerMode)
    DL_Timer_setCaptCompUpdateMethod         0x00001425   Thumb Code    28  dl_timer.o(.text.DL_Timer_setCaptCompUpdateMethod)
    DL_Timer_setCaptureCompareOutCtl         0x00001441   Thumb Code    24  dl_timer.o(.text.DL_Timer_setCaptureCompareOutCtl)
    DL_Timer_setCaptureCompareValue          0x00001459   Thumb Code    16  dl_timer.o(.text.DL_Timer_setCaptureCompareValue)
    DL_Timer_setClockConfig                  0x00001469   Thumb Code    28  dl_timer.o(.text.DL_Timer_setClockConfig)
    DL_UART_init                             0x00001561   Thumb Code    72  dl_uart.o(.text.DL_UART_init)
    DL_UART_setClockConfig                   0x00001639   Thumb Code    18  dl_uart.o(.text.DL_UART_setClockConfig)
    DMP_Init                                 0x00001681   Thumb Code   244  mpu6050.o(.text.DMP_Init)
    GROUP1_IRQHandler                        0x00001779   Thumb Code    92  mpu6050_task.o(.text.GROUP1_IRQHandler)
    IICreadBytes                             0x000017e1   Thumb Code    44  mpu6050.o(.text.IICreadBytes)
    IICwriteBit                              0x0000180d   Thumb Code   134  mpu6050.o(.text.IICwriteBit)
    IICwriteBits                             0x00001893   Thumb Code   162  mpu6050.o(.text.IICwriteBits)
    MPU6050_getDeviceID                      0x00001935   Thumb Code    28  mpu6050.o(.text.MPU6050_getDeviceID)
    MPU6050_initialize                       0x00001955   Thumb Code    72  mpu6050.o(.text.MPU6050_initialize)
    MPU6050_setClockSource                   0x0000199d   Thumb Code    30  mpu6050.o(.text.MPU6050_setClockSource)
    MPU6050_setFullScaleAccelRange           0x000019bb   Thumb Code    30  mpu6050.o(.text.MPU6050_setFullScaleAccelRange)
    MPU6050_setFullScaleGyroRange            0x000019d9   Thumb Code    30  mpu6050.o(.text.MPU6050_setFullScaleGyroRange)
    MPU6050_setI2CBypassEnabled              0x000019f7   Thumb Code    26  mpu6050.o(.text.MPU6050_setI2CBypassEnabled)
    MPU6050_setI2CMasterModeEnabled          0x00001a11   Thumb Code    26  mpu6050.o(.text.MPU6050_setI2CMasterModeEnabled)
    MPU6050_setSleepEnabled                  0x00001a2b   Thumb Code    26  mpu6050.o(.text.MPU6050_setSleepEnabled)
    PendSV_Handler                           0x00001a51   Thumb Code    68  port.o(.text.PendSV_Handler)
    SVC_Handler                              0x00001a95   Thumb Code     2  port.o(.text.SVC_Handler)
    SYSCFG_DL_GPIO_init                      0x00001a99   Thumb Code   380  ti_msp_dl_config.o(.text.SYSCFG_DL_GPIO_init)
    SYSCFG_DL_I2C_0_init                     0x00001c19   Thumb Code    80  ti_msp_dl_config.o(.text.SYSCFG_DL_I2C_0_init)
    SYSCFG_DL_PWM_0_init                     0x00001c6d   Thumb Code   128  ti_msp_dl_config.o(.text.SYSCFG_DL_PWM_0_init)
    SYSCFG_DL_SYSCTL_init                    0x00001cf5   Thumb Code    42  ti_msp_dl_config.o(.text.SYSCFG_DL_SYSCTL_init)
    SYSCFG_DL_TIM_delay_ms_init              0x00001d21   Thumb Code    32  ti_msp_dl_config.o(.text.SYSCFG_DL_TIM_delay_ms_init)
    SYSCFG_DL_UART_DEBUG_init                0x00001d49   Thumb Code    68  ti_msp_dl_config.o(.text.SYSCFG_DL_UART_DEBUG_init)
    SYSCFG_DL_init                           0x00001d95   Thumb Code    44  ti_msp_dl_config.o(.text.SYSCFG_DL_init)
    SYSCFG_DL_initPower                      0x00001dc9   Thumb Code   100  ti_msp_dl_config.o(.text.SYSCFG_DL_initPower)
    SysTick_Handler                          0x00001e41   Thumb Code    40  port.o(.text.SysTick_Handler)
    UART0_IRQHandler                         0x00001e6d   Thumb Code    40  uart0_debug.o(.text.UART0_IRQHandler)
    board_led_on                             0x000020ad   Thumb Code    20  board_led.o(.text.board_led_on)
    board_led_toggle                         0x000020c1   Thumb Code    40  board_led.o(.text.board_led_toggle)
    debug_uart_init                          0x000021f9   Thumb Code    22  uart0_debug.o(.text.debug_uart_init)
    delay_us                                 0x000022c5   Thumb Code    60  tim_delay.o(.text.delay_us)
    dmp_enable_6x_lp_quat                    0x00002305   Thumb Code    64  inv_mpu_dmp_motion_driver.o(.text.dmp_enable_6x_lp_quat)
    dmp_enable_feature                       0x0000234d   Thumb Code   608  inv_mpu_dmp_motion_driver.o(.text.dmp_enable_feature)
    dmp_enable_gyro_cal                      0x000025c5   Thumb Code    80  inv_mpu_dmp_motion_driver.o(.text.dmp_enable_gyro_cal)
    dmp_enable_lp_quat                       0x00002625   Thumb Code    64  inv_mpu_dmp_motion_driver.o(.text.dmp_enable_lp_quat)
    dmp_load_motion_driver_firmware          0x0000266d   Thumb Code    20  inv_mpu_dmp_motion_driver.o(.text.dmp_load_motion_driver_firmware)
    dmp_read_fifo                            0x00002689   Thumb Code   492  inv_mpu_dmp_motion_driver.o(.text.dmp_read_fifo)
    dmp_set_accel_bias                       0x0000287d   Thumb Code   260  inv_mpu_dmp_motion_driver.o(.text.dmp_set_accel_bias)
    dmp_set_fifo_rate                        0x00002985   Thumb Code   128  inv_mpu_dmp_motion_driver.o(.text.dmp_set_fifo_rate)
    dmp_set_gyro_bias                        0x00002a1d   Thumb Code   304  inv_mpu_dmp_motion_driver.o(.text.dmp_set_gyro_bias)
    dmp_set_orientation                      0x00002b55   Thumb Code   344  inv_mpu_dmp_motion_driver.o(.text.dmp_set_orientation)
    dmp_set_shake_reject_thresh              0x00002ccd   Thumb Code    68  inv_mpu_dmp_motion_driver.o(.text.dmp_set_shake_reject_thresh)
    dmp_set_shake_reject_time                0x00002d11   Thumb Code    50  inv_mpu_dmp_motion_driver.o(.text.dmp_set_shake_reject_time)
    dmp_set_shake_reject_timeout             0x00002d43   Thumb Code    50  inv_mpu_dmp_motion_driver.o(.text.dmp_set_shake_reject_timeout)
    dmp_set_tap_axes                         0x00002d75   Thumb Code   102  inv_mpu_dmp_motion_driver.o(.text.dmp_set_tap_axes)
    dmp_set_tap_count                        0x00002ddb   Thumb Code    68  inv_mpu_dmp_motion_driver.o(.text.dmp_set_tap_count)
    dmp_set_tap_thresh                       0x00002e21   Thumb Code   544  inv_mpu_dmp_motion_driver.o(.text.dmp_set_tap_thresh)
    dmp_set_tap_time                         0x00003059   Thumb Code    48  inv_mpu_dmp_motion_driver.o(.text.dmp_set_tap_time)
    dmp_set_tap_time_multi                   0x00003089   Thumb Code    48  inv_mpu_dmp_motion_driver.o(.text.dmp_set_tap_time_multi)
    eight_ir_init                            0x000030b9   Thumb Code    10  eight_ir.o(.text.eight_ir_init)
    eight_ir_read                            0x000030c3   Thumb Code   112  eight_ir.o(.text.eight_ir_read)
    eight_ir_task_create                     0x0000316d   Thumb Code    36  eight_ir_task.o(.text.eight_ir_task_create)
    fputc                                    0x000031a1   Thumb Code    40  uart0_debug.o(.text.fputc)
    i2cRead                                  0x0000388d   Thumb Code    40  mpu6050.o(.text.i2cRead)
    led_task_create                          0x00003a39   Thumb Code    32  led_task.o(.text.led_task_create)
    line_tracking_get_default_config         0x00003a69   Thumb Code    92  line_tracking.o(.text.line_tracking_get_default_config)
    line_tracking_init                       0x00003ae1   Thumb Code    92  line_tracking.o(.text.line_tracking_init)
    line_tracking_reset                      0x00003b3d   Thumb Code    38  line_tracking.o(.text.line_tracking_reset)
    line_tracking_task_create                0x00003cad   Thumb Code    40  line_tracking_task.o(.text.line_tracking_task_create)
    line_tracking_task_notify_sensor_update  0x00003ce5   Thumb Code    36  line_tracking_task.o(.text.line_tracking_task_notify_sensor_update)
    line_tracking_update                     0x00003d0d   Thumb Code  1356  line_tracking.o(.text.line_tracking_update)
    main                                     0x0000426d   Thumb Code    44  empty.o(.text.main)
    motor_init                               0x00004331   Thumb Code    24  motor.o(.text.motor_init)
    motor_set_speed                          0x00004349   Thumb Code    46  motor.o(.text.motor_set_speed)
    motor_standby                            0x00004379   Thumb Code    48  motor.o(.text.motor_standby)
    motor_task_create                        0x000043ed   Thumb Code    64  motor_task.o(.text.motor_task_create)
    motor_task_set_target                    0x00004445   Thumb Code    72  motor_task.o(.text.motor_task_set_target)
    mpu6050_port_delay_ms                    0x00004491   Thumb Code    78  mpu6050_port.o(.text.mpu6050_port_delay_ms)
    mpu6050_port_get_ms                      0x000044df   Thumb Code    28  mpu6050_port.o(.text.mpu6050_port_get_ms)
    mpu6050_port_init                        0x000044fd   Thumb Code    52  mpu6050_port.o(.text.mpu6050_port_init)
    mpu6050_port_read                        0x00004531   Thumb Code    92  mpu6050_port.o(.text.mpu6050_port_read)
    mpu6050_port_recover_bus                 0x0000458d   Thumb Code   220  mpu6050_port.o(.text.mpu6050_port_recover_bus)
    mpu6050_port_write                       0x0000466d   Thumb Code   132  mpu6050_port.o(.text.mpu6050_port_write)
    mpu6050_task_create                      0x0000479d   Thumb Code    56  mpu6050_task.o(.text.mpu6050_task_create)
    mpu_configure_fifo                       0x000047f1   Thumb Code   184  inv_mpu.o(.text.mpu_configure_fifo)
    mpu_get_accel_fsr                        0x000048a9   Thumb Code   112  inv_mpu.o(.text.mpu_get_accel_fsr)
    mpu_get_accel_sens                       0x00004919   Thumb Code   120  inv_mpu.o(.text.mpu_get_accel_sens)
    mpu_get_fifo_config                      0x00004995   Thumb Code    20  inv_mpu.o(.text.mpu_get_fifo_config)
    mpu_get_gyro_fsr                         0x000049a9   Thumb Code    92  inv_mpu.o(.text.mpu_get_gyro_fsr)
    mpu_get_gyro_sens                        0x00004a05   Thumb Code    92  inv_mpu.o(.text.mpu_get_gyro_sens)
    mpu_get_lpf                              0x00004a71   Thumb Code   120  inv_mpu.o(.text.mpu_get_lpf)
    mpu_get_sample_rate                      0x00004ae9   Thumb Code    48  inv_mpu.o(.text.mpu_get_sample_rate)
    mpu_init                                 0x00004b1d   Thumb Code   492  inv_mpu.o(.text.mpu_init)
    mpu_load_firmware                        0x00004d11   Thumb Code   288  inv_mpu.o(.text.mpu_load_firmware)
    mpu_lp_accel_mode                        0x00004e35   Thumb Code   268  inv_mpu.o(.text.mpu_lp_accel_mode)
    mpu_read_fifo_stream                     0x00004f45   Thumb Code   260  inv_mpu.o(.text.mpu_read_fifo_stream)
    mpu_read_mem                             0x00005049   Thumb Code   168  inv_mpu.o(.text.mpu_read_mem)
    mpu_reset_fifo                           0x000050f5   Thumb Code   540  inv_mpu.o(.text.mpu_reset_fifo)
    mpu_run_self_test                        0x00005315   Thumb Code   364  inv_mpu.o(.text.mpu_run_self_test)
    mpu_set_accel_fsr                        0x00005489   Thumb Code   224  inv_mpu.o(.text.mpu_set_accel_fsr)
    mpu_set_bypass                           0x0000556d   Thumb Code   412  inv_mpu.o(.text.mpu_set_bypass)
    mpu_set_dmp_state                        0x0000570d   Thumb Code   180  inv_mpu.o(.text.mpu_set_dmp_state)
    mpu_set_gyro_fsr                         0x000057c5   Thumb Code   192  inv_mpu.o(.text.mpu_set_gyro_fsr)
    mpu_set_int_latched                      0x00005889   Thumb Code   152  inv_mpu.o(.text.mpu_set_int_latched)
    mpu_set_lpf                              0x00005925   Thumb Code   204  inv_mpu.o(.text.mpu_set_lpf)
    mpu_set_sample_rate                      0x000059f5   Thumb Code   228  inv_mpu.o(.text.mpu_set_sample_rate)
    mpu_set_sensors                          0x00005ae1   Thumb Code   300  inv_mpu.o(.text.mpu_set_sensors)
    mpu_write_mem                            0x00005c11   Thumb Code   168  inv_mpu.o(.text.mpu_write_mem)
    myget_ms                                 0x00005cbd   Thumb Code    16  inv_mpu.o(.text.myget_ms)
    pid_calculate                            0x00005ccd   Thumb Code   202  pid.o(.text.pid_calculate)
    pid_init                                 0x00005d97   Thumb Code    66  pid.o(.text.pid_init)
    pid_reset                                0x00005dd9   Thumb Code    36  pid.o(.text.pid_reset)
    print_task_create                        0x00005e91   Thumb Code    32  print_task.o(.text.print_task_create)
    pxPortInitialiseStack                    0x00006a8d   Thumb Code    72  port.o(.text.pxPortInitialiseStack)
    set_int_enable                           0x00006f45   Thumb Code   208  inv_mpu.o(.text.set_int_enable)
    ulSetInterruptMaskFromISR                0x00007245   Thumb Code     8  port.o(.text.ulSetInterruptMaskFromISR)
    ulTaskGenericNotifyTake                  0x0000724d   Thumb Code   188  tasks.o(.text.ulTaskGenericNotifyTake)
    uxListRemove                             0x0000730d   Thumb Code    72  list.o(.text.uxListRemove)
    vApplicationGetIdleTaskMemory            0x00007355   Thumb Code    32  empty.o(.text.vApplicationGetIdleTaskMemory)
    vApplicationGetTimerTaskMemory           0x0000737d   Thumb Code    32  empty.o(.text.vApplicationGetTimerTaskMemory)
    vApplicationStackOverflowHook            0x000073a5   Thumb Code    10  empty.o(.text.vApplicationStackOverflowHook)
    vClearInterruptMaskFromISR               0x000073af   Thumb Code     6  port.o(.text.vClearInterruptMaskFromISR)
    vListInitialise                          0x000073b5   Thumb Code    44  list.o(.text.vListInitialise)
    vListInitialiseItem                      0x000073e1   Thumb Code    14  list.o(.text.vListInitialiseItem)
    vListInsert                              0x000073ef   Thumb Code   108  list.o(.text.vListInsert)
    vListInsertEnd                           0x0000745b   Thumb Code    58  list.o(.text.vListInsertEnd)
    vPortEnterCritical                       0x00007495   Thumb Code    20  port.o(.text.vPortEnterCritical)
    vPortExitCritical                        0x000074a9   Thumb Code    40  port.o(.text.vPortExitCritical)
    vPortFree                                0x000074d5   Thumb Code   148  heap_4.o(.text.vPortFree)
    vPortSetupTimerInterrupt                 0x00007575   Thumb Code    24  port.o(.text.vPortSetupTimerInterrupt)
    vPortYield                               0x000075d5   Thumb Code    20  port.o(.text.vPortYield)
    vQueueWaitForMessageRestricted           0x000075ed   Thumb Code   106  queue.o(.text.vQueueWaitForMessageRestricted)
    vTaskDelay                               0x00007659   Thumb Code    76  tasks.o(.text.vTaskDelay)
    vTaskGenericNotifyGiveFromISR            0x000076a5   Thumb Code   240  tasks.o(.text.vTaskGenericNotifyGiveFromISR)
    vTaskInternalSetTimeOutState             0x00007799   Thumb Code    24  tasks.o(.text.vTaskInternalSetTimeOutState)
    vTaskMissedYield                         0x000077b5   Thumb Code     8  tasks.o(.text.vTaskMissedYield)
    vTaskPlaceOnEventList                    0x000077bd   Thumb Code    48  tasks.o(.text.vTaskPlaceOnEventList)
    vTaskPlaceOnEventListRestricted          0x000077ed   Thumb Code    64  tasks.o(.text.vTaskPlaceOnEventListRestricted)
    vTaskStartScheduler                      0x0000782d   Thumb Code   160  tasks.o(.text.vTaskStartScheduler)
    vTaskSuspendAll                          0x000078e9   Thumb Code    12  tasks.o(.text.vTaskSuspendAll)
    vTaskSwitchContext                       0x000078f5   Thumb Code   212  tasks.o(.text.vTaskSwitchContext)
    xPortStartScheduler                      0x00007a5d   Thumb Code    56  port.o(.text.xPortStartScheduler)
    xQueueGenericCreateStatic                0x00007a9d   Thumb Code   192  queue.o(.text.xQueueGenericCreateStatic)
    xQueueGenericReset                       0x00007b5d   Thumb Code   160  queue.o(.text.xQueueGenericReset)
    xQueueGenericSend                        0x00007bfd   Thumb Code   466  queue.o(.text.xQueueGenericSend)
    xQueueGenericSendFromISR                 0x00007dcf   Thumb Code   288  queue.o(.text.xQueueGenericSendFromISR)
    xQueueReceive                            0x00007eef   Thumb Code   420  queue.o(.text.xQueueReceive)
    xTaskCheckForTimeOut                     0x00008095   Thumb Code   172  tasks.o(.text.xTaskCheckForTimeOut)
    xTaskCreateStatic                        0x00008145   Thumb Code   148  tasks.o(.text.xTaskCreateStatic)
    xTaskDelayUntil                          0x000081d9   Thumb Code   212  tasks.o(.text.xTaskDelayUntil)
    xTaskGenericNotify                       0x000082ad   Thumb Code   360  tasks.o(.text.xTaskGenericNotify)
    xTaskGetSchedulerState                   0x00008415   Thumb Code    48  tasks.o(.text.xTaskGetSchedulerState)
    xTaskGetTickCount                        0x00008449   Thumb Code    16  tasks.o(.text.xTaskGetTickCount)
    xTaskIncrementTick                       0x0000845d   Thumb Code   300  tasks.o(.text.xTaskIncrementTick)
    xTaskPriorityDisinherit                  0x000085a1   Thumb Code   184  tasks.o(.text.xTaskPriorityDisinherit)
    xTaskRemoveFromEventList                 0x00008659   Thumb Code   148  tasks.o(.text.xTaskRemoveFromEventList)
    xTaskResumeAll                           0x000086fd   Thumb Code   276  tasks.o(.text.xTaskResumeAll)
    xTimerCreateTimerTask                    0x00008831   Thumb Code   108  timers.o(.text.xTimerCreateTimerTask)
    xTimerGenericCommand                     0x000088a9   Thumb Code   140  timers.o(.text.xTimerGenericCommand)
    __0printf                                0x00008939   Thumb Code    24  printfa.o(i.__0printf)
    __1printf                                0x00008939   Thumb Code     0  printfa.o(i.__0printf)
    __2printf                                0x00008939   Thumb Code     0  printfa.o(i.__0printf)
    __c89printf                              0x00008939   Thumb Code     0  printfa.o(i.__0printf)
    printf                                   0x00008939   Thumb Code     0  printfa.o(i.__0printf)
    __ARM_clz                                0x00008959   Thumb Code    46  depilogue.o(i.__ARM_clz)
    __ARM_fpclassifyf                        0x00008987   Thumb Code    34  fpclassifyf.o(i.__ARM_fpclassifyf)
    __mathlib_flt_infnan                     0x000089a9   Thumb Code    10  funder.o(i.__mathlib_flt_infnan)
    __mathlib_flt_infnan2                    0x000089b3   Thumb Code     8  funder.o(i.__mathlib_flt_infnan2)
    __mathlib_flt_invalid                    0x000089bb   Thumb Code    12  funder.o(i.__mathlib_flt_invalid)
    __mathlib_flt_underflow                  0x000089c7   Thumb Code    14  funder.o(i.__mathlib_flt_underflow)
    __scatterload_copy                       0x000089d9   Thumb Code    14  handlers.o(i.__scatterload_copy)
    __scatterload_null                       0x000089e9   Thumb Code     2  handlers.o(i.__scatterload_null)
    __scatterload_zeroinit                   0x000089f1   Thumb Code    14  handlers.o(i.__scatterload_zeroinit)
    __set_errno                              0x00008a01   Thumb Code     6  errno.o(i.__set_errno)
    asinf                                    0x000092b9   Thumb Code   242  asinf.o(i.asinf)
    atan2f                                   0x000093d1   Thumb Code   592  atan2f.o(i.atan2f)
    sqrtf                                    0x0000966d   Thumb Code    44  sqrtf.o(i.sqrtf)
    hw                                       0x0000a2c0   Data          12  inv_mpu.o(.rodata.hw)
    reg                                      0x0000a2f4   Data          27  inv_mpu.o(.rodata.reg)
    test                                     0x0000a37c   Data          40  inv_mpu.o(.rodata.test)
    uxTopUsedPriority                        0x0000a3a4   Data           4  tasks.o(.rodata.uxTopUsedPriority)
    Region$$Table$$Base                      0x0000a3a8   Number         0  anon$$obj.o(Region$$Table)
    Region$$Table$$Limit                     0x0000a3c8   Number         0  anon$$obj.o(Region$$Table)
    __stdout                                 0x20200000   Data           4  stdout.o(.data)
    buffer                                   0x20200049   Data          14  mpu6050.o(.bss.buffer)
    debug_uart0                              0x20200058   Data         132  uart0_debug.o(.bss.debug_uart0)
    gPWM_0Backup                             0x2020054c   Data         188  ti_msp_dl_config.o(.bss.gPWM_0Backup)
    gTIM_delay_msBackup                      0x20200608   Data         188  ti_msp_dl_config.o(.bss.gTIM_delay_msBackup)
    ir_data                                  0x202006c4   Data           9  eight_ir_task.o(.bss.ir_data)
    mpu6050                                  0x2020124c   Data          24  mpu6050.o(.bss.mpu6050)
    pxCurrentTCB                             0x20202c6c   Data           4  tasks.o(.bss.pxCurrentTCB)
    __initial_sp                             0x202034e8   Data           0  startup_mspm0g350x_uvision.o(STACK)



==============================================================================

Memory Map of the image

  Image Entry point : 0x000000c1

  Load Region LR_IROM1 (Base: 0x00000000, Size: 0x0000a410, Max: 0x00020000, ABSOLUTE)

    Execution Region ER_IROM1 (Exec base: 0x00000000, Load base: 0x00000000, Size: 0x0000a3c8, Max: 0x00020000, ABSOLUTE)

    Exec Addr    Load Addr    Size         Type   Attr      Idx    E Section Name        Object

    0x00000000   0x00000000   0x000000c0   Data   RO            3    RESET               startup_mspm0g350x_uvision.o
    0x000000c0   0x000000c0   0x00000000   Code   RO         1415  * .ARM.Collect$$$$00000000  mc_p.l(entry.o)
    0x000000c0   0x000000c0   0x00000004   Code   RO         1544    .ARM.Collect$$$$00000001  mc_p.l(entry2.o)
    0x000000c4   0x000000c4   0x00000004   Code   RO         1547    .ARM.Collect$$$$00000004  mc_p.l(entry5.o)
    0x000000c8   0x000000c8   0x00000000   Code   RO         1549    .ARM.Collect$$$$00000008  mc_p.l(entry7b.o)
    0x000000c8   0x000000c8   0x00000000   Code   RO         1551    .ARM.Collect$$$$0000000A  mc_p.l(entry8b.o)
    0x000000c8   0x000000c8   0x00000008   Code   RO         1552    .ARM.Collect$$$$0000000B  mc_p.l(entry9a.o)
    0x000000d0   0x000000d0   0x00000000   Code   RO         1554    .ARM.Collect$$$$0000000D  mc_p.l(entry10a.o)
    0x000000d0   0x000000d0   0x00000000   Code   RO         1556    .ARM.Collect$$$$0000000F  mc_p.l(entry11a.o)
    0x000000d0   0x000000d0   0x00000004   Code   RO         1545    .ARM.Collect$$$$00002712  mc_p.l(entry2.o)
    0x000000d4   0x000000d4   0x00000014   Code   RO            4    .text               startup_mspm0g350x_uvision.o
    0x000000e8   0x000000e8   0x0000004c   Code   RO         1426    .text               mc_p.l(ldiv.o)
    0x00000134   0x00000134   0x00000030   Code   RO         1428    .text               mc_p.l(llmul.o)
    0x00000164   0x00000164   0x00000024   Code   RO         1430    .text               mc_p.l(memcpya.o)
    0x00000188   0x00000188   0x00000024   Code   RO         1432    .text               mc_p.l(memseta.o)
    0x000001ac   0x000001ac   0x0000001a   Code   RO         1434    .text               mc_p.l(memcmp.o)
    0x000001c6   0x000001c6   0x000000b2   Code   RO         1466    .text               mf_p.l(fadd.o)
    0x00000278   0x00000278   0x0000007a   Code   RO         1468    .text               mf_p.l(fmul.o)
    0x000002f2   0x000002f2   0x0000007c   Code   RO         1470    .text               mf_p.l(fdiv.o)
    0x0000036e   0x0000036e   0x00000002   PAD
    0x00000370   0x00000370   0x00000164   Code   RO         1472    .text               mf_p.l(dadd.o)
    0x000004d4   0x000004d4   0x000000d0   Code   RO         1474    .text               mf_p.l(dmul.o)
    0x000005a4   0x000005a4   0x0000001c   Code   RO         1476    .text               mf_p.l(fcmple.o)
    0x000005c0   0x000005c0   0x0000001c   Code   RO         1478    .text               mf_p.l(fcmplt.o)
    0x000005dc   0x000005dc   0x0000001c   Code   RO         1480    .text               mf_p.l(fcmpge.o)
    0x000005f8   0x000005f8   0x0000001c   Code   RO         1482    .text               mf_p.l(fcmpgt.o)
    0x00000614   0x00000614   0x0000001c   Code   RO         1484    .text               mf_p.l(fcmpeq.o)
    0x00000630   0x00000630   0x00000016   Code   RO         1486    .text               mf_p.l(fflti.o)
    0x00000646   0x00000646   0x0000000e   Code   RO         1488    .text               mf_p.l(ffltui.o)
    0x00000654   0x00000654   0x00000032   Code   RO         1490    .text               mf_p.l(ffixi.o)
    0x00000686   0x00000686   0x0000003e   Code   RO         1563    .text               mc_p.l(uidiv_div0.o)
    0x000006c4   0x000006c4   0x00000050   Code   RO         1565    .text               mc_p.l(idiv_div0.o)
    0x00000714   0x00000714   0x00000060   Code   RO         1569    .text               mc_p.l(uldiv.o)
    0x00000774   0x00000774   0x00000020   Code   RO         1571    .text               mc_p.l(llshl.o)
    0x00000794   0x00000794   0x00000026   Code   RO         1573    .text               mc_p.l(llsshr.o)
    0x000007ba   0x000007ba   0x00000000   Code   RO         1582    .text               mc_p.l(iusefp.o)
    0x000007ba   0x000007ba   0x00000082   Code   RO         1583    .text               mf_p.l(fepilogue.o)
    0x0000083c   0x0000083c   0x00000018   Code   RO         1585    .text               mf_p.l(fscalb.o)
    0x00000854   0x00000854   0x000000be   Code   RO         1587    .text               mf_p.l(depilogue.o)
    0x00000912   0x00000912   0x00000002   PAD
    0x00000914   0x00000914   0x000000f0   Code   RO         1591    .text               mf_p.l(ddiv.o)
    0x00000a04   0x00000a04   0x00000040   Code   RO         1595    .text               mf_p.l(dfixul.o)
    0x00000a44   0x00000a44   0x00000028   Code   RO         1599    .text               mf_p.l(cdrcmple.o)
    0x00000a6c   0x00000a6c   0x00000004   PAD
    0x00000a70   0x00000a70   0x00000030   Code   RO         1601    .text               mc_p.l(init.o)
    0x00000aa0   0x00000aa0   0x00000022   Code   RO         1603    .text               mc_p.l(llushr.o)
    0x00000ac2   0x00000ac2   0x00000058   Code   RO         1605    .text               mf_p.l(fsqrt.o)
    0x00000b1a   0x00000b1a   0x0000000a   Code   RO         1217    .text.DL_Common_delayCycles  driverlib.a(dl_common.o)
    0x00000b24   0x00000b24   0x00000028   Code   RO          135    .text.DL_Common_updateReg  ti_msp_dl_config.o
    0x00000b4c   0x00000b4c   0x00000028   Code   RO         1087    .text.DL_Common_updateReg  mpu6050_port.o
    0x00000b74   0x00000b74   0x00000018   Code   RO           85    .text.DL_GPIO_clearInterruptStatus  ti_msp_dl_config.o
    0x00000b8c   0x00000b8c   0x00000018   Code   RO         1179    .text.DL_GPIO_clearInterruptStatus  mpu6050_task.o
    0x00000ba4   0x00000ba4   0x00000014   Code   RO           81    .text.DL_GPIO_clearPins  ti_msp_dl_config.o
    0x00000bb8   0x00000bb8   0x00000014   Code   RO          719    .text.DL_GPIO_clearPins  board_led.o
    0x00000bcc   0x00000bcc   0x00000014   Code   RO          753    .text.DL_GPIO_clearPins  eight_ir.o
    0x00000be0   0x00000be0   0x00000014   Code   RO          772    .text.DL_GPIO_clearPins  motor.o
    0x00000bf4   0x00000bf4   0x00000014   Code   RO         1065    .text.DL_GPIO_clearPins  mpu6050_port.o
    0x00000c08   0x00000c08   0x00000018   Code   RO           73    .text.DL_GPIO_enableHiZ  ti_msp_dl_config.o
    0x00000c20   0x00000c20   0x00000018   Code   RO         1069    .text.DL_GPIO_enableHiZ  mpu6050_port.o
    0x00000c38   0x00000c38   0x0000001c   Code   RO           87    .text.DL_GPIO_enableInterrupt  ti_msp_dl_config.o
    0x00000c54   0x00000c54   0x00000014   Code   RO           69    .text.DL_GPIO_enableOutput  ti_msp_dl_config.o
    0x00000c68   0x00000c68   0x00000018   Code   RO         1061    .text.DL_GPIO_enableOutput  mpu6050_port.o
    0x00000c80   0x00000c80   0x00000014   Code   RO           59    .text.DL_GPIO_enablePower  ti_msp_dl_config.o
    0x00000c94   0x00000c94   0x00000018   Code   RO         1177    .text.DL_GPIO_getEnabledInterruptStatus  mpu6050_task.o
    0x00000cac   0x00000cac   0x0000002c   Code   RO           77    .text.DL_GPIO_initDigitalInputFeatures  ti_msp_dl_config.o
    0x00000cd8   0x00000cd8   0x00000030   Code   RO         1055    .text.DL_GPIO_initDigitalInputFeatures  mpu6050_port.o
    0x00000d08   0x00000d08   0x00000014   Code   RO           79    .text.DL_GPIO_initDigitalOutput  ti_msp_dl_config.o
    0x00000d1c   0x00000d1c   0x00000014   Code   RO         1057    .text.DL_GPIO_initDigitalOutput  mpu6050_port.o
    0x00000d30   0x00000d30   0x00000018   Code   RO           75    .text.DL_GPIO_initPeripheralInputFunction  ti_msp_dl_config.o
    0x00000d48   0x00000d48   0x00000034   Code   RO           71    .text.DL_GPIO_initPeripheralInputFunctionFeatures  ti_msp_dl_config.o
    0x00000d7c   0x00000d7c   0x00000038   Code   RO         1067    .text.DL_GPIO_initPeripheralInputFunctionFeatures  mpu6050_port.o
    0x00000db4   0x00000db4   0x0000001c   Code   RO           67    .text.DL_GPIO_initPeripheralOutputFunction  ti_msp_dl_config.o
    0x00000dd0   0x00000dd0   0x00000016   Code   RO          729    .text.DL_GPIO_readPins  board_led.o
    0x00000de6   0x00000de6   0x00000016   Code   RO          755    .text.DL_GPIO_readPins  eight_ir.o
    0x00000dfc   0x00000dfc   0x00000016   Code   RO         1063    .text.DL_GPIO_readPins  mpu6050_port.o
    0x00000e12   0x00000e12   0x00000002   PAD
    0x00000e14   0x00000e14   0x00000010   Code   RO           51    .text.DL_GPIO_reset  ti_msp_dl_config.o
    0x00000e24   0x00000e24   0x0000001c   Code   RO           83    .text.DL_GPIO_setLowerPinsPolarity  ti_msp_dl_config.o
    0x00000e40   0x00000e40   0x00000014   Code   RO           89    .text.DL_GPIO_setPins  ti_msp_dl_config.o
    0x00000e54   0x00000e54   0x00000014   Code   RO          751    .text.DL_GPIO_setPins  eight_ir.o
    0x00000e68   0x00000e68   0x00000014   Code   RO          770    .text.DL_GPIO_setPins  motor.o
    0x00000e7c   0x00000e7c   0x00000018   Code   RO         1059    .text.DL_GPIO_setPins  mpu6050_port.o
    0x00000e94   0x00000e94   0x00000018   Code   RO           91    .text.DL_GPIO_setUpperPinsPolarity  ti_msp_dl_config.o
    0x00000eac   0x00000eac   0x00000018   Code   RO          727    .text.DL_GPIO_togglePins  board_led.o
    0x00000ec4   0x00000ec4   0x00000018   Code   RO         1085    .text.DL_I2C_clearInterruptStatus  mpu6050_port.o
    0x00000edc   0x00000edc   0x00000018   Code   RO          113    .text.DL_I2C_enableAnalogGlitchFilter  ti_msp_dl_config.o
    0x00000ef4   0x00000ef4   0x00000014   Code   RO          125    .text.DL_I2C_enableController  ti_msp_dl_config.o
    0x00000f08   0x00000f08   0x00000018   Code   RO          123    .text.DL_I2C_enableControllerClockStretching  ti_msp_dl_config.o
    0x00000f20   0x00000f20   0x00000014   Code   RO           63    .text.DL_I2C_enablePower  ti_msp_dl_config.o
    0x00000f34   0x00000f34   0x00000018   Code   RO         1053    .text.DL_I2C_enablePower  mpu6050_port.o
    0x00000f4c   0x00000f4c   0x0000002c   Code   RO         1230    .text.DL_I2C_fillControllerTXFIFO  driverlib.a(dl_i2c.o)
    0x00000f78   0x00000f78   0x0000001c   Code   RO         1234    .text.DL_I2C_flushControllerRXFIFO  driverlib.a(dl_i2c.o)
    0x00000f94   0x00000f94   0x00000024   Code   RO         1232    .text.DL_I2C_flushControllerTXFIFO  driverlib.a(dl_i2c.o)
    0x00000fb8   0x00000fb8   0x00000014   Code   RO         1083    .text.DL_I2C_getControllerStatus  mpu6050_port.o
    0x00000fcc   0x00000fcc   0x00000018   Code   RO         1077    .text.DL_I2C_getRawInterruptStatus  mpu6050_port.o
    0x00000fe4   0x00000fe4   0x0000001c   Code   RO         1035    .text.DL_I2C_getSDAStatus  mpu6050_port.o
    0x00001000   0x00001000   0x0000001c   Code   RO         1089    .text.DL_I2C_isControllerRXFIFOEmpty  mpu6050_port.o
    0x0000101c   0x0000101c   0x00000014   Code   RO         1091    .text.DL_I2C_receiveControllerData  mpu6050_port.o
    0x00001030   0x00001030   0x00000010   Code   RO           55    .text.DL_I2C_reset  ti_msp_dl_config.o
    0x00001040   0x00001040   0x00000018   Code   RO         1051    .text.DL_I2C_reset  mpu6050_port.o
    0x00001058   0x00001058   0x00000010   Code   RO          115    .text.DL_I2C_resetControllerTransfer  ti_msp_dl_config.o
    0x00001068   0x00001068   0x00000026   Code   RO          111    .text.DL_I2C_setAnalogGlitchFilterPulseWidth  ti_msp_dl_config.o
    0x0000108e   0x0000108e   0x00000026   Code   RO         1226    .text.DL_I2C_setClockConfig  driverlib.a(dl_i2c.o)
    0x000010b4   0x000010b4   0x00000024   Code   RO          121    .text.DL_I2C_setControllerRXFIFOThreshold  ti_msp_dl_config.o
    0x000010d8   0x000010d8   0x00000028   Code   RO          119    .text.DL_I2C_setControllerTXFIFOThreshold  ti_msp_dl_config.o
    0x00001100   0x00001100   0x00000018   Code   RO          117    .text.DL_I2C_setTimerPeriod  ti_msp_dl_config.o
    0x00001118   0x00001118   0x00000050   Code   RO         1075    .text.DL_I2C_startControllerTransfer  mpu6050_port.o
    0x00001168   0x00001168   0x0000000c   Code   RO           97    .text.DL_SYSCTL_disableHFXT  ti_msp_dl_config.o
    0x00001174   0x00001174   0x00000014   Code   RO           99    .text.DL_SYSCTL_disableSYSPLL  ti_msp_dl_config.o
    0x00001188   0x00001188   0x00000014   Code   RO          101    .text.DL_SYSCTL_enableMFCLK  ti_msp_dl_config.o
    0x0000119c   0x0000119c   0x00000018   Code   RO           93    .text.DL_SYSCTL_setBORThreshold  ti_msp_dl_config.o
    0x000011b4   0x000011b4   0x0000001c   Code   RO           95    .text.DL_SYSCTL_setSYSOSCFreq  ti_msp_dl_config.o
    0x000011d0   0x000011d0   0x00000010   Code   RO          107    .text.DL_Timer_enableClock  ti_msp_dl_config.o
    0x000011e0   0x000011e0   0x00000018   Code   RO           61    .text.DL_Timer_enablePower  ti_msp_dl_config.o
    0x000011f8   0x000011f8   0x00000010   Code   RO          670    .text.DL_Timer_getTimerCount  tim_delay.o
    0x00001208   0x00001208   0x00000108   Code   RO         1338    .text.DL_Timer_initFourCCPWMMode  driverlib.a(dl_timer.o)
    0x00001310   0x00001310   0x000000e8   Code   RO         1262    .text.DL_Timer_initTimerMode  driverlib.a(dl_timer.o)
    0x000013f8   0x000013f8   0x00000018   Code   RO           53    .text.DL_Timer_reset  ti_msp_dl_config.o
    0x00001410   0x00001410   0x00000014   Code   RO          109    .text.DL_Timer_setCCPDirection  ti_msp_dl_config.o
    0x00001424   0x00001424   0x0000001c   Code   RO         1304    .text.DL_Timer_setCaptCompUpdateMethod  driverlib.a(dl_timer.o)
    0x00001440   0x00001440   0x00000018   Code   RO         1312    .text.DL_Timer_setCaptureCompareOutCtl  driverlib.a(dl_timer.o)
    0x00001458   0x00001458   0x00000010   Code   RO         1264    .text.DL_Timer_setCaptureCompareValue  driverlib.a(dl_timer.o)
    0x00001468   0x00001468   0x0000001c   Code   RO         1258    .text.DL_Timer_setClockConfig  driverlib.a(dl_timer.o)
    0x00001484   0x00001484   0x00000038   Code   RO          105    .text.DL_Timer_setCounterControl  ti_msp_dl_config.o
    0x000014bc   0x000014bc   0x00000018   Code   RO          664    .text.DL_Timer_setLoadValue  tim_delay.o
    0x000014d4   0x000014d4   0x00000014   Code   RO          666    .text.DL_Timer_setTimerCount  tim_delay.o
    0x000014e8   0x000014e8   0x00000018   Code   RO          668    .text.DL_Timer_startCounter  tim_delay.o
    0x00001500   0x00001500   0x00000016   Code   RO          133    .text.DL_UART_enable  ti_msp_dl_config.o
    0x00001516   0x00001516   0x00000002   PAD
    0x00001518   0x00001518   0x0000001c   Code   RO          131    .text.DL_UART_enableInterrupt  ti_msp_dl_config.o
    0x00001534   0x00001534   0x00000018   Code   RO           65    .text.DL_UART_enablePower  ti_msp_dl_config.o
    0x0000154c   0x0000154c   0x00000012   Code   RO          701    .text.DL_UART_getPendingInterrupt  uart0_debug.o
    0x0000155e   0x0000155e   0x00000002   PAD
    0x00001560   0x00001560   0x00000048   Code   RO         1359    .text.DL_UART_init  driverlib.a(dl_uart.o)
    0x000015a8   0x000015a8   0x00000018   Code   RO          689    .text.DL_UART_isBusy  uart0_debug.o
    0x000015c0   0x000015c0   0x00000014   Code   RO          703    .text.DL_UART_receiveData  uart0_debug.o
    0x000015d4   0x000015d4   0x00000018   Code   RO           57    .text.DL_UART_reset  ti_msp_dl_config.o
    0x000015ec   0x000015ec   0x0000004c   Code   RO          129    .text.DL_UART_setBaudRateDivisor  ti_msp_dl_config.o
    0x00001638   0x00001638   0x00000012   Code   RO         1361    .text.DL_UART_setClockConfig  driverlib.a(dl_uart.o)
    0x0000164a   0x0000164a   0x0000001e   Code   RO          127    .text.DL_UART_setOversampling  ti_msp_dl_config.o
    0x00001668   0x00001668   0x00000016   Code   RO          691    .text.DL_UART_transmitData  uart0_debug.o
    0x0000167e   0x0000167e   0x00000002   PAD
    0x00001680   0x00001680   0x000000f8   Code   RO          820    .text.DMP_Init      mpu6050.o
    0x00001778   0x00001778   0x00000068   Code   RO         1175    .text.GROUP1_IRQHandler  mpu6050_task.o
    0x000017e0   0x000017e0   0x0000002c   Code   RO          794    .text.IICreadBytes  mpu6050.o
    0x0000180c   0x0000180c   0x00000086   Code   RO          792    .text.IICwriteBit   mpu6050.o
    0x00001892   0x00001892   0x000000a2   Code   RO          790    .text.IICwriteBits  mpu6050.o
    0x00001934   0x00001934   0x00000020   Code   RO          810    .text.MPU6050_getDeviceID  mpu6050.o
    0x00001954   0x00001954   0x00000048   Code   RO          818    .text.MPU6050_initialize  mpu6050.o
    0x0000199c   0x0000199c   0x0000001e   Code   RO          802    .text.MPU6050_setClockSource  mpu6050.o
    0x000019ba   0x000019ba   0x0000001e   Code   RO          806    .text.MPU6050_setFullScaleAccelRange  mpu6050.o
    0x000019d8   0x000019d8   0x0000001e   Code   RO          804    .text.MPU6050_setFullScaleGyroRange  mpu6050.o
    0x000019f6   0x000019f6   0x0000001a   Code   RO          816    .text.MPU6050_setI2CBypassEnabled  mpu6050.o
    0x00001a10   0x00001a10   0x0000001a   Code   RO          814    .text.MPU6050_setI2CMasterModeEnabled  mpu6050.o
    0x00001a2a   0x00001a2a   0x0000001a   Code   RO          808    .text.MPU6050_setSleepEnabled  mpu6050.o
    0x00001a44   0x00001a44   0x0000000c   PAD
    0x00001a50   0x00001a50   0x00000044   Code   RO          614    .text.PendSV_Handler  port.o
    0x00001a94   0x00001a94   0x00000002   Code   RO          594    .text.SVC_Handler   port.o
    0x00001a96   0x00001a96   0x00000002   PAD
    0x00001a98   0x00001a98   0x00000180   Code   RO           35    .text.SYSCFG_DL_GPIO_init  ti_msp_dl_config.o
    0x00001c18   0x00001c18   0x00000054   Code   RO           43    .text.SYSCFG_DL_I2C_0_init  ti_msp_dl_config.o
    0x00001c6c   0x00001c6c   0x00000088   Code   RO           39    .text.SYSCFG_DL_PWM_0_init  ti_msp_dl_config.o
    0x00001cf4   0x00001cf4   0x0000002a   Code   RO           37    .text.SYSCFG_DL_SYSCTL_init  ti_msp_dl_config.o
    0x00001d1e   0x00001d1e   0x00000002   PAD
    0x00001d20   0x00001d20   0x00000028   Code   RO           41    .text.SYSCFG_DL_TIM_delay_ms_init  ti_msp_dl_config.o
    0x00001d48   0x00001d48   0x0000004c   Code   RO           45    .text.SYSCFG_DL_UART_DEBUG_init  ti_msp_dl_config.o
    0x00001d94   0x00001d94   0x00000034   Code   RO           31    .text.SYSCFG_DL_init  ti_msp_dl_config.o
    0x00001dc8   0x00001dc8   0x00000078   Code   RO           33    .text.SYSCFG_DL_initPower  ti_msp_dl_config.o
    0x00001e40   0x00001e40   0x0000002c   Code   RO          616    .text.SysTick_Handler  port.o
    0x00001e6c   0x00001e6c   0x0000002c   Code   RO          699    .text.UART0_IRQHandler  uart0_debug.o
    0x00001e98   0x00001e98   0x0000002c   Code   RO          683    .text.__NVIC_ClearPendingIRQ  uart0_debug.o
    0x00001ec4   0x00001ec4   0x00000034   Code   RO         1187    .text.__NVIC_DisableIRQ  mpu6050_task.o
    0x00001ef8   0x00001ef8   0x00000028   Code   RO          685    .text.__NVIC_EnableIRQ  uart0_debug.o
    0x00001f20   0x00001f20   0x0000002c   Code   RO         1189    .text.__NVIC_EnableIRQ  mpu6050_task.o
    0x00001f4c   0x00001f4c   0x00000084   Code   RO          103    .text.__NVIC_SetPriority  ti_msp_dl_config.o
    0x00001fd0   0x00001fd0   0x000000dc   Code   RO          928    .text.accel_self_test  inv_mpu.o
    0x000020ac   0x000020ac   0x00000014   Code   RO          717    .text.board_led_on  board_led.o
    0x000020c0   0x000020c0   0x00000030   Code   RO          725    .text.board_led_toggle  board_led.o
    0x000020f0   0x000020f0   0x0000003e   Code   RO          634    .text.clamp_float   pid.o
    0x0000212e   0x0000212e   0x00000002   PAD
    0x00002130   0x00002130   0x0000003c   Code   RO         1142    .text.clamp_motor_target  line_tracking_task.o
    0x0000216c   0x0000216c   0x00000054   Code   RO          780    .text.clamp_speed   motor.o
    0x000021c0   0x000021c0   0x00000038   Code   RO         1079    .text.controller_has_error  mpu6050_port.o
    0x000021f8   0x000021f8   0x00000016   Code   RO          681    .text.debug_uart_init  uart0_debug.o
    0x0000220e   0x0000220e   0x00000002   PAD
    0x00002210   0x00002210   0x0000002c   Code   RO          705    .text.debug_uart_receive_limit_length  uart0_debug.o
    0x0000223c   0x0000223c   0x00000088   Code   RO         1009    .text.decode_gesture  inv_mpu_dmp_motion_driver.o
    0x000022c4   0x000022c4   0x00000040   Code   RO          662    .text.delay_us      tim_delay.o
    0x00002304   0x00002304   0x00000048   Code   RO         1001    .text.dmp_enable_6x_lp_quat  inv_mpu_dmp_motion_driver.o
    0x0000234c   0x0000234c   0x00000278   Code   RO          995    .text.dmp_enable_feature  inv_mpu_dmp_motion_driver.o
    0x000025c4   0x000025c4   0x00000060   Code   RO          997    .text.dmp_enable_gyro_cal  inv_mpu_dmp_motion_driver.o
    0x00002624   0x00002624   0x00000048   Code   RO          999    .text.dmp_enable_lp_quat  inv_mpu_dmp_motion_driver.o
    0x0000266c   0x0000266c   0x0000001c   Code   RO          959    .text.dmp_load_motion_driver_firmware  inv_mpu_dmp_motion_driver.o
    0x00002688   0x00002688   0x000001f4   Code   RO         1007    .text.dmp_read_fifo  inv_mpu_dmp_motion_driver.o
    0x0000287c   0x0000287c   0x00000108   Code   RO          965    .text.dmp_set_accel_bias  inv_mpu_dmp_motion_driver.o
    0x00002984   0x00002984   0x00000098   Code   RO          967    .text.dmp_set_fifo_rate  inv_mpu_dmp_motion_driver.o
    0x00002a1c   0x00002a1c   0x00000138   Code   RO          963    .text.dmp_set_gyro_bias  inv_mpu_dmp_motion_driver.o
    0x00002b54   0x00002b54   0x00000178   Code   RO          961    .text.dmp_set_orientation  inv_mpu_dmp_motion_driver.o
    0x00002ccc   0x00002ccc   0x00000044   Code   RO          981    .text.dmp_set_shake_reject_thresh  inv_mpu_dmp_motion_driver.o
    0x00002d10   0x00002d10   0x00000032   Code   RO          983    .text.dmp_set_shake_reject_time  inv_mpu_dmp_motion_driver.o
    0x00002d42   0x00002d42   0x00000032   Code   RO          985    .text.dmp_set_shake_reject_timeout  inv_mpu_dmp_motion_driver.o
    0x00002d74   0x00002d74   0x00000066   Code   RO          973    .text.dmp_set_tap_axes  inv_mpu_dmp_motion_driver.o
    0x00002dda   0x00002dda   0x00000044   Code   RO          975    .text.dmp_set_tap_count  inv_mpu_dmp_motion_driver.o
    0x00002e1e   0x00002e1e   0x00000002   PAD
    0x00002e20   0x00002e20   0x00000238   Code   RO          971    .text.dmp_set_tap_thresh  inv_mpu_dmp_motion_driver.o
    0x00003058   0x00003058   0x00000030   Code   RO          977    .text.dmp_set_tap_time  inv_mpu_dmp_motion_driver.o
    0x00003088   0x00003088   0x00000030   Code   RO          979    .text.dmp_set_tap_time_multi  inv_mpu_dmp_motion_driver.o
    0x000030b8   0x000030b8   0x0000000a   Code   RO          741    .text.eight_ir_init  eight_ir.o
    0x000030c2   0x000030c2   0x00000070   Code   RO          745    .text.eight_ir_read  eight_ir.o
    0x00003132   0x00003132   0x00000002   PAD
    0x00003134   0x00003134   0x00000038   Code   RO         1102    .text.eight_ir_task  eight_ir_task.o
    0x0000316c   0x0000316c   0x00000034   Code   RO         1100    .text.eight_ir_task_create  eight_ir_task.o
    0x000031a0   0x000031a0   0x0000002c   Code   RO          707    .text.fputc         uart0_debug.o
    0x000031cc   0x000031cc   0x000000ec   Code   RO          946    .text.get_accel_prod_shift  inv_mpu.o
    0x000032b8   0x000032b8   0x000004a4   Code   RO          926    .text.get_st_biases  inv_mpu.o
    0x0000375c   0x0000375c   0x00000130   Code   RO          930    .text.gyro_self_test  inv_mpu.o
    0x0000388c   0x0000388c   0x00000028   Code   RO          796    .text.i2cRead       mpu6050.o
    0x000038b4   0x000038b4   0x0000008c   Code   RO         1183    .text.initialize_sensor  mpu6050_task.o
    0x00003940   0x00003940   0x0000003e   Code   RO          822    .text.inv_orientation_matrix_to_scalar  mpu6050.o
    0x0000397e   0x0000397e   0x00000096   Code   RO          830    .text.inv_row_2_scale  mpu6050.o
    0x00003a14   0x00003a14   0x00000022   Code   RO         1205    .text.led_task      led_task.o
    0x00003a36   0x00003a36   0x00000002   PAD
    0x00003a38   0x00003a38   0x00000030   Code   RO         1203    .text.led_task_create  led_task.o
    0x00003a68   0x00003a68   0x00000078   Code   RO          643    .text.line_tracking_get_default_config  line_tracking.o
    0x00003ae0   0x00003ae0   0x0000005c   Code   RO          645    .text.line_tracking_init  line_tracking.o
    0x00003b3c   0x00003b3c   0x00000026   Code   RO          647    .text.line_tracking_reset  line_tracking.o
    0x00003b62   0x00003b62   0x00000002   PAD
    0x00003b64   0x00003b64   0x00000148   Code   RO         1136    .text.line_tracking_task  line_tracking_task.o
    0x00003cac   0x00003cac   0x00000038   Code   RO         1134    .text.line_tracking_task_create  line_tracking_task.o
    0x00003ce4   0x00003ce4   0x00000028   Code   RO         1138    .text.line_tracking_task_notify_sensor_update  line_tracking_task.o
    0x00003d0c   0x00003d0c   0x00000560   Code   RO          651    .text.line_tracking_update  line_tracking.o
    0x0000426c   0x0000426c   0x0000002c   Code   RO           11    .text.main          empty.o
    0x00004298   0x00004298   0x0000005e   Code   RO          653    .text.make_active_mask  line_tracking.o
    0x000042f6   0x000042f6   0x0000003a   Code   RO         1140    .text.make_motor_targets  line_tracking_task.o
    0x00004330   0x00004330   0x00000018   Code   RO          764    .text.motor_init    motor.o
    0x00004348   0x00004348   0x0000002e   Code   RO          768    .text.motor_set_speed  motor.o
    0x00004376   0x00004376   0x00000002   PAD
    0x00004378   0x00004378   0x00000034   Code   RO          766    .text.motor_standby  motor.o
    0x000043ac   0x000043ac   0x00000040   Code   RO         1117    .text.motor_task    motor_task.o
    0x000043ec   0x000043ec   0x00000058   Code   RO         1115    .text.motor_task_create  motor_task.o
    0x00004444   0x00004444   0x0000004c   Code   RO         1119    .text.motor_task_set_target  motor_task.o
    0x00004490   0x00004490   0x0000004e   Code   RO         1047    .text.mpu6050_port_delay_ms  mpu6050_port.o
    0x000044de   0x000044de   0x0000001c   Code   RO         1049    .text.mpu6050_port_get_ms  mpu6050_port.o
    0x000044fa   0x000044fa   0x00000002   PAD
    0x000044fc   0x000044fc   0x00000034   Code   RO         1033    .text.mpu6050_port_init  mpu6050_port.o
    0x00004530   0x00004530   0x0000005c   Code   RO         1043    .text.mpu6050_port_read  mpu6050_port.o
    0x0000458c   0x0000458c   0x000000e0   Code   RO         1037    .text.mpu6050_port_recover_bus  mpu6050_port.o
    0x0000466c   0x0000466c   0x00000084   Code   RO         1039    .text.mpu6050_port_write  mpu6050_port.o
    0x000046f0   0x000046f0   0x000000ac   Code   RO         1171    .text.mpu6050_task  mpu6050_task.o
    0x0000479c   0x0000479c   0x00000054   Code   RO         1169    .text.mpu6050_task_create  mpu6050_task.o
    0x000047f0   0x000047f0   0x000000b8   Code   RO          872    .text.mpu_configure_fifo  inv_mpu.o
    0x000048a8   0x000048a8   0x00000070   Code   RO          896    .text.mpu_get_accel_fsr  inv_mpu.o
    0x00004918   0x00004918   0x0000007c   Code   RO          908    .text.mpu_get_accel_sens  inv_mpu.o
    0x00004994   0x00004994   0x00000014   Code   RO          910    .text.mpu_get_fifo_config  inv_mpu.o
    0x000049a8   0x000049a8   0x0000005c   Code   RO          894    .text.mpu_get_gyro_fsr  inv_mpu.o
    0x00004a04   0x00004a04   0x0000006c   Code   RO          906    .text.mpu_get_gyro_sens  inv_mpu.o
    0x00004a70   0x00004a70   0x00000078   Code   RO          898    .text.mpu_get_lpf   inv_mpu.o
    0x00004ae8   0x00004ae8   0x00000034   Code   RO          900    .text.mpu_get_sample_rate  inv_mpu.o
    0x00004b1c   0x00004b1c   0x000001f4   Code   RO          862    .text.mpu_init      inv_mpu.o
    0x00004d10   0x00004d10   0x00000124   Code   RO          936    .text.mpu_load_firmware  inv_mpu.o
    0x00004e34   0x00004e34   0x00000110   Code   RO          878    .text.mpu_lp_accel_mode  inv_mpu.o
    0x00004f44   0x00004f44   0x00000104   Code   RO          918    .text.mpu_read_fifo_stream  inv_mpu.o
    0x00005048   0x00005048   0x000000ac   Code   RO          934    .text.mpu_read_mem  inv_mpu.o
    0x000050f4   0x000050f4   0x00000220   Code   RO          892    .text.mpu_reset_fifo  inv_mpu.o
    0x00005314   0x00005314   0x00000174   Code   RO          922    .text.mpu_run_self_test  inv_mpu.o
    0x00005488   0x00005488   0x000000e4   Code   RO          866    .text.mpu_set_accel_fsr  inv_mpu.o
    0x0000556c   0x0000556c   0x000001a0   Code   RO          874    .text.mpu_set_bypass  inv_mpu.o
    0x0000570c   0x0000570c   0x000000b8   Code   RO          924    .text.mpu_set_dmp_state  inv_mpu.o
    0x000057c4   0x000057c4   0x000000c4   Code   RO          864    .text.mpu_set_gyro_fsr  inv_mpu.o
    0x00005888   0x00005888   0x0000009c   Code   RO          880    .text.mpu_set_int_latched  inv_mpu.o
    0x00005924   0x00005924   0x000000d0   Code   RO          868    .text.mpu_set_lpf   inv_mpu.o
    0x000059f4   0x000059f4   0x000000ec   Code   RO          870    .text.mpu_set_sample_rate  inv_mpu.o
    0x00005ae0   0x00005ae0   0x00000130   Code   RO          876    .text.mpu_set_sensors  inv_mpu.o
    0x00005c10   0x00005c10   0x000000ac   Code   RO          932    .text.mpu_write_mem  inv_mpu.o
    0x00005cbc   0x00005cbc   0x00000010   Code   RO          884    .text.myget_ms      inv_mpu.o
    0x00005ccc   0x00005ccc   0x000000ca   Code   RO          632    .text.pid_calculate  pid.o
    0x00005d96   0x00005d96   0x00000042   Code   RO          626    .text.pid_init      pid.o
    0x00005dd8   0x00005dd8   0x00000024   Code   RO          630    .text.pid_reset     pid.o
    0x00005dfc   0x00005dfc   0x00000014   Code   RO         1073    .text.prepare_transfer  mpu6050_port.o
    0x00005e10   0x00005e10   0x00000080   Code   RO         1157    .text.print_task    print_task.o
    0x00005e90   0x00005e90   0x00000030   Code   RO         1155    .text.print_task_create  print_task.o
    0x00005ec0   0x00005ec0   0x000000ac   Code   RO          356    .text.prvAddCurrentTaskToDelayedList  tasks.o
    0x00005f6c   0x00005f6c   0x000000dc   Code   RO          342    .text.prvAddNewTaskToReadyList  tasks.o
    0x00006048   0x00006048   0x00000068   Code   RO          494    .text.prvCheckForValidListAndQueue  timers.o
    0x000060b0   0x000060b0   0x0000004c   Code   RO          460    .text.prvCheckTasksWaitingTermination  tasks.o
    0x000060fc   0x000060fc   0x00000044   Code   RO          242    .text.prvCopyDataFromQueue  queue.o
    0x00006140   0x00006140   0x000000d4   Code   RO          230    .text.prvCopyDataToQueue  queue.o
    0x00006214   0x00006214   0x00000050   Code   RO          348    .text.prvDeleteTCB  tasks.o
    0x00006264   0x00006264   0x00000038   Code   RO          528    .text.prvGetNextExpireTime  timers.o
    0x0000629c   0x0000629c   0x0000000e   Code   RO          380    .text.prvIdleTask   tasks.o
    0x000062aa   0x000062aa   0x00000046   Code   RO          208    .text.prvInitialiseNewQueue  queue.o
    0x000062f0   0x000062f0   0x00000118   Code   RO          340    .text.prvInitialiseNewTask  tasks.o
    0x00006408   0x00006408   0x0000007c   Code   RO          458    .text.prvInitialiseTaskLists  tasks.o
    0x00006484   0x00006484   0x000000bc   Code   RO          563    .text.prvInsertBlockIntoFreeList  heap_4.o
    0x00006540   0x00006540   0x00000080   Code   RO          540    .text.prvInsertTimerInActiveList  timers.o
    0x000065c0   0x000065c0   0x0000002a   Code   RO          244    .text.prvIsQueueEmpty  queue.o
    0x000065ea   0x000065ea   0x0000002e   Code   RO          232    .text.prvIsQueueFull  queue.o
    0x00006618   0x00006618   0x00000078   Code   RO          536    .text.prvProcessExpiredTimer  timers.o
    0x00006690   0x00006690   0x00000150   Code   RO          532    .text.prvProcessReceivedCommands  timers.o
    0x000067e0   0x000067e0   0x0000008c   Code   RO          530    .text.prvProcessTimerOrBlockTask  timers.o
    0x0000686c   0x0000686c   0x00000030   Code   RO          350    .text.prvResetNextTaskUnblockTime  tasks.o
    0x0000689c   0x0000689c   0x0000003c   Code   RO          534    .text.prvSampleTimeNow  timers.o
    0x000068d8   0x000068d8   0x000000b0   Code   RO          538    .text.prvSwitchTimerLists  timers.o
    0x00006988   0x00006988   0x00000030   Code   RO          592    .text.prvTaskExitError  port.o
    0x000069b8   0x000069b8   0x0000001e   Code   RO          496    .text.prvTimerTask  timers.o
    0x000069d6   0x000069d6   0x000000b6   Code   RO          234    .text.prvUnlockQueue  queue.o
    0x00006a8c   0x00006a8c   0x0000004c   Code   RO          590    .text.pxPortInitialiseStack  port.o
    0x00006ad8   0x00006ad8   0x0000025c   Code   RO         1185    .text.read_dmp_sample  mpu6050_task.o
    0x00006d34   0x00006d34   0x00000014   Code   RO          747    .text.read_selected_channel  eight_ir.o
    0x00006d48   0x00006d48   0x00000130   Code   RO         1045    .text.receive       mpu6050_port.o
    0x00006e78   0x00006e78   0x00000086   Code   RO          824    .text.run_self_test  mpu6050.o
    0x00006efe   0x00006efe   0x00000002   PAD
    0x00006f00   0x00006f00   0x00000044   Code   RO          743    .text.select_channel  eight_ir.o
    0x00006f44   0x00006f44   0x000000d4   Code   RO          856    .text.set_int_enable  inv_mpu.o
    0x00007018   0x00007018   0x000000a8   Code   RO          774    .text.set_one_motor  motor.o
    0x000070c0   0x000070c0   0x00000030   Code   RO          778    .text.set_pwm       motor.o
    0x000070f0   0x000070f0   0x00000020   Code   RO         1181    .text.set_status    mpu6050_task.o
    0x00007110   0x00007110   0x00000028   Code   RO         1081    .text.timeout_expired  mpu6050_port.o
    0x00007138   0x00007138   0x0000010c   Code   RO         1041    .text.transmit      mpu6050_port.o
    0x00007244   0x00007244   0x00000008   Code   RO          610    .text.ulSetInterruptMaskFromISR  port.o
    0x0000724c   0x0000724c   0x000000c0   Code   RO          444    .text.ulTaskGenericNotifyTake  tasks.o
    0x0000730c   0x0000730c   0x00000048   Code   RO          195    .text.uxListRemove  list.o
    0x00007354   0x00007354   0x00000028   Code   RO           13    .text.vApplicationGetIdleTaskMemory  empty.o
    0x0000737c   0x0000737c   0x00000028   Code   RO           15    .text.vApplicationGetTimerTaskMemory  empty.o
    0x000073a4   0x000073a4   0x0000000a   Code   RO           17    .text.vApplicationStackOverflowHook  empty.o
    0x000073ae   0x000073ae   0x00000006   Code   RO          612    .text.vClearInterruptMaskFromISR  port.o
    0x000073b4   0x000073b4   0x0000002c   Code   RO          187    .text.vListInitialise  list.o
    0x000073e0   0x000073e0   0x0000000e   Code   RO          189    .text.vListInitialiseItem  list.o
    0x000073ee   0x000073ee   0x0000006c   Code   RO          193    .text.vListInsert   list.o
    0x0000745a   0x0000745a   0x0000003a   Code   RO          191    .text.vListInsertEnd  list.o
    0x00007494   0x00007494   0x00000014   Code   RO          606    .text.vPortEnterCritical  port.o
    0x000074a8   0x000074a8   0x0000002c   Code   RO          608    .text.vPortExitCritical  port.o
    0x000074d4   0x000074d4   0x000000a0   Code   RO          565    .text.vPortFree     heap_4.o
    0x00007574   0x00007574   0x00000028   Code   RO          598    .text.vPortSetupTimerInterrupt  port.o
    0x0000759c   0x0000759c   0x00000004   PAD
    0x000075a0   0x000075a0   0x00000034   Code   RO          600    .text.vPortStartFirstTask  port.o
    0x000075d4   0x000075d4   0x00000018   Code   RO          604    .text.vPortYield    port.o
    0x000075ec   0x000075ec   0x0000006a   Code   RO          272    .text.vQueueWaitForMessageRestricted  queue.o
    0x00007656   0x00007656   0x00000002   PAD
    0x00007658   0x00007658   0x0000004c   Code   RO          360    .text.vTaskDelay    tasks.o
    0x000076a4   0x000076a4   0x000000f4   Code   RO          452    .text.vTaskGenericNotifyGiveFromISR  tasks.o
    0x00007798   0x00007798   0x0000001c   Code   RO          412    .text.vTaskInternalSetTimeOutState  tasks.o
    0x000077b4   0x000077b4   0x00000008   Code   RO          416    .text.vTaskMissedYield  tasks.o
    0x000077bc   0x000077bc   0x00000030   Code   RO          400    .text.vTaskPlaceOnEventList  tasks.o
    0x000077ec   0x000077ec   0x00000040   Code   RO          404    .text.vTaskPlaceOnEventListRestricted  tasks.o
    0x0000782c   0x0000782c   0x000000bc   Code   RO          378    .text.vTaskStartScheduler  tasks.o
    0x000078e8   0x000078e8   0x0000000c   Code   RO          354    .text.vTaskSuspendAll  tasks.o
    0x000078f4   0x000078f4   0x000000ec   Code   RO          372    .text.vTaskSwitchContext  tasks.o
    0x000079e0   0x000079e0   0x00000050   Code   RO         1071    .text.wait_until_idle  mpu6050_port.o
    0x00007a30   0x00007a30   0x0000002c   Code   RO          749    .text.write_selector_pin  eight_ir.o
    0x00007a5c   0x00007a5c   0x00000040   Code   RO          596    .text.xPortStartScheduler  port.o
    0x00007a9c   0x00007a9c   0x000000c0   Code   RO          206    .text.xQueueGenericCreateStatic  queue.o
    0x00007b5c   0x00007b5c   0x000000a0   Code   RO          204    .text.xQueueGenericReset  queue.o
    0x00007bfc   0x00007bfc   0x000001d2   Code   RO          220    .text.xQueueGenericSend  queue.o
    0x00007dce   0x00007dce   0x00000120   Code   RO          236    .text.xQueueGenericSendFromISR  queue.o
    0x00007eee   0x00007eee   0x000001a4   Code   RO          240    .text.xQueueReceive  queue.o
    0x00008092   0x00008092   0x00000002   PAD
    0x00008094   0x00008094   0x000000b0   Code   RO          414    .text.xTaskCheckForTimeOut  tasks.o
    0x00008144   0x00008144   0x00000094   Code   RO          338    .text.xTaskCreateStatic  tasks.o
    0x000081d8   0x000081d8   0x000000d4   Code   RO          352    .text.xTaskDelayUntil  tasks.o
    0x000082ac   0x000082ac   0x00000168   Code   RO          448    .text.xTaskGenericNotify  tasks.o
    0x00008414   0x00008414   0x00000034   Code   RO          432    .text.xTaskGetSchedulerState  tasks.o
    0x00008448   0x00008448   0x00000014   Code   RO          386    .text.xTaskGetTickCount  tasks.o
    0x0000845c   0x0000845c   0x00000144   Code   RO          384    .text.xTaskIncrementTick  tasks.o
    0x000085a0   0x000085a0   0x000000b8   Code   RO          436    .text.xTaskPriorityDisinherit  tasks.o
    0x00008658   0x00008658   0x000000a4   Code   RO          406    .text.xTaskRemoveFromEventList  tasks.o
    0x000086fc   0x000086fc   0x00000134   Code   RO          358    .text.xTaskResumeAll  tasks.o
    0x00008830   0x00008830   0x00000078   Code   RO          492    .text.xTimerCreateTimerTask  timers.o
    0x000088a8   0x000088a8   0x00000090   Code   RO          504    .text.xTimerGenericCommand  timers.o
    0x00008938   0x00008938   0x00000020   Code   RO         1439    i.__0printf         mc_p.l(printfa.o)
    0x00008958   0x00008958   0x0000002e   Code   RO         1589    i.__ARM_clz         mf_p.l(depilogue.o)
    0x00008986   0x00008986   0x00000022   Code   RO         1517    i.__ARM_fpclassifyf  m_ps.l(fpclassifyf.o)
    0x000089a8   0x000089a8   0x0000000a   Code   RO         1520    i.__mathlib_flt_infnan  m_ps.l(funder.o)
    0x000089b2   0x000089b2   0x00000008   Code   RO         1521    i.__mathlib_flt_infnan2  m_ps.l(funder.o)
    0x000089ba   0x000089ba   0x0000000c   Code   RO         1522    i.__mathlib_flt_invalid  m_ps.l(funder.o)
    0x000089c6   0x000089c6   0x0000000e   Code   RO         1525    i.__mathlib_flt_underflow  m_ps.l(funder.o)
    0x000089d4   0x000089d4   0x00000004   PAD
    0x000089d8   0x000089d8   0x0000000e   Code   RO         1611    i.__scatterload_copy  mc_p.l(handlers.o)
    0x000089e6   0x000089e6   0x00000002   PAD
    0x000089e8   0x000089e8   0x00000002   Code   RO         1612    i.__scatterload_null  mc_p.l(handlers.o)
    0x000089ea   0x000089ea   0x00000006   PAD
    0x000089f0   0x000089f0   0x0000000e   Code   RO         1613    i.__scatterload_zeroinit  mc_p.l(handlers.o)
    0x000089fe   0x000089fe   0x00000002   PAD
    0x00008a00   0x00008a00   0x0000000c   Code   RO         1577    i.__set_errno       mc_p.l(errno.o)
    0x00008a0c   0x00008a0c   0x00000174   Code   RO         1446    i._fp_digits        mc_p.l(printfa.o)
    0x00008b80   0x00008b80   0x000006ec   Code   RO         1447    i._printf_core      mc_p.l(printfa.o)
    0x0000926c   0x0000926c   0x00000020   Code   RO         1448    i._printf_post_padding  mc_p.l(printfa.o)
    0x0000928c   0x0000928c   0x0000002c   Code   RO         1449    i._printf_pre_padding  mc_p.l(printfa.o)
    0x000092b8   0x000092b8   0x00000118   Code   RO         1404    i.asinf             m_ps.l(asinf.o)
    0x000093d0   0x000093d0   0x0000029c   Code   RO         1412    i.atan2f            m_ps.l(atan2f.o)
    0x0000966c   0x0000966c   0x0000002c   Code   RO         1541    i.sqrtf             m_ps.l(sqrtf.o)
    0x00009698   0x00009698   0x00000bf6   Data   RO         1015    .rodata.dmp_memory  inv_mpu_dmp_motion_driver.o
    0x0000a28e   0x0000a28e   0x00000002   Data   RO          143    .rodata.gI2C_0ClockConfig  ti_msp_dl_config.o
    0x0000a290   0x0000a290   0x00000003   Data   RO          139    .rodata.gPWM_0ClockConfig  ti_msp_dl_config.o
    0x0000a293   0x0000a293   0x00000001   PAD
    0x0000a294   0x0000a294   0x00000008   Data   RO          140    .rodata.gPWM_0Config  ti_msp_dl_config.o
    0x0000a29c   0x0000a29c   0x00000003   Data   RO          141    .rodata.gTIM_delay_msClockConfig  ti_msp_dl_config.o
    0x0000a29f   0x0000a29f   0x00000001   PAD
    0x0000a2a0   0x0000a2a0   0x00000014   Data   RO          142    .rodata.gTIM_delay_msTimerConfig  ti_msp_dl_config.o
    0x0000a2b4   0x0000a2b4   0x00000002   Data   RO          144    .rodata.gUART_DEBUGClockConfig  ti_msp_dl_config.o
    0x0000a2b6   0x0000a2b6   0x0000000a   Data   RO          145    .rodata.gUART_DEBUGConfig  ti_msp_dl_config.o
    0x0000a2c0   0x0000a2c0   0x0000000c   Data   RO          948    .rodata.hw          inv_mpu.o
    0x0000a2cc   0x0000a2cc   0x00000028   Data   RO          782    .rodata.motors      motor.o
    0x0000a2f4   0x0000a2f4   0x0000001b   Data   RO          949    .rodata.reg         inv_mpu.o
    0x0000a30f   0x0000a30f   0x00000005   Data   RO          476    .rodata.str1.1      tasks.o
    0x0000a314   0x0000a314   0x00000008   Data   RO          543    .rodata.str1.1      timers.o
    0x0000a31c   0x0000a31c   0x0000000c   Data   RO         1105    .rodata.str1.1      eight_ir_task.o
    0x0000a328   0x0000a328   0x0000000a   Data   RO         1124    .rodata.str1.1      motor_task.o
    0x0000a332   0x0000a332   0x0000000a   Data   RO         1144    .rodata.str1.1      line_tracking_task.o
    0x0000a33c   0x0000a33c   0x0000002d   Data   RO         1159    .rodata.str1.1      print_task.o
    0x0000a369   0x0000a369   0x00000008   Data   RO         1192    .rodata.str1.1      mpu6050_task.o
    0x0000a371   0x0000a371   0x00000008   Data   RO         1207    .rodata.str1.1      led_task.o
    0x0000a379   0x0000a379   0x00000003   PAD
    0x0000a37c   0x0000a37c   0x00000028   Data   RO          950    .rodata.test        inv_mpu.o
    0x0000a3a4   0x0000a3a4   0x00000004   Data   RO          463    .rodata.uxTopUsedPriority  tasks.o
    0x0000a3a8   0x0000a3a8   0x00000020   Data   RO         1610    Region$$Table       anon$$obj.o


    Execution Region RW_IRAM2 (Exec base: 0x20200000, Load base: 0x0000a3c8, Size: 0x000034e8, Max: 0x00008000, ABSOLUTE)

    Exec Addr    Load Addr    Size         Type   Attr      Idx    E Section Name        Object

    0x20200000   0x0000a3c8   0x00000004   Data   RW         1558    .data               mc_p.l(stdout.o)
    0x20200004   0x0000a3cc   0x00000004   Data   RW         1578    .data               mc_p.l(errno.o)
    0x20200008   0x0000a3d0   0x00000009   Data   RW          842    .data.gyro_orientation  mpu6050.o
    0x20200011   0x0000a3d9   0x00000003   PAD
    0x20200014   0x0000a3dc   0x0000002c   Data   RW          951    .data.st            inv_mpu.o
    0x20200040   0x0000a408   0x00000004   Data   RW          618    .data.uxCriticalNesting  port.o
    0x20200044   0x0000a40c   0x00000004   PAD
    0x20200048        -       0x00000001   Zero   RW          733    .bss.board_led      board_led.o
    0x20200049        -       0x0000000e   Zero   RW          841    .bss.buffer         mpu6050.o
    0x20200057        -       0x00000001   Zero   RW         1191    .bss.current_status  mpu6050_task.o
    0x20200058        -       0x00000084   Zero   RW          709    .bss.debug_uart0    uart0_debug.o
    0x202000dc        -       0x00000010   Zero   RW         1020    .bss.dmp            inv_mpu_dmp_motion_driver.o
    0x202000ec        -       0x00000400   Zero   RW         1106    .bss.eight_ir_task_stack  eight_ir_task.o
    0x202004ec        -       0x00000060   Zero   RW         1107    .bss.eight_ir_task_tcb  eight_ir_task.o
    0x2020054c        -       0x000000bc   Zero   RW          137    .bss.gPWM_0Backup   ti_msp_dl_config.o
    0x20200608        -       0x000000bc   Zero   RW          138    .bss.gTIM_delay_msBackup  ti_msp_dl_config.o
    0x202006c4        -       0x00000009   Zero   RW         1104    .bss.ir_data        eight_ir_task.o
    0x202006cd   0x0000a40c   0x00000003   PAD
    0x202006d0        -       0x00000200   Zero   RW         1208    .bss.led_task_stack  led_task.o
    0x202008d0        -       0x00000060   Zero   RW         1209    .bss.led_task_tcb   led_task.o
    0x20200930        -       0x00000004   Zero   RW         1147    .bss.line_tracking_task_handle  line_tracking_task.o
    0x20200934        -       0x00000400   Zero   RW         1145    .bss.line_tracking_task_stack  line_tracking_task.o
    0x20200d34        -       0x00000060   Zero   RW         1146    .bss.line_tracking_task_tcb  line_tracking_task.o
    0x20200d94        -       0x00000004   Zero   RW         1123    .bss.motor_command_queue  motor_task.o
    0x20200d98        -       0x00000004   Zero   RW         1121    .bss.motor_command_queue_storage  motor_task.o
    0x20200d9c        -       0x00000050   Zero   RW         1122    .bss.motor_command_queue_tcb  motor_task.o
    0x20200dec        -       0x00000400   Zero   RW         1125    .bss.motor_task_stack  motor_task.o
    0x202011ec        -       0x00000060   Zero   RW         1126    .bss.motor_task_tcb  motor_task.o
    0x2020124c        -       0x00000018   Zero   RW          836    .bss.mpu6050        mpu6050.o
    0x20201264        -       0x00000004   Zero   RW         1195    .bss.mpu6050_task_handle  mpu6050_task.o
    0x20201268        -       0x00000800   Zero   RW         1193    .bss.mpu6050_task_stack  mpu6050_task.o
    0x20201a68        -       0x00000060   Zero   RW         1194    .bss.mpu6050_task_tcb  mpu6050_task.o
    0x20201ac8        -       0x00001000   Zero   RW         1160    .bss.print_task_stack  print_task.o
    0x20202ac8        -       0x00000060   Zero   RW         1161    .bss.print_task_tcb  print_task.o
    0x20202b28        -       0x000000f0   Zero   RW          551    .bss.prvCheckForValidListAndQueue.ucStaticTimerQueueStorage  timers.o
    0x20202c18        -       0x00000050   Zero   RW          550    .bss.prvCheckForValidListAndQueue.xStaticTimerQueue  timers.o
    0x20202c68        -       0x00000004   Zero   RW          547    .bss.prvSampleTimeNow.xLastTime  timers.o
    0x20202c6c        -       0x00000004   Zero   RW          462    .bss.pxCurrentTCB   tasks.o
    0x20202c70        -       0x00000004   Zero   RW          545    .bss.pxCurrentTimerList  timers.o
    0x20202c74        -       0x00000004   Zero   RW          471    .bss.pxDelayedTaskList  tasks.o
    0x20202c78        -       0x00000004   Zero   RW          575    .bss.pxEnd          heap_4.o
    0x20202c7c        -       0x00000004   Zero   RW          472    .bss.pxOverflowDelayedTaskList  tasks.o
    0x20202c80        -       0x00000004   Zero   RW          546    .bss.pxOverflowTimerList  timers.o
    0x20202c84        -       0x000000c8   Zero   RW          474    .bss.pxReadyTasksLists  tasks.o
    0x20202d4c        -       0x00000004   Zero   RW          467    .bss.uxCurrentNumberOfTasks  tasks.o
    0x20202d50        -       0x00000004   Zero   RW          466    .bss.uxDeletedTasksWaitingCleanUp  tasks.o
    0x20202d54        -       0x00000004   Zero   RW          469    .bss.uxSchedulerSuspended  tasks.o
    0x20202d58        -       0x00000004   Zero   RW          464    .bss.uxTaskNumber   tasks.o
    0x20202d5c        -       0x00000004   Zero   RW          475    .bss.uxTopReadyPriority  tasks.o
    0x20202d60        -       0x00000200   Zero   RW           20    .bss.vApplicationGetIdleTaskMemory.idle_task_stack  empty.o
    0x20202f60        -       0x00000060   Zero   RW           19    .bss.vApplicationGetIdleTaskMemory.idle_task_tcb  empty.o
    0x20202fc0        -       0x00000200   Zero   RW           22    .bss.vApplicationGetTimerTaskMemory.timer_task_stack  empty.o
    0x202031c0        -       0x00000060   Zero   RW           21    .bss.vApplicationGetTimerTaskMemory.timer_task_tcb  empty.o
    0x20203220        -       0x00000014   Zero   RW          548    .bss.xActiveTimerList1  timers.o
    0x20203234        -       0x00000014   Zero   RW          549    .bss.xActiveTimerList2  timers.o
    0x20203248        -       0x00000004   Zero   RW          576    .bss.xBlockAllocatedBit  heap_4.o
    0x2020324c        -       0x00000014   Zero   RW          483    .bss.xDelayedTaskList1  tasks.o
    0x20203260        -       0x00000014   Zero   RW          484    .bss.xDelayedTaskList2  tasks.o
    0x20203274        -       0x00000004   Zero   RW          577    .bss.xFreeBytesRemaining  heap_4.o
    0x20203278        -       0x00000004   Zero   RW          477    .bss.xIdleTaskHandle  tasks.o
    0x2020327c        -       0x00000004   Zero   RW          478    .bss.xNextTaskUnblockTime  tasks.o
    0x20203280        -       0x00000004   Zero   RW          482    .bss.xNumOfOverflows  tasks.o
    0x20203284        -       0x00000004   Zero   RW          581    .bss.xNumberOfSuccessfulFrees  heap_4.o
    0x20203288        -       0x00000004   Zero   RW          481    .bss.xPendedTicks   tasks.o
    0x2020328c        -       0x00000014   Zero   RW          479    .bss.xPendingReadyList  tasks.o
    0x202032a0        -       0x00000004   Zero   RW          468    .bss.xSchedulerRunning  tasks.o
    0x202032a4        -       0x00000008   Zero   RW          578    .bss.xStart         heap_4.o
    0x202032ac        -       0x00000014   Zero   RW          473    .bss.xSuspendedTaskList  tasks.o
    0x202032c0        -       0x00000014   Zero   RW          465    .bss.xTasksWaitingTermination  tasks.o
    0x202032d4        -       0x00000004   Zero   RW          470    .bss.xTickCount     tasks.o
    0x202032d8        -       0x00000004   Zero   RW          542    .bss.xTimerQueue    timers.o
    0x202032dc        -       0x00000004   Zero   RW          544    .bss.xTimerTaskHandle  timers.o
    0x202032e0        -       0x00000004   Zero   RW          480    .bss.xYieldPending  tasks.o
    0x202032e4   0x0000a40c   0x00000004   PAD
    0x202032e8        -       0x00000200   Zero   RW            1    STACK               startup_mspm0g350x_uvision.o



  Load Region LR_BCR (Base: 0x41c00000, Size: 0x00000000, Max: 0x00000100, ABSOLUTE)

    Execution Region BCR_CONFIG (Exec base: 0x41c00000, Load base: 0x41c00000, Size: 0x00000000, Max: 0x000000ff, ABSOLUTE)

    **** No section assigned to this execution region ****



  Load Region LR_BSL (Base: 0x41c00100, Size: 0x00000000, Max: 0x00000100, ABSOLUTE)

    Execution Region BSL_CONFIG (Exec base: 0x41c00100, Load base: 0x41c00100, Size: 0x00000000, Max: 0x00000080, ABSOLUTE)

    **** No section assigned to this execution region ****


==============================================================================

Image component sizes


      Code (inc. data)   RO Data    RW Data    ZI Data      Debug   Object Name

       134         12          0          0          1       4402   board_led.o
       316          4          0          0          0       4650   eight_ir.o
       108         20         12          0       1129       1934   eight_ir_task.o
       134         16          0          0       1216       2261   empty.o
       348         20          0          0         24       4024   heap_4.o
      7500        308         79         44          0      19797   inv_mpu.o
      3642        224       3062          0         16       9200   inv_mpu_dmp_motion_driver.o
        82         16          8          0        608       1690   led_task.o
      1720         52          0          0          0       4743   line_tracking.o
       542         24         10          0       1124       4327   line_tracking_task.o
       296          0          0          0          0       2110   list.o
       462         24         40          0          0       7319   motor.o
       228         28         10          0       1208       2829   motor_task.o
      1246          8          0          9         38       6293   mpu6050.o
      1924         96          0          0          0      13085   mpu6050_port.o
      1280         68          8          0       2149       8703   mpu6050_task.o
       366          0          0          0          0       1830   pid.o
       496         52          0          4          0       2536   port.o
       176         24         45          0       4192       1875   print_task.o
      2252          0          0          0          0      13366   queue.o
        20          4        192          0        512        640   startup_mspm0g350x_uvision.o
      4058        256          9          0        360      22215   tasks.o
      2204        156         48          0        376      28678   ti_msp_dl_config.o
       148         12          0          0          0       3889   tim_delay.o
      1414        108          8          0        380       9711   timers.o
       322         24          0          0        132       6727   uart0_debug.o

    ----------------------------------------------------------------------
     31468       1560       3568         60      13476     188834   Object Totals
         0          0         32          0          0          0   (incl. Generated)
        50          4          5          3         11          0   (incl. Padding)

    ----------------------------------------------------------------------

      Code (inc. data)   RO Data    RW Data    ZI Data      Debug   Library Member Name

        10          0          0          0          0        802   dl_common.o
       146          0          0          0          0       8619   dl_i2c.o
       592        184          0          0          0      41556   dl_timer.o
        90          8          0          0          0      14162   dl_uart.o
       280         38          0          0          0         76   asinf.o
       668         76          0          0          0        120   atan2f.o
        34          0          0          0          0         60   fpclassifyf.o
        44          0          0          0          0        272   funder.o
        44          0          0          0          0         72   sqrtf.o
         0          0          0          0          0          0   entry.o
         0          0          0          0          0          0   entry10a.o
         0          0          0          0          0          0   entry11a.o
         8          4          0          0          0          0   entry2.o
         4          0          0          0          0          0   entry5.o
         0          0          0          0          0          0   entry7b.o
         0          0          0          0          0          0   entry8b.o
         8          4          0          0          0          0   entry9a.o
        12          6          0          4          0         60   errno.o
        30          0          0          0          0          0   handlers.o
        80          6          0          0          0         72   idiv_div0.o
        48         10          0          0          0         68   init.o
         0          0          0          0          0          0   iusefp.o
        76          0          0          0          0         76   ldiv.o
        48          0          0          0          0         72   llmul.o
        32          0          0          0          0         68   llshl.o
        38          0          0          0          0         68   llsshr.o
        34          0          0          0          0         68   llushr.o
        26          0          0          0          0         72   memcmp.o
        36          0          0          0          0         60   memcpya.o
        36          0          0          0          0        100   memseta.o
      2252         98          0          0          0        412   printfa.o
         0          0          0          4          0          0   stdout.o
        62          0          0          0          0         72   uidiv_div0.o
        96          0          0          0          0         84   uldiv.o
        40          2          0          0          0         68   cdrcmple.o
       356          4          0          0          0        140   dadd.o
       240          6          0          0          0         84   ddiv.o
       236          0          0          0          0        216   depilogue.o
        64         10          0          0          0         68   dfixul.o
       208          6          0          0          0         88   dmul.o
       178          0          0          0          0        108   fadd.o
        28          0          0          0          0         60   fcmpeq.o
        28          0          0          0          0         60   fcmpge.o
        28          0          0          0          0         60   fcmpgt.o
        28          0          0          0          0         60   fcmple.o
        28          0          0          0          0         60   fcmplt.o
       124          0          0          0          0         72   fdiv.o
       130          0          0          0          0        144   fepilogue.o
        50          0          0          0          0         60   ffixi.o
        22          0          0          0          0         68   fflti.o
        14          0          0          0          0         68   ffltui.o
       122          0          0          0          0         72   fmul.o
        24          0          0          0          0         60   fscalb.o
        88          0          0          0          0         72   fsqrt.o

    ----------------------------------------------------------------------
      6892        466          0          8          0      68779   Library Totals
        22          4          0          0          0          0   (incl. Padding)

    ----------------------------------------------------------------------

      Code (inc. data)   RO Data    RW Data    ZI Data      Debug   Library Name

       838        192          0          0          0      65139   driverlib.a
      1070        114          0          0          0        600   m_ps.l
      2926        128          0          8          0       1352   mc_p.l
      2036         28          0          0          0       1688   mf_p.l

    ----------------------------------------------------------------------
      6892        466          0          8          0      68779   Library Totals

    ----------------------------------------------------------------------

==============================================================================


      Code (inc. data)   RO Data    RW Data    ZI Data      Debug   

     38360       2026       3568         68      13476     255261   Grand Totals
     38360       2026       3568         68      13476     255261   ELF Image Totals
     38360       2026       3568         68          0          0   ROM Totals

==============================================================================

    Total RO  Size (Code + RO Data)                41928 (  40.95kB)
    Total RW  Size (RW Data + ZI Data)             13544 (  13.23kB)
    Total ROM Size (Code + RO Data + RW Data)      41996 (  41.01kB)

==============================================================================

