Component: Arm Compiler for Embedded 6.22 Tool: armlink [5ee90200]

==============================================================================

Section Cross References

    empty.o(.text.main) refers to ti_msp_dl_config.o(.text.SYSCFG_DL_init) for SYSCFG_DL_init
    empty.o(.text.main) refers to motor_task.o(.text.motor_task_create) for motor_task_create
    empty.o(.text.main) refers to line_tracking_task.o(.text.line_tracking_task_create) for line_tracking_task_create
    empty.o(.text.main) refers to eight_ir_task.o(.text.eight_ir_task_create) for eight_ir_task_create
    empty.o(.text.main) refers to mpu6050_task.o(.text.mpu6050_task_create) for mpu6050_task_create
    empty.o(.text.main) refers to print_task.o(.text.print_task_create) for print_task_create
    empty.o(.text.main) refers to tasks.o(.text.vTaskStartScheduler) for vTaskStartScheduler
    empty.o(.ARM.exidx.text.main) refers to empty.o(.text.main) for [Anonymous Symbol]
    empty.o(.text.vApplicationGetIdleTaskMemory) refers to empty.o(.bss.vApplicationGetIdleTaskMemory.idle_task_tcb) for [Anonymous Symbol]
    empty.o(.text.vApplicationGetIdleTaskMemory) refers to empty.o(.bss.vApplicationGetIdleTaskMemory.idle_task_stack) for [Anonymous Symbol]
    empty.o(.ARM.exidx.text.vApplicationGetIdleTaskMemory) refers to empty.o(.text.vApplicationGetIdleTaskMemory) for [Anonymous Symbol]
    empty.o(.text.vApplicationGetTimerTaskMemory) refers to empty.o(.bss.vApplicationGetTimerTaskMemory.timer_task_tcb) for [Anonymous Symbol]
    empty.o(.text.vApplicationGetTimerTaskMemory) refers to empty.o(.bss.vApplicationGetTimerTaskMemory.timer_task_stack) for [Anonymous Symbol]
    empty.o(.ARM.exidx.text.vApplicationGetTimerTaskMemory) refers to empty.o(.text.vApplicationGetTimerTaskMemory) for [Anonymous Symbol]
    empty.o(.ARM.exidx.text.vApplicationStackOverflowHook) refers to empty.o(.text.vApplicationStackOverflowHook) for [Anonymous Symbol]
    ti_msp_dl_config.o(.text.SYSCFG_DL_init) refers to ti_msp_dl_config.o(.text.SYSCFG_DL_initPower) for SYSCFG_DL_initPower
    ti_msp_dl_config.o(.text.SYSCFG_DL_init) refers to ti_msp_dl_config.o(.text.SYSCFG_DL_GPIO_init) for SYSCFG_DL_GPIO_init
    ti_msp_dl_config.o(.text.SYSCFG_DL_init) refers to ti_msp_dl_config.o(.text.SYSCFG_DL_SYSCTL_init) for SYSCFG_DL_SYSCTL_init
    ti_msp_dl_config.o(.text.SYSCFG_DL_init) refers to ti_msp_dl_config.o(.text.SYSCFG_DL_PWM_0_init) for SYSCFG_DL_PWM_0_init
    ti_msp_dl_config.o(.text.SYSCFG_DL_init) refers to ti_msp_dl_config.o(.text.SYSCFG_DL_TIM_delay_ms_init) for SYSCFG_DL_TIM_delay_ms_init
    ti_msp_dl_config.o(.text.SYSCFG_DL_init) refers to ti_msp_dl_config.o(.text.SYSCFG_DL_I2C_0_init) for SYSCFG_DL_I2C_0_init
    ti_msp_dl_config.o(.text.SYSCFG_DL_init) refers to ti_msp_dl_config.o(.text.SYSCFG_DL_UART_DEBUG_init) for SYSCFG_DL_UART_DEBUG_init
    ti_msp_dl_config.o(.text.SYSCFG_DL_init) refers to ti_msp_dl_config.o(.bss.gPWM_0Backup) for gPWM_0Backup
    ti_msp_dl_config.o(.text.SYSCFG_DL_init) refers to ti_msp_dl_config.o(.bss.gTIM_delay_msBackup) for gTIM_delay_msBackup
    ti_msp_dl_config.o(.ARM.exidx.text.SYSCFG_DL_init) refers to ti_msp_dl_config.o(.text.SYSCFG_DL_init) for [Anonymous Symbol]
    ti_msp_dl_config.o(.text.SYSCFG_DL_initPower) refers to ti_msp_dl_config.o(.text.DL_GPIO_reset) for DL_GPIO_reset
    ti_msp_dl_config.o(.text.SYSCFG_DL_initPower) refers to ti_msp_dl_config.o(.text.DL_Timer_reset) for DL_Timer_reset
    ti_msp_dl_config.o(.text.SYSCFG_DL_initPower) refers to ti_msp_dl_config.o(.text.DL_I2C_reset) for DL_I2C_reset
    ti_msp_dl_config.o(.text.SYSCFG_DL_initPower) refers to ti_msp_dl_config.o(.text.DL_UART_reset) for DL_UART_reset
    ti_msp_dl_config.o(.text.SYSCFG_DL_initPower) refers to ti_msp_dl_config.o(.text.DL_GPIO_enablePower) for DL_GPIO_enablePower
    ti_msp_dl_config.o(.text.SYSCFG_DL_initPower) refers to ti_msp_dl_config.o(.text.DL_Timer_enablePower) for DL_Timer_enablePower
    ti_msp_dl_config.o(.text.SYSCFG_DL_initPower) refers to ti_msp_dl_config.o(.text.DL_I2C_enablePower) for DL_I2C_enablePower
    ti_msp_dl_config.o(.text.SYSCFG_DL_initPower) refers to ti_msp_dl_config.o(.text.DL_UART_enablePower) for DL_UART_enablePower
    ti_msp_dl_config.o(.text.SYSCFG_DL_initPower) refers to dl_common.o(.text.DL_Common_delayCycles) for DL_Common_delayCycles
    ti_msp_dl_config.o(.ARM.exidx.text.SYSCFG_DL_initPower) refers to ti_msp_dl_config.o(.text.SYSCFG_DL_initPower) for [Anonymous Symbol]
    ti_msp_dl_config.o(.text.SYSCFG_DL_GPIO_init) refers to ti_msp_dl_config.o(.text.DL_GPIO_initPeripheralOutputFunction) for DL_GPIO_initPeripheralOutputFunction
    ti_msp_dl_config.o(.text.SYSCFG_DL_GPIO_init) refers to ti_msp_dl_config.o(.text.DL_GPIO_enableOutput) for DL_GPIO_enableOutput
    ti_msp_dl_config.o(.text.SYSCFG_DL_GPIO_init) refers to ti_msp_dl_config.o(.text.DL_GPIO_initPeripheralInputFunctionFeatures) for DL_GPIO_initPeripheralInputFunctionFeatures
[...]
    [Anonymous Symbol]                       0x20200040   Section        0  mpu6050_task.o(.bss.calibration_requested)
    eight_ir_task_stack                      0x202000c8   Data        1024  eight_ir_task.o(.bss.eight_ir_task_stack)
    [Anonymous Symbol]                       0x202000c8   Section        0  eight_ir_task.o(.bss.eight_ir_task_stack)
    eight_ir_task_tcb                        0x202004c8   Data          96  eight_ir_task.o(.bss.eight_ir_task_tcb)
    [Anonymous Symbol]                       0x202004c8   Section        0  eight_ir_task.o(.bss.eight_ir_task_tcb)
    interrupt_count                          0x202006a0   Data           4  mpu6050_task.o(.bss.interrupt_count)
    [Anonymous Symbol]                       0x202006a0   Section        0  mpu6050_task.o(.bss.interrupt_count)
    latest_snapshot                          0x202006b0   Data         112  mpu6050_task.o(.bss.latest_snapshot)
    [Anonymous Symbol]                       0x202006b0   Section        0  mpu6050_task.o(.bss.latest_snapshot)
    line_tracking_task_handle                0x20200720   Data           4  line_tracking_task.o(.bss.line_tracking_task_handle)
    [Anonymous Symbol]                       0x20200720   Section        0  line_tracking_task.o(.bss.line_tracking_task_handle)
    line_tracking_task_stack                 0x20200724   Data        1024  line_tracking_task.o(.bss.line_tracking_task_stack)
    [Anonymous Symbol]                       0x20200724   Section        0  line_tracking_task.o(.bss.line_tracking_task_stack)
    line_tracking_task_tcb                   0x20200b24   Data          96  line_tracking_task.o(.bss.line_tracking_task_tcb)
    [Anonymous Symbol]                       0x20200b24   Section        0  line_tracking_task.o(.bss.line_tracking_task_tcb)
    motor_command_queue                      0x20200b84   Data           4  motor_task.o(.bss.motor_command_queue)
    [Anonymous Symbol]                       0x20200b84   Section        0  motor_task.o(.bss.motor_command_queue)
    motor_command_queue_storage              0x20200b88   Data           4  motor_task.o(.bss.motor_command_queue_storage)
    [Anonymous Symbol]                       0x20200b88   Section        0  motor_task.o(.bss.motor_command_queue_storage)
    motor_command_queue_tcb                  0x20200b8c   Data          80  motor_task.o(.bss.motor_command_queue_tcb)
    [Anonymous Symbol]                       0x20200b8c   Section        0  motor_task.o(.bss.motor_command_queue_tcb)
    motor_task_stack                         0x20200bdc   Data        1024  motor_task.o(.bss.motor_task_stack)
    [Anonymous Symbol]                       0x20200bdc   Section        0  motor_task.o(.bss.motor_task_stack)
    motor_task_tcb                           0x20200fdc   Data          96  motor_task.o(.bss.motor_task_tcb)
    [Anonymous Symbol]                       0x20200fdc   Section        0  motor_task.o(.bss.motor_task_tcb)
    mpu6050_task_handle                      0x20201088   Data           4  mpu6050_task.o(.bss.mpu6050_task_handle)
    [Anonymous Symbol]                       0x20201088   Section        0  mpu6050_task.o(.bss.mpu6050_task_handle)
    mpu6050_task_stack                       0x2020108c   Data        2048  mpu6050_task.o(.bss.mpu6050_task_stack)
    [Anonymous Symbol]                       0x2020108c   Section        0  mpu6050_task.o(.bss.mpu6050_task_stack)
    mpu6050_task_tcb                         0x2020188c   Data          96  mpu6050_task.o(.bss.mpu6050_task_tcb)
    [Anonymous Symbol]                       0x2020188c   Section        0  mpu6050_task.o(.bss.mpu6050_task_tcb)
    print_task_stack                         0x202018ec   Data        4096  print_task.o(.bss.print_task_stack)
    [Anonymous Symbol]                       0x202018ec   Section        0  print_task.o(.bss.print_task_stack)
    print_task_tcb                           0x202028ec   Data          96  print_task.o(.bss.print_task_tcb)
    [Anonymous Symbol]                       0x202028ec   Section        0  print_task.o(.bss.print_task_tcb)
    prvCheckForValidListAndQueue.ucStaticTimerQueueStorage 0x2020294c   Data         240  timers.o(.bss.prvCheckForValidListAndQueue.ucStaticTimerQueueStorage)
    [Anonymous Symbol]                       0x2020294c   Section        0  timers.o(.bss.prvCheckForValidListAndQueue.ucStaticTimerQueueStorage)
    prvCheckForValidListAndQueue.xStaticTimerQueue 0x20202a3c   Data          80  timers.o(.bss.prvCheckForValidListAndQueue.xStaticTimerQueue)
    [Anonymous Symbol]                       0x20202a3c   Section        0  timers.o(.bss.prvCheckForValidListAndQueue.xStaticTimerQueue)
    prvSampleTimeNow.xLastTime               0x20202a8c   Data           4  timers.o(.bss.prvSampleTimeNow.xLastTime)
    [Anonymous Symbol]                       0x20202a8c   Section        0  timers.o(.bss.prvSampleTimeNow.xLastTime)
    pxCurrentTimerList                       0x20202a94   Data           4  timers.o(.bss.pxCurrentTimerList)
    [Anonymous Symbol]                       0x20202a94   Section        0  timers.o(.bss.pxCurrentTimerList)
    pxDelayedTaskList                        0x20202a98   Data           4  tasks.o(.bss.pxDelayedTaskList)
    [Anonymous Symbol]                       0x20202a98   Section        0  tasks.o(.bss.pxDelayedTaskList)
    pxEnd                                    0x20202a9c   Data           4  heap_4.o(.bss.pxEnd)
    [Anonymous Symbol]                       0x20202a9c   Section        0  heap_4.o(.bss.pxEnd)
    pxOverflowDelayedTaskList                0x20202aa0   Data           4  tasks.o(.bss.pxOverflowDelayedTaskList)
    [Anonymous Symbol]                       0x20202aa0   Section        0  tasks.o(.bss.pxOverflowDelayedTaskList)
    pxOverflowTimerList                      0x20202aa4   Data           4  timers.o(.bss.pxOverflowTimerList)
    [Anonymous Symbol]                       0x20202aa4   Section        0  timers.o(.bss.pxOverflowTimerList)
    pxReadyTasksLists                        0x20202aa8   Data         200  tasks.o(.bss.pxReadyTasksLists)
    [Anonymous Symbol]                       0x20202aa8   Section        0  tasks.o(.bss.pxReadyTasksLists)
    uxCurrentNumberOfTasks                   0x20202b70   Data           4  tasks.o(.bss.uxCurrentNumberOfTasks)
    [Anonymous Symbol]                       0x20202b70   Section        0  tasks.o(.bss.uxCurrentNumberOfTasks)
    uxDeletedTasksWaitingCleanUp             0x20202b74   Data           4  tasks.o(.bss.uxDeletedTasksWaitingCleanUp)
    [Anonymous Symbol]                       0x20202b74   Section        0  tasks.o(.bss.uxDeletedTasksWaitingCleanUp)
    uxSchedulerSuspended                     0x20202b78   Data           4  tasks.o(.bss.uxSchedulerSuspended)
    [Anonymous Symbol]                       0x20202b78   Section        0  tasks.o(.bss.uxSchedulerSuspended)
    uxTaskNumber                             0x20202b7c   Data           4  tasks.o(.bss.uxTaskNumber)
    [Anonymous Symbol]                       0x20202b7c   Section        0  tasks.o(.bss.uxTaskNumber)
    uxTopReadyPriority                       0x20202b80   Data           4  tasks.o(.bss.uxTopReadyPriority)
    [Anonymous Symbol]                       0x20202b80   Section        0  tasks.o(.bss.uxTopReadyPriority)
    vApplicationGetIdleTaskMemory.idle_task_stack 0x20202b84   Data         512  empty.o(.bss.vApplicationGetIdleTaskMemory.idle_task_stack)
    [Anonymous Symbol]                       0x20202b84   Section        0  empty.o(.bss.vApplicationGetIdleTaskMemory.idle_task_stack)
    vApplicationGetIdleTaskMemory.idle_task_tcb 0x20202d84   Data          96  empty.o(.bss.vApplicationGetIdleTaskMemory.idle_task_tcb)
    [Anonymous Symbol]                       0x20202d84   Section        0  empty.o(.bss.vApplicationGetIdleTaskMemory.idle_task_tcb)
    vApplicationGetTimerTaskMemory.timer_task_stack 0x20202de4   Data         512  empty.o(.bss.vApplicationGetTimerTaskMemory.timer_task_stack)
    [Anonymous Symbol]                       0x20202de4   Section        0  empty.o(.bss.vApplicationGetTimerTaskMemory.timer_task_stack)
    vApplicationGetTimerTaskMemory.timer_task_tcb 0x20202fe4   Data          96  empty.o(.bss.vApplicationGetTimerTaskMemory.timer_task_tcb)
    [Anonymous Symbol]                       0x20202fe4   Section        0  empty.o(.bss.vApplicationGetTimerTaskMemory.timer_task_tcb)
    xActiveTimerList1                        0x20203044   Data          20  timers.o(.bss.xActiveTimerList1)
    [Anonymous Symbol]                       0x20203044   Section        0  timers.o(.bss.xActiveTimerList1)
    xActiveTimerList2                        0x20203058   Data          20  timers.o(.bss.xActiveTimerList2)
    [Anonymous Symbol]                       0x20203058   Section        0  timers.o(.bss.xActiveTimerList2)
    xBlockAllocatedBit                       0x2020306c   Data           4  heap_4.o(.bss.xBlockAllocatedBit)
    [Anonymous Symbol]                       0x2020306c   Section        0  heap_4.o(.bss.xBlockAllocatedBit)
    xDelayedTaskList1                        0x20203070   Data          20  tasks.o(.bss.xDelayedTaskList1)
    [Anonymous Symbol]                       0x20203070   Section        0  tasks.o(.bss.xDelayedTaskList1)
    xDelayedTaskList2                        0x20203084   Data          20  tasks.o(.bss.xDelayedTaskList2)
    [Anonymous Symbol]                       0x20203084   Section        0  tasks.o(.bss.xDelayedTaskList2)
    xFreeBytesRemaining                      0x20203098   Data           4  heap_4.o(.bss.xFreeBytesRemaining)
    [Anonymous Symbol]                       0x20203098   Section        0  heap_4.o(.bss.xFreeBytesRemaining)
    xIdleTaskHandle                          0x2020309c   Data           4  tasks.o(.bss.xIdleTaskHandle)
    [Anonymous Symbol]                       0x2020309c   Section        0  tasks.o(.bss.xIdleTaskHandle)
    xNextTaskUnblockTime                     0x202030a0   Data           4  tasks.o(.bss.xNextTaskUnblockTime)
    [Anonymous Symbol]                       0x202030a0   Section        0  tasks.o(.bss.xNextTaskUnblockTime)
    xNumOfOverflows                          0x202030a4   Data           4  tasks.o(.bss.xNumOfOverflows)
    [Anonymous Symbol]                       0x202030a4   Section        0  tasks.o(.bss.xNumOfOverflows)
    xNumberOfSuccessfulFrees                 0x202030a8   Data           4  heap_4.o(.bss.xNumberOfSuccessfulFrees)
    [Anonymous Symbol]                       0x202030a8   Section        0  heap_4.o(.bss.xNumberOfSuccessfulFrees)
    xPendedTicks                             0x202030ac   Data           4  tasks.o(.bss.xPendedTicks)
    [Anonymous Symbol]                       0x202030ac   Section        0  tasks.o(.bss.xPendedTicks)
    xPendingReadyList                        0x202030b0   Data          20  tasks.o(.bss.xPendingReadyList)
    [Anonymous Symbol]                       0x202030b0   Section        0  tasks.o(.bss.xPendingReadyList)
    xSchedulerRunning                        0x202030c4   Data           4  tasks.o(.bss.xSchedulerRunning)
    [Anonymous Symbol]                       0x202030c4   Section        0  tasks.o(.bss.xSchedulerRunning)
    xStart                                   0x202030c8   Data           8  heap_4.o(.bss.xStart)
    [Anonymous Symbol]                       0x202030c8   Section        0  heap_4.o(.bss.xStart)
    xSuspendedTaskList                       0x202030d0   Data          20  tasks.o(.bss.xSuspendedTaskList)
    [Anonymous Symbol]                       0x202030d0   Section        0  tasks.o(.bss.xSuspendedTaskList)
    xTasksWaitingTermination                 0x202030e4   Data          20  tasks.o(.bss.xTasksWaitingTermination)
    [Anonymous Symbol]                       0x202030e4   Section        0  tasks.o(.bss.xTasksWaitingTermination)
    xTickCount                               0x202030f8   Data           4  tasks.o(.bss.xTickCount)
    [Anonymous Symbol]                       0x202030f8   Section        0  tasks.o(.bss.xTickCount)
    xTimerQueue                              0x202030fc   Data           4  timers.o(.bss.xTimerQueue)
    [Anonymous Symbol]                       0x202030fc   Section        0  timers.o(.bss.xTimerQueue)
    xTimerTaskHandle                         0x20203100   Data           4  timers.o(.bss.xTimerTaskHandle)
    [Anonymous Symbol]                       0x20203100   Section        0  timers.o(.bss.xTimerTaskHandle)
    xYieldPending                            0x20203104   Data           4  tasks.o(.bss.xYieldPending)
    [Anonymous Symbol]                       0x20203104   Section        0  tasks.o(.bss.xYieldPending)
    STACK                                    0x20203108   Section      512  startup_mspm0g350x_uvision.o(STACK)

    Global Symbols

    Symbol Name                              Value     Ov Type        Size  Object(Section)

    BuildAttributes$$THM_ISAv3M$S$PE$A:L22$X:L11$S22$IEEE1$IW$~IW$USESV6$~STKCKD$USESV7$~SHL$OTIME$ROPI$IEEEX$EBA8$MICROLIB$REQ8$PRES8$EABIv2 0x00000000   Number         0  anon$$obj.o ABSOLUTE
    __Vectors                                0x00000000   Data           4  startup_mspm0g350x_uvision.o(RESET)
    __cpp_initialize__aeabi_                  - Undefined Weak Reference
    __cxa_finalize                            - Undefined Weak Reference
    __decompress                              - Undefined Weak Reference
    _clock_init                               - Undefined Weak Reference
    _microlib_exit                            - Undefined Weak Reference
    __Vectors_End                            0x000000c0   Data           0  startup_mspm0g350x_uvision.o(RESET)
    __Vectors_Size                           0x000000c0   Number         0  startup_mspm0g350x_uvision.o ABSOLUTE
    __main                                   0x000000c1   Thumb Code     0  entry.o(.ARM.Collect$$$$00000000)
    _main_stk                                0x000000c1   Thumb Code     0  entry2.o(.ARM.Collect$$$$00000001)
    _main_scatterload                        0x000000c5   Thumb Code     0  entry5.o(.ARM.Collect$$$$00000004)
    __main_after_scatterload                 0x000000c9   Thumb Code     0  entry5.o(.ARM.Collect$$$$00000004)
    _main_clock                              0x000000c9   Thumb Code     0  entry7b.o(.ARM.Collect$$$$00000008)
    _main_cpp_init                           0x000000c9   Thumb Code     0  entry8b.o(.ARM.Collect$$$$0000000A)
    _main_init                               0x000000c9   Thumb Code     0  entry9a.o(.ARM.Collect$$$$0000000B)
    __rt_final_cpp                           0x000000d1   Thumb Code     0  entry10a.o(.ARM.Collect$$$$0000000D)
    __rt_final_exit                          0x000000d1   Thumb Code     0  entry11a.o(.ARM.Collect$$$$0000000F)
    Reset_Handler                            0x000000d5   Thumb Code     4  startup_mspm0g350x_uvision.o(.text)
    NMI_Handler                              0x000000d9   Thumb Code     2  startup_mspm0g350x_uvision.o(.text)
    HardFault_Handler                        0x000000db   Thumb Code     2  startup_mspm0g350x_uvision.o(.text)
    ADC0_IRQHandler                          0x000000e3   Thumb Code     0  startup_mspm0g350x_uvision.o(.text)
    ADC1_IRQHandler                          0x000000e3   Thumb Code     0  startup_mspm0g350x_uvision.o(.text)
    AES_IRQHandler                           0x000000e3   Thumb Code     0  startup_mspm0g350x_uvision.o(.text)
    CANFD0_IRQHandler                        0x000000e3   Thumb Code     0  startup_mspm0g350x_uvision.o(.text)
    DAC0_IRQHandler                          0x000000e3   Thumb Code     0  startup_mspm0g350x_uvision.o(.text)
    DMA_IRQHandler                           0x000000e3   Thumb Code     0  startup_mspm0g350x_uvision.o(.text)
    Default_Handler                          0x000000e3   Thumb Code     2  startup_mspm0g350x_uvision.o(.text)
    GROUP0_IRQHandler                        0x000000e3   Thumb Code     0  startup_mspm0g350x_uvision.o(.text)
    I2C0_IRQHandler                          0x000000e3   Thumb Code     0  startup_mspm0g350x_uvision.o(.text)
    I2C1_IRQHandler                          0x000000e3   Thumb Code     0  startup_mspm0g350x_uvision.o(.text)
    RTC_IRQHandler                           0x000000e3   Thumb Code     0  startup_mspm0g350x_uvision.o(.text)
    SPI0_IRQHandler                          0x000000e3   Thumb Code     0  startup_mspm0g350x_uvision.o(.text)
    SPI1_IRQHandler                          0x000000e3   Thumb Code     0  startup_mspm0g350x_uvision.o(.text)
    TIMA0_IRQHandler                         0x000000e3   Thumb Code     0  startup_mspm0g350x_uvision.o(.text)
    TIMA1_IRQHandler                         0x000000e3   Thumb Code     0  startup_mspm0g350x_uvision.o(.text)
    TIMG0_IRQHandler                         0x000000e3   Thumb Code     0  startup_mspm0g350x_uvision.o(.text)
    TIMG12_IRQHandler                        0x000000e3   Thumb Code     0  startup_mspm0g350x_uvision.o(.text)
    TIMG6_IRQHandler                         0x000000e3   Thumb Code     0  startup_mspm0g350x_uvision.o(.text)
    TIMG7_IRQHandler                         0x000000e3   Thumb Code     0  startup_mspm0g350x_uvision.o(.text)
    TIMG8_IRQHandler                         0x000000e3   Thumb Code     0  startup_mspm0g350x_uvision.o(.text)
    UART1_IRQHandler                         0x000000e3   Thumb Code     0  startup_mspm0g350x_uvision.o(.text)
    UART2_IRQHandler                         0x000000e3   Thumb Code     0  startup_mspm0g350x_uvision.o(.text)
    UART3_IRQHandler                         0x000000e3   Thumb Code     0  startup_mspm0g350x_uvision.o(.text)
    __aeabi_memcpy                           0x000000e9   Thumb Code    36  memcpya.o(.text)
    __aeabi_memcpy4                          0x000000e9   Thumb Code     0  memcpya.o(.text)
    __aeabi_memcpy8                          0x000000e9   Thumb Code     0  memcpya.o(.text)
    __aeabi_memset                           0x0000010d   Thumb Code    14  memseta.o(.text)
    __aeabi_memset4                          0x0000010d   Thumb Code     0  memseta.o(.text)
    __aeabi_memset8                          0x0000010d   Thumb Code     0  memseta.o(.text)
    __aeabi_memclr                           0x0000011b   Thumb Code     4  memseta.o(.text)
    __aeabi_memclr4                          0x0000011b   Thumb Code     0  memseta.o(.text)
    __aeabi_memclr8                          0x0000011b   Thumb Code     0  memseta.o(.text)
    _memset$wrapper                          0x0000011f   Thumb Code    18  memseta.o(.text)
    __aeabi_fadd                             0x00000131   Thumb Code   162  fadd.o(.text)
    __aeabi_fsub                             0x000001d3   Thumb Code     8  fadd.o(.text)
    __aeabi_frsub                            0x000001db   Thumb Code     8  fadd.o(.text)
    __aeabi_fmul                             0x000001e3   Thumb Code   122  fmul.o(.text)
    __aeabi_fdiv                             0x0000025d   Thumb Code   124  fdiv.o(.text)
    __aeabi_fcmple                           0x000002d9   Thumb Code    28  fcmple.o(.text)
    __aeabi_fcmplt                           0x000002f5   Thumb Code    28  fcmplt.o(.text)
    __aeabi_fcmpge                           0x00000311   Thumb Code    28  fcmpge.o(.text)
    __aeabi_fcmpgt                           0x0000032d   Thumb Code    28  fcmpgt.o(.text)
    __aeabi_fcmpeq                           0x00000349   Thumb Code    28  fcmpeq.o(.text)
    __aeabi_i2f                              0x00000365   Thumb Code    22  fflti.o(.text)
    __aeabi_ui2f                             0x0000037b   Thumb Code    14  ffltui.o(.text)
    __aeabi_f2iz                             0x00000389   Thumb Code    50  ffixi.o(.text)
    __aeabi_uidiv                            0x000003bb   Thumb Code     0  uidiv_div0.o(.text)
    __aeabi_uidivmod                         0x000003bb   Thumb Code    62  uidiv_div0.o(.text)
    __aeabi_uldivmod                         0x000003f9   Thumb Code    96  uldiv.o(.text)
    __I$use$fp                               0x00000459   Thumb Code     0  iusefp.o(.text)
    _float_round                             0x00000459   Thumb Code    16  fepilogue.o(.text)
    _float_epilogue                          0x00000469   Thumb Code   114  fepilogue.o(.text)
    __ARM_scalbnf                            0x000004db   Thumb Code    24  fscalb.o(.text)
    scalbnf                                  0x000004db   Thumb Code     0  fscalb.o(.text)
    _fsqrt                                   0x000004f3   Thumb Code    88  fsqrt.o(.text)
    _frnd                                    0x0000054b   Thumb Code    62  frnd.o(.text)
    __aeabi_dadd                             0x00000589   Thumb Code   328  dadd.o(.text)
    __aeabi_dsub                             0x000006d1   Thumb Code    12  dadd.o(.text)
    __aeabi_drsub                            0x000006dd   Thumb Code    12  dadd.o(.text)
    __aeabi_dmul                             0x000006ed   Thumb Code   202  dmul.o(.text)
    __aeabi_ddiv                             0x000007bd   Thumb Code   234  ddiv.o(.text)
    __aeabi_d2ulz                            0x000008ad   Thumb Code    54  dfixul.o(.text)
    __aeabi_cdrcmple                         0x000008ed   Thumb Code    38  cdrcmple.o(.text)
    __scatterload                            0x00000919   Thumb Code    38  init.o(.text)
    __scatterload_rt2                        0x00000919   Thumb Code     0  init.o(.text)
    __aeabi_llsl                             0x00000949   Thumb Code    32  llshl.o(.text)
    _ll_shift_l                              0x00000949   Thumb Code     0  llshl.o(.text)
    __aeabi_llsr                             0x00000969   Thumb Code    34  llushr.o(.text)
    _ll_ushift_r                             0x00000969   Thumb Code     0  llushr.o(.text)
    __aeabi_lasr                             0x0000098b   Thumb Code    38  llsshr.o(.text)
    _ll_sshift_r                             0x0000098b   Thumb Code     0  llsshr.o(.text)
    _double_round                            0x000009b1   Thumb Code    26  depilogue.o(.text)
    _double_epilogue                         0x000009cb   Thumb Code   164  depilogue.o(.text)
    DL_Common_delayCycles                    0x00000a6f   Thumb Code    10  dl_common.o(.text.DL_Common_delayCycles)
    DL_FlashCTL_eraseMemoryFromRAM           0x00000ac9   Thumb Code    20  dl_flashctl.o(.text.DL_FlashCTL_eraseMemoryFromRAM)
    DL_FlashCTL_programMemoryBlockingFromRAM64WithECCGenerated 0x00000b0d   Thumb Code   116  dl_flashctl.o(.text.DL_FlashCTL_programMemoryBlockingFromRAM64WithECCGenerated)
    DL_FlashCTL_unprotectSector              0x00000b81   Thumb Code   240  dl_flashctl.o(.text.DL_FlashCTL_unprotectSector)
    DL_I2C_fillControllerTXFIFO              0x0000101d   Thumb Code    44  dl_i2c.o(.text.DL_I2C_fillControllerTXFIFO)
    DL_I2C_flushControllerRXFIFO             0x00001049   Thumb Code    28  dl_i2c.o(.text.DL_I2C_flushControllerRXFIFO)
    DL_I2C_flushControllerTXFIFO             0x00001065   Thumb Code    36  dl_i2c.o(.text.DL_I2C_flushControllerTXFIFO)
    DL_I2C_setClockConfig                    0x0000115f   Thumb Code    38  dl_i2c.o(.text.DL_I2C_setClockConfig)
    DL_Timer_initFourCCPWMMode               0x000012d9   Thumb Code   264  dl_timer.o(.text.DL_Timer_initFourCCPWMMode)
    DL_Timer_initTimerMode                   0x000013e1   Thumb Code   232  dl_timer.o(.text.DL_Timer_initTimerMode)
    DL_Timer_setCaptCompUpdateMethod         0x000014f5   Thumb Code    28  dl_timer.o(.text.DL_Timer_setCaptCompUpdateMethod)
    DL_Timer_setCaptureCompareOutCtl         0x00001511   Thumb Code    24  dl_timer.o(.text.DL_Timer_setCaptureCompareOutCtl)
    DL_Timer_setCaptureCompareValue          0x00001529   Thumb Code    16  dl_timer.o(.text.DL_Timer_setCaptureCompareValue)
    DL_Timer_setClockConfig                  0x00001539   Thumb Code    28  dl_timer.o(.text.DL_Timer_setClockConfig)
    DL_UART_init                             0x00001631   Thumb Code    72  dl_uart.o(.text.DL_UART_init)
    DL_UART_setClockConfig                   0x00001709   Thumb Code    18  dl_uart.o(.text.DL_UART_setClockConfig)
    GROUP1_IRQHandler                        0x00001751   Thumb Code   100  mpu6050_task.o(.text.GROUP1_IRQHandler)
    PendSV_Handler                           0x000017c1   Thumb Code    68  port.o(.text.PendSV_Handler)
    SVC_Handler                              0x00001805   Thumb Code     2  port.o(.text.SVC_Handler)
    SYSCFG_DL_GPIO_init                      0x00001809   Thumb Code   384  ti_msp_dl_config.o(.text.SYSCFG_DL_GPIO_init)
    SYSCFG_DL_I2C_0_init                     0x00001991   Thumb Code    80  ti_msp_dl_config.o(.text.SYSCFG_DL_I2C_0_init)
    SYSCFG_DL_PWM_0_init                     0x000019e5   Thumb Code   128  ti_msp_dl_config.o(.text.SYSCFG_DL_PWM_0_init)
    SYSCFG_DL_SYSCTL_init                    0x00001a6d   Thumb Code    42  ti_msp_dl_config.o(.text.SYSCFG_DL_SYSCTL_init)
    SYSCFG_DL_TIM_delay_ms_init              0x00001a99   Thumb Code    32  ti_msp_dl_config.o(.text.SYSCFG_DL_TIM_delay_ms_init)
    SYSCFG_DL_UART_DEBUG_init                0x00001ac1   Thumb Code    68  ti_msp_dl_config.o(.text.SYSCFG_DL_UART_DEBUG_init)
    SYSCFG_DL_init                           0x00001b0d   Thumb Code    44  ti_msp_dl_config.o(.text.SYSCFG_DL_init)
    SYSCFG_DL_initPower                      0x00001b41   Thumb Code   100  ti_msp_dl_config.o(.text.SYSCFG_DL_initPower)
    SysTick_Handler                          0x00001bb9   Thumb Code    40  port.o(.text.SysTick_Handler)
    UART0_IRQHandler                         0x00001be5   Thumb Code    40  uart0_debug.o(.text.UART0_IRQHandler)
    debug_uart_init                          0x000023ad   Thumb Code    22  uart0_debug.o(.text.debug_uart_init)
    delay_us                                 0x000023f1   Thumb Code    60  tim_delay.o(.text.delay_us)
    eight_ir_init                            0x00002431   Thumb Code    10  eight_ir.o(.text.eight_ir_init)
    eight_ir_read                            0x0000243b   Thumb Code   112  eight_ir.o(.text.eight_ir_read)
    eight_ir_task_create                     0x000024ed   Thumb Code    36  eight_ir_task.o(.text.eight_ir_task_create)
    fputc                                    0x00002521   Thumb Code    40  uart0_debug.o(.text.fputc)
    line_tracking_get_default_config         0x000026dd   Thumb Code    92  line_tracking.o(.text.line_tracking_get_default_config)
    line_tracking_init                       0x00002755   Thumb Code    92  line_tracking.o(.text.line_tracking_init)
    line_tracking_reset                      0x000027b1   Thumb Code    38  line_tracking.o(.text.line_tracking_reset)
    line_tracking_task_create                0x00002929   Thumb Code    40  line_tracking_task.o(.text.line_tracking_task_create)
    line_tracking_task_notify_sensor_update  0x00002961   Thumb Code    36  line_tracking_task.o(.text.line_tracking_task_notify_sensor_update)
    line_tracking_update                     0x00002989   Thumb Code  1548  line_tracking.o(.text.line_tracking_update)
    mahony_get_euler_deg                     0x00002fa9   Thumb Code   384  mahony.o(.text.mahony_get_euler_deg)
    mahony_init_from_accel                   0x0000312d   Thumb Code   368  mahony.o(.text.mahony_init_from_accel)
    mahony_reset                             0x000032a5   Thumb Code    70  mahony.o(.text.mahony_reset)
    mahony_update_imu                        0x000032ed   Thumb Code  1044  mahony.o(.text.mahony_update_imu)
    main                                     0x0000370d   Thumb Code    40  empty.o(.text.main)
    motor_init                               0x000037cd   Thumb Code    24  motor.o(.text.motor_init)
    motor_set_speed                          0x000037e5   Thumb Code    46  motor.o(.text.motor_set_speed)
    motor_standby                            0x00003815   Thumb Code    48  motor.o(.text.motor_standby)
    motor_task_create                        0x00003889   Thumb Code    64  motor_task.o(.text.motor_task_create)
    motor_task_set_target                    0x000038e1   Thumb Code    72  motor_task.o(.text.motor_task_set_target)
    mpu6050_bias_load                        0x0000392d   Thumb Code   140  mpu6050_bias_store.o(.text.mpu6050_bias_load)
    mpu6050_bias_save                        0x000039b9   Thumb Code   324  mpu6050_bias_store.o(.text.mpu6050_bias_save)
    mpu6050_port_delay_ms                    0x00003b09   Thumb Code    78  mpu6050_port.o(.text.mpu6050_port_delay_ms)
    mpu6050_port_init                        0x00003b59   Thumb Code    52  mpu6050_port.o(.text.mpu6050_port_init)
    mpu6050_port_read                        0x00003b8d   Thumb Code    92  mpu6050_port.o(.text.mpu6050_port_read)
    mpu6050_port_recover_bus                 0x00003be9   Thumb Code   220  mpu6050_port.o(.text.mpu6050_port_recover_bus)
    mpu6050_port_write                       0x00003ccd   Thumb Code   132  mpu6050_port.o(.text.mpu6050_port_write)
    mpu6050_raw_convert                      0x00003d51   Thumb Code   160  mpu6050_raw.o(.text.mpu6050_raw_convert)
    mpu6050_raw_disable_interrupt            0x00003dfd   Thumb Code    12  mpu6050_raw.o(.text.mpu6050_raw_disable_interrupt)
    mpu6050_raw_init                         0x00003e09   Thumb Code   274  mpu6050_raw.o(.text.mpu6050_raw_init)
    mpu6050_raw_read                         0x00003f1b   Thumb Code   164  mpu6050_raw.o(.text.mpu6050_raw_read)
    mpu6050_task_create                      0x00004171   Thumb Code    68  mpu6050_task.o(.text.mpu6050_task_create)
    pid_calculate                            0x000042b1   Thumb Code   202  pid.o(.text.pid_calculate)
    pid_init                                 0x0000437b   Thumb Code    66  pid.o(.text.pid_init)
    pid_reset                                0x000043bd   Thumb Code    36  pid.o(.text.pid_reset)
    print_task_create                        0x000044b1   Thumb Code    32  print_task.o(.text.print_task_create)
    pxPortInitialiseStack                    0x00005179   Thumb Code    72  port.o(.text.pxPortInitialiseStack)
    ulSetInterruptMaskFromISR                0x000055d1   Thumb Code     8  port.o(.text.ulSetInterruptMaskFromISR)
    ulTaskGenericNotifyTake                  0x000055d9   Thumb Code   188  tasks.o(.text.ulTaskGenericNotifyTake)
    uxListRemove                             0x00005699   Thumb Code    72  list.o(.text.uxListRemove)
    vApplicationGetIdleTaskMemory            0x000056e1   Thumb Code    32  empty.o(.text.vApplicationGetIdleTaskMemory)
    vApplicationGetTimerTaskMemory           0x00005709   Thumb Code    32  empty.o(.text.vApplicationGetTimerTaskMemory)
    vApplicationStackOverflowHook            0x00005731   Thumb Code    10  empty.o(.text.vApplicationStackOverflowHook)
    vClearInterruptMaskFromISR               0x0000573b   Thumb Code     6  port.o(.text.vClearInterruptMaskFromISR)
    vListInitialise                          0x00005741   Thumb Code    44  list.o(.text.vListInitialise)
    vListInitialiseItem                      0x0000576d   Thumb Code    14  list.o(.text.vListInitialiseItem)
    vListInsert                              0x0000577b   Thumb Code   108  list.o(.text.vListInsert)
    vListInsertEnd                           0x000057e7   Thumb Code    58  list.o(.text.vListInsertEnd)
    vPortEnterCritical                       0x00005821   Thumb Code    20  port.o(.text.vPortEnterCritical)
    vPortExitCritical                        0x00005835   Thumb Code    40  port.o(.text.vPortExitCritical)
    vPortFree                                0x00005861   Thumb Code   148  heap_4.o(.text.vPortFree)
    vPortSetupTimerInterrupt                 0x00005901   Thumb Code    24  port.o(.text.vPortSetupTimerInterrupt)
    vPortYield                               0x00005965   Thumb Code    20  port.o(.text.vPortYield)
    vQueueWaitForMessageRestricted           0x0000597d   Thumb Code   106  queue.o(.text.vQueueWaitForMessageRestricted)
    vTaskDelay                               0x000059e9   Thumb Code    76  tasks.o(.text.vTaskDelay)
    vTaskGenericNotifyGiveFromISR            0x00005a35   Thumb Code   240  tasks.o(.text.vTaskGenericNotifyGiveFromISR)
    vTaskInternalSetTimeOutState             0x00005b29   Thumb Code    24  tasks.o(.text.vTaskInternalSetTimeOutState)
    vTaskMissedYield                         0x00005b45   Thumb Code     8  tasks.o(.text.vTaskMissedYield)
    vTaskPlaceOnEventList                    0x00005b4d   Thumb Code    48  tasks.o(.text.vTaskPlaceOnEventList)
    vTaskPlaceOnEventListRestricted          0x00005b7d   Thumb Code    64  tasks.o(.text.vTaskPlaceOnEventListRestricted)
    vTaskStartScheduler                      0x00005bbd   Thumb Code   160  tasks.o(.text.vTaskStartScheduler)
    vTaskSuspendAll                          0x00005c79   Thumb Code    12  tasks.o(.text.vTaskSuspendAll)
    vTaskSwitchContext                       0x00005c85   Thumb Code   212  tasks.o(.text.vTaskSwitchContext)
    xPortStartScheduler                      0x00005e69   Thumb Code    56  port.o(.text.xPortStartScheduler)
    xQueueGenericCreateStatic                0x00005ea9   Thumb Code   192  queue.o(.text.xQueueGenericCreateStatic)
    xQueueGenericReset                       0x00005f69   Thumb Code   160  queue.o(.text.xQueueGenericReset)
    xQueueGenericSend                        0x00006009   Thumb Code   466  queue.o(.text.xQueueGenericSend)
    xQueueGenericSendFromISR                 0x000061db   Thumb Code   288  queue.o(.text.xQueueGenericSendFromISR)
    xQueueReceive                            0x000062fb   Thumb Code   420  queue.o(.text.xQueueReceive)
    xTaskCheckForTimeOut                     0x000064a1   Thumb Code   172  tasks.o(.text.xTaskCheckForTimeOut)
    xTaskCreateStatic                        0x00006551   Thumb Code   148  tasks.o(.text.xTaskCreateStatic)
    xTaskDelayUntil                          0x000065e5   Thumb Code   212  tasks.o(.text.xTaskDelayUntil)
    xTaskGenericNotify                       0x000066b9   Thumb Code   360  tasks.o(.text.xTaskGenericNotify)
    xTaskGetSchedulerState                   0x00006821   Thumb Code    48  tasks.o(.text.xTaskGetSchedulerState)
    xTaskGetTickCount                        0x00006855   Thumb Code    16  tasks.o(.text.xTaskGetTickCount)
    xTaskIncrementTick                       0x00006869   Thumb Code   300  tasks.o(.text.xTaskIncrementTick)
    xTaskPriorityDisinherit                  0x000069ad   Thumb Code   184  tasks.o(.text.xTaskPriorityDisinherit)
    xTaskRemoveFromEventList                 0x00006a65   Thumb Code   148  tasks.o(.text.xTaskRemoveFromEventList)
    xTaskResumeAll                           0x00006b09   Thumb Code   276  tasks.o(.text.xTaskResumeAll)
    xTimerCreateTimerTask                    0x00006c3d   Thumb Code   108  timers.o(.text.xTimerCreateTimerTask)
    xTimerGenericCommand                     0x00006cb5   Thumb Code   140  timers.o(.text.xTimerGenericCommand)
    __0printf                                0x00006d51   Thumb Code    24  printfa.o(i.__0printf)
    __1printf                                0x00006d51   Thumb Code     0  printfa.o(i.__0printf)
    __2printf                                0x00006d51   Thumb Code     0  printfa.o(i.__0printf)
    __c89printf                              0x00006d51   Thumb Code     0  printfa.o(i.__0printf)
    printf                                   0x00006d51   Thumb Code     0  printfa.o(i.__0printf)
    __ARM_clz                                0x00006d71   Thumb Code    46  depilogue.o(i.__ARM_clz)
    __ARM_common_ll_muluu                    0x00006d9f   Thumb Code    50  rredf.o(i.__ARM_common_ll_muluu)
    __ARM_fpclassifyf                        0x00006dd1   Thumb Code    34  fpclassifyf.o(i.__ARM_fpclassifyf)
    __mathlib_flt_infnan                     0x00006df3   Thumb Code    10  funder.o(i.__mathlib_flt_infnan)
    __mathlib_flt_infnan2                    0x00006dfd   Thumb Code     8  funder.o(i.__mathlib_flt_infnan2)
    __mathlib_flt_invalid                    0x00006e05   Thumb Code    12  funder.o(i.__mathlib_flt_invalid)
    __mathlib_flt_underflow                  0x00006e11   Thumb Code    14  funder.o(i.__mathlib_flt_underflow)
    __mathlib_rredf2                         0x00006e21   Thumb Code   366  rredf.o(i.__mathlib_rredf2)
    __scatterload_copy                       0x00006fa1   Thumb Code    14  handlers.o(i.__scatterload_copy)
    __scatterload_null                       0x00006fb1   Thumb Code     2  handlers.o(i.__scatterload_null)
    __scatterload_zeroinit                   0x00006fb9   Thumb Code    14  handlers.o(i.__scatterload_zeroinit)
    __set_errno                              0x00006fc9   Thumb Code     6  errno.o(i.__set_errno)
    asinf                                    0x00007881   Thumb Code   242  asinf.o(i.asinf)
    atan2f                                   0x00007999   Thumb Code   592  atan2f.o(i.atan2f)
    cosf                                     0x00007c35   Thumb Code   318  cosf.o(i.cosf)
    sinf                                     0x00007dad   Thumb Code   330  sinf.o(i.sinf)
    sqrtf                                    0x00007f31   Thumb Code    44  sqrtf.o(i.sqrtf)
    uxTopUsedPriority                        0x0000803c   Data           4  tasks.o(.rodata.uxTopUsedPriority)
    Region$$Table$$Base                      0x00008040   Number         0  anon$$obj.o(Region$$Table)
    Region$$Table$$Limit                     0x00008070   Number         0  anon$$obj.o(Region$$Table)
    __stdout                                 0x20200034   Data           4  stdout.o(.data)
    debug_uart0                              0x20200044   Data         132  uart0_debug.o(.bss.debug_uart0)
    gPWM_0Backup                             0x20200528   Data         188  ti_msp_dl_config.o(.bss.gPWM_0Backup)
    gTIM_delay_msBackup                      0x202005e4   Data         188  ti_msp_dl_config.o(.bss.gTIM_delay_msBackup)
    latest_ir_data                           0x202006a4   Data           9  eight_ir_task.o(.bss.latest_ir_data)
    mpu6050                                  0x2020103c   Data          72  mpu6050_task.o(.bss.mpu6050)
    mpu6050_status                           0x20201084   Data           1  mpu6050_task.o(.bss.mpu6050_status)
    pxCurrentTCB                             0x20202a90   Data           4  tasks.o(.bss.pxCurrentTCB)
    __initial_sp                             0x20203308   Data           0  startup_mspm0g350x_uvision.o(STACK)



==============================================================================

Memory Map of the image

  Image Entry point : 0x000000c1

  Load Region LR_IROM1 (Base: 0x00000000, Size: 0x000080b0, Max: 0x0001fc00, ABSOLUTE)

    Execution Region ER_IROM1 (Exec base: 0x00000000, Load base: 0x00000000, Size: 0x00008070, Max: 0x0001fc00, ABSOLUTE)

    Exec Addr    Load Addr    Size         Type   Attr      Idx    E Section Name        Object

    0x00000000   0x00000000   0x000000c0   Data   RO          145    RESET               startup_mspm0g350x_uvision.o
    0x000000c0   0x000000c0   0x00000000   Code   RO         1404  * .ARM.Collect$$$$00000000  mc_p.l(entry.o)
    0x000000c0   0x000000c0   0x00000004   Code   RO         1490    .ARM.Collect$$$$00000001  mc_p.l(entry2.o)
    0x000000c4   0x000000c4   0x00000004   Code   RO         1493    .ARM.Collect$$$$00000004  mc_p.l(entry5.o)
    0x000000c8   0x000000c8   0x00000000   Code   RO         1495    .ARM.Collect$$$$00000008  mc_p.l(entry7b.o)
    0x000000c8   0x000000c8   0x00000000   Code   RO         1497    .ARM.Collect$$$$0000000A  mc_p.l(entry8b.o)
    0x000000c8   0x000000c8   0x00000008   Code   RO         1498    .ARM.Collect$$$$0000000B  mc_p.l(entry9a.o)
    0x000000d0   0x000000d0   0x00000000   Code   RO         1500    .ARM.Collect$$$$0000000D  mc_p.l(entry10a.o)
    0x000000d0   0x000000d0   0x00000000   Code   RO         1502    .ARM.Collect$$$$0000000F  mc_p.l(entry11a.o)
    0x000000d0   0x000000d0   0x00000004   Code   RO         1491    .ARM.Collect$$$$00002712  mc_p.l(entry2.o)
    0x000000d4   0x000000d4   0x00000014   Code   RO          146    .text               startup_mspm0g350x_uvision.o
    0x000000e8   0x000000e8   0x00000024   Code   RO         1413    .text               mc_p.l(memcpya.o)
    0x0000010c   0x0000010c   0x00000024   Code   RO         1415    .text               mc_p.l(memseta.o)
    0x00000130   0x00000130   0x000000b2   Code   RO         1447    .text               mf_p.l(fadd.o)
    0x000001e2   0x000001e2   0x0000007a   Code   RO         1449    .text               mf_p.l(fmul.o)
    0x0000025c   0x0000025c   0x0000007c   Code   RO         1451    .text               mf_p.l(fdiv.o)
    0x000002d8   0x000002d8   0x0000001c   Code   RO         1453    .text               mf_p.l(fcmple.o)
    0x000002f4   0x000002f4   0x0000001c   Code   RO         1455    .text               mf_p.l(fcmplt.o)
    0x00000310   0x00000310   0x0000001c   Code   RO         1457    .text               mf_p.l(fcmpge.o)
    0x0000032c   0x0000032c   0x0000001c   Code   RO         1459    .text               mf_p.l(fcmpgt.o)
    0x00000348   0x00000348   0x0000001c   Code   RO         1461    .text               mf_p.l(fcmpeq.o)
    0x00000364   0x00000364   0x00000016   Code   RO         1463    .text               mf_p.l(fflti.o)
    0x0000037a   0x0000037a   0x0000000e   Code   RO         1465    .text               mf_p.l(ffltui.o)
    0x00000388   0x00000388   0x00000032   Code   RO         1467    .text               mf_p.l(ffixi.o)
    0x000003ba   0x000003ba   0x0000003e   Code   RO         1509    .text               mc_p.l(uidiv_div0.o)
    0x000003f8   0x000003f8   0x00000060   Code   RO         1515    .text               mc_p.l(uldiv.o)
    0x00000458   0x00000458   0x00000000   Code   RO         1524    .text               mc_p.l(iusefp.o)
    0x00000458   0x00000458   0x00000082   Code   RO         1525    .text               mf_p.l(fepilogue.o)
    0x000004da   0x000004da   0x00000018   Code   RO         1527    .text               mf_p.l(fscalb.o)
    0x000004f2   0x000004f2   0x00000058   Code   RO         1529    .text               mf_p.l(fsqrt.o)
    0x0000054a   0x0000054a   0x0000003e   Code   RO         1531    .text               mf_p.l(frnd.o)
    0x00000588   0x00000588   0x00000164   Code   RO         1533    .text               mf_p.l(dadd.o)
    0x000006ec   0x000006ec   0x000000d0   Code   RO         1535    .text               mf_p.l(dmul.o)
    0x000007bc   0x000007bc   0x000000f0   Code   RO         1537    .text               mf_p.l(ddiv.o)
    0x000008ac   0x000008ac   0x00000040   Code   RO         1539    .text               mf_p.l(dfixul.o)
    0x000008ec   0x000008ec   0x00000028   Code   RO         1541    .text               mf_p.l(cdrcmple.o)
    0x00000914   0x00000914   0x00000004   PAD
    0x00000918   0x00000918   0x00000030   Code   RO         1543    .text               mc_p.l(init.o)
    0x00000948   0x00000948   0x00000020   Code   RO         1545    .text               mc_p.l(llshl.o)
    0x00000968   0x00000968   0x00000022   Code   RO         1547    .text               mc_p.l(llushr.o)
    0x0000098a   0x0000098a   0x00000026   Code   RO         1549    .text               mc_p.l(llsshr.o)
    0x000009b0   0x000009b0   0x000000be   Code   RO         1551    .text               mf_p.l(depilogue.o)
    0x00000a6e   0x00000a6e   0x0000000a   Code   RO         1043    .text.DL_Common_delayCycles  driverlib.a(dl_common.o)
    0x00000a78   0x00000a78   0x00000028   Code   RO          126    .text.DL_Common_updateReg  ti_msp_dl_config.o
    0x00000aa0   0x00000aa0   0x00000028   Code   RO          502    .text.DL_Common_updateReg  mpu6050_port.o
    0x00000ac8   0x00000ac8   0x00000014   Code   RO         1054    .text.DL_FlashCTL_eraseMemoryFromRAM  driverlib.a(dl_flashctl.o)
    0x00000adc   0x00000adc   0x00000030   Code   RO          561    .text.DL_FlashCTL_executeClearStatus  mpu6050_bias_store.o
    0x00000b0c   0x00000b0c   0x00000074   Code   RO         1132    .text.DL_FlashCTL_programMemoryBlockingFromRAM64WithECCGenerated  driverlib.a(dl_flashctl.o)
    0x00000b80   0x00000b80   0x000000f0   Code   RO         1130    .text.DL_FlashCTL_unprotectSector  driverlib.a(dl_flashctl.o)
    0x00000c70   0x00000c70   0x00000018   Code   RO           78    .text.DL_GPIO_clearInterruptStatus  ti_msp_dl_config.o
    0x00000c88   0x00000c88   0x00000018   Code   RO          331    .text.DL_GPIO_clearInterruptStatus  mpu6050_task.o
    0x00000ca0   0x00000ca0   0x00000014   Code   RO           74    .text.DL_GPIO_clearPins  ti_msp_dl_config.o
    0x00000cb4   0x00000cb4   0x00000014   Code   RO          280    .text.DL_GPIO_clearPins  eight_ir.o
    0x00000cc8   0x00000cc8   0x00000014   Code   RO          299    .text.DL_GPIO_clearPins  motor.o
    0x00000cdc   0x00000cdc   0x00000014   Code   RO          480    .text.DL_GPIO_clearPins  mpu6050_port.o
    0x00000cf0   0x00000cf0   0x00000018   Code   RO           64    .text.DL_GPIO_enableHiZ  ti_msp_dl_config.o
    0x00000d08   0x00000d08   0x00000018   Code   RO          484    .text.DL_GPIO_enableHiZ  mpu6050_port.o
    0x00000d20   0x00000d20   0x0000001c   Code   RO           80    .text.DL_GPIO_enableInterrupt  ti_msp_dl_config.o
    0x00000d3c   0x00000d3c   0x00000014   Code   RO           60    .text.DL_GPIO_enableOutput  ti_msp_dl_config.o
    0x00000d50   0x00000d50   0x00000018   Code   RO          476    .text.DL_GPIO_enableOutput  mpu6050_port.o
    0x00000d68   0x00000d68   0x00000014   Code   RO           50    .text.DL_GPIO_enablePower  ti_msp_dl_config.o
    0x00000d7c   0x00000d7c   0x00000018   Code   RO          329    .text.DL_GPIO_getEnabledInterruptStatus  mpu6050_task.o
    0x00000d94   0x00000d94   0x0000002c   Code   RO           68    .text.DL_GPIO_initDigitalInputFeatures  ti_msp_dl_config.o
    0x00000dc0   0x00000dc0   0x00000030   Code   RO          470    .text.DL_GPIO_initDigitalInputFeatures  mpu6050_port.o
    0x00000df0   0x00000df0   0x00000014   Code   RO           72    .text.DL_GPIO_initDigitalOutput  ti_msp_dl_config.o
    0x00000e04   0x00000e04   0x00000014   Code   RO          472    .text.DL_GPIO_initDigitalOutput  mpu6050_port.o
    0x00000e18   0x00000e18   0x0000002c   Code   RO           70    .text.DL_GPIO_initDigitalOutputFeatures  ti_msp_dl_config.o
    0x00000e44   0x00000e44   0x00000018   Code   RO           66    .text.DL_GPIO_initPeripheralInputFunction  ti_msp_dl_config.o
    0x00000e5c   0x00000e5c   0x00000034   Code   RO           62    .text.DL_GPIO_initPeripheralInputFunctionFeatures  ti_msp_dl_config.o
    0x00000e90   0x00000e90   0x00000038   Code   RO          482    .text.DL_GPIO_initPeripheralInputFunctionFeatures  mpu6050_port.o
    0x00000ec8   0x00000ec8   0x0000001c   Code   RO           58    .text.DL_GPIO_initPeripheralOutputFunction  ti_msp_dl_config.o
    0x00000ee4   0x00000ee4   0x00000016   Code   RO          282    .text.DL_GPIO_readPins  eight_ir.o
    0x00000efa   0x00000efa   0x00000016   Code   RO          478    .text.DL_GPIO_readPins  mpu6050_port.o
    0x00000f10   0x00000f10   0x00000010   Code   RO           42    .text.DL_GPIO_reset  ti_msp_dl_config.o
    0x00000f20   0x00000f20   0x0000001c   Code   RO           76    .text.DL_GPIO_setLowerPinsPolarity  ti_msp_dl_config.o
    0x00000f3c   0x00000f3c   0x00000014   Code   RO          278    .text.DL_GPIO_setPins  eight_ir.o
    0x00000f50   0x00000f50   0x00000014   Code   RO          297    .text.DL_GPIO_setPins  motor.o
    0x00000f64   0x00000f64   0x00000018   Code   RO          474    .text.DL_GPIO_setPins  mpu6050_port.o
    0x00000f7c   0x00000f7c   0x00000018   Code   RO           82    .text.DL_GPIO_setUpperPinsPolarity  ti_msp_dl_config.o
    0x00000f94   0x00000f94   0x00000018   Code   RO          500    .text.DL_I2C_clearInterruptStatus  mpu6050_port.o
    0x00000fac   0x00000fac   0x00000018   Code   RO          104    .text.DL_I2C_enableAnalogGlitchFilter  ti_msp_dl_config.o
    0x00000fc4   0x00000fc4   0x00000014   Code   RO          116    .text.DL_I2C_enableController  ti_msp_dl_config.o
    0x00000fd8   0x00000fd8   0x00000018   Code   RO          114    .text.DL_I2C_enableControllerClockStretching  ti_msp_dl_config.o
    0x00000ff0   0x00000ff0   0x00000014   Code   RO           54    .text.DL_I2C_enablePower  ti_msp_dl_config.o
    0x00001004   0x00001004   0x00000018   Code   RO          468    .text.DL_I2C_enablePower  mpu6050_port.o
    0x0000101c   0x0000101c   0x0000002c   Code   RO         1216    .text.DL_I2C_fillControllerTXFIFO  driverlib.a(dl_i2c.o)
    0x00001048   0x00001048   0x0000001c   Code   RO         1220    .text.DL_I2C_flushControllerRXFIFO  driverlib.a(dl_i2c.o)
    0x00001064   0x00001064   0x00000024   Code   RO         1218    .text.DL_I2C_flushControllerTXFIFO  driverlib.a(dl_i2c.o)
    0x00001088   0x00001088   0x00000014   Code   RO          498    .text.DL_I2C_getControllerStatus  mpu6050_port.o
    0x0000109c   0x0000109c   0x00000018   Code   RO          492    .text.DL_I2C_getRawInterruptStatus  mpu6050_port.o
    0x000010b4   0x000010b4   0x0000001c   Code   RO          452    .text.DL_I2C_getSDAStatus  mpu6050_port.o
    0x000010d0   0x000010d0   0x0000001c   Code   RO          504    .text.DL_I2C_isControllerRXFIFOEmpty  mpu6050_port.o
    0x000010ec   0x000010ec   0x00000014   Code   RO          506    .text.DL_I2C_receiveControllerData  mpu6050_port.o
    0x00001100   0x00001100   0x00000010   Code   RO           46    .text.DL_I2C_reset  ti_msp_dl_config.o
    0x00001110   0x00001110   0x00000018   Code   RO          466    .text.DL_I2C_reset  mpu6050_port.o
    0x00001128   0x00001128   0x00000010   Code   RO          106    .text.DL_I2C_resetControllerTransfer  ti_msp_dl_config.o
    0x00001138   0x00001138   0x00000026   Code   RO          102    .text.DL_I2C_setAnalogGlitchFilterPulseWidth  ti_msp_dl_config.o
    0x0000115e   0x0000115e   0x00000026   Code   RO         1212    .text.DL_I2C_setClockConfig  driverlib.a(dl_i2c.o)
    0x00001184   0x00001184   0x00000024   Code   RO          112    .text.DL_I2C_setControllerRXFIFOThreshold  ti_msp_dl_config.o
    0x000011a8   0x000011a8   0x00000028   Code   RO          110    .text.DL_I2C_setControllerTXFIFOThreshold  ti_msp_dl_config.o
    0x000011d0   0x000011d0   0x00000018   Code   RO          108    .text.DL_I2C_setTimerPeriod  ti_msp_dl_config.o
    0x000011e8   0x000011e8   0x00000050   Code   RO          490    .text.DL_I2C_startControllerTransfer  mpu6050_port.o
    0x00001238   0x00001238   0x0000000c   Code   RO           88    .text.DL_SYSCTL_disableHFXT  ti_msp_dl_config.o
    0x00001244   0x00001244   0x00000014   Code   RO           90    .text.DL_SYSCTL_disableSYSPLL  ti_msp_dl_config.o
    0x00001258   0x00001258   0x00000014   Code   RO           92    .text.DL_SYSCTL_enableMFCLK  ti_msp_dl_config.o
    0x0000126c   0x0000126c   0x00000018   Code   RO           84    .text.DL_SYSCTL_setBORThreshold  ti_msp_dl_config.o
    0x00001284   0x00001284   0x0000001c   Code   RO           86    .text.DL_SYSCTL_setSYSOSCFreq  ti_msp_dl_config.o
    0x000012a0   0x000012a0   0x00000010   Code   RO           98    .text.DL_Timer_enableClock  ti_msp_dl_config.o
    0x000012b0   0x000012b0   0x00000018   Code   RO           52    .text.DL_Timer_enablePower  ti_msp_dl_config.o
    0x000012c8   0x000012c8   0x00000010   Code   RO          197    .text.DL_Timer_getTimerCount  tim_delay.o
    0x000012d8   0x000012d8   0x00000108   Code   RO         1324    .text.DL_Timer_initFourCCPWMMode  driverlib.a(dl_timer.o)
    0x000013e0   0x000013e0   0x000000e8   Code   RO         1248    .text.DL_Timer_initTimerMode  driverlib.a(dl_timer.o)
    0x000014c8   0x000014c8   0x00000018   Code   RO           44    .text.DL_Timer_reset  ti_msp_dl_config.o
    0x000014e0   0x000014e0   0x00000014   Code   RO          100    .text.DL_Timer_setCCPDirection  ti_msp_dl_config.o
    0x000014f4   0x000014f4   0x0000001c   Code   RO         1290    .text.DL_Timer_setCaptCompUpdateMethod  driverlib.a(dl_timer.o)
    0x00001510   0x00001510   0x00000018   Code   RO         1298    .text.DL_Timer_setCaptureCompareOutCtl  driverlib.a(dl_timer.o)
    0x00001528   0x00001528   0x00000010   Code   RO         1250    .text.DL_Timer_setCaptureCompareValue  driverlib.a(dl_timer.o)
    0x00001538   0x00001538   0x0000001c   Code   RO         1244    .text.DL_Timer_setClockConfig  driverlib.a(dl_timer.o)
    0x00001554   0x00001554   0x00000038   Code   RO           96    .text.DL_Timer_setCounterControl  ti_msp_dl_config.o
    0x0000158c   0x0000158c   0x00000018   Code   RO          191    .text.DL_Timer_setLoadValue  tim_delay.o
    0x000015a4   0x000015a4   0x00000014   Code   RO          193    .text.DL_Timer_setTimerCount  tim_delay.o
    0x000015b8   0x000015b8   0x00000018   Code   RO          195    .text.DL_Timer_startCounter  tim_delay.o
    0x000015d0   0x000015d0   0x00000016   Code   RO          124    .text.DL_UART_enable  ti_msp_dl_config.o
    0x000015e6   0x000015e6   0x00000002   PAD
    0x000015e8   0x000015e8   0x0000001c   Code   RO          122    .text.DL_UART_enableInterrupt  ti_msp_dl_config.o
    0x00001604   0x00001604   0x00000018   Code   RO           56    .text.DL_UART_enablePower  ti_msp_dl_config.o
    0x0000161c   0x0000161c   0x00000012   Code   RO          228    .text.DL_UART_getPendingInterrupt  uart0_debug.o
    0x0000162e   0x0000162e   0x00000002   PAD
    0x00001630   0x00001630   0x00000048   Code   RO         1345    .text.DL_UART_init  driverlib.a(dl_uart.o)
    0x00001678   0x00001678   0x00000018   Code   RO          216    .text.DL_UART_isBusy  uart0_debug.o
    0x00001690   0x00001690   0x00000014   Code   RO          230    .text.DL_UART_receiveData  uart0_debug.o
    0x000016a4   0x000016a4   0x00000018   Code   RO           48    .text.DL_UART_reset  ti_msp_dl_config.o
    0x000016bc   0x000016bc   0x0000004c   Code   RO          120    .text.DL_UART_setBaudRateDivisor  ti_msp_dl_config.o
    0x00001708   0x00001708   0x00000012   Code   RO         1347    .text.DL_UART_setClockConfig  driverlib.a(dl_uart.o)
    0x0000171a   0x0000171a   0x0000001e   Code   RO          118    .text.DL_UART_setOversampling  ti_msp_dl_config.o
    0x00001738   0x00001738   0x00000016   Code   RO          218    .text.DL_UART_transmitData  uart0_debug.o
    0x0000174e   0x0000174e   0x00000002   PAD
    0x00001750   0x00001750   0x00000070   Code   RO          327    .text.GROUP1_IRQHandler  mpu6050_task.o
    0x000017c0   0x000017c0   0x00000044   Code   RO         1031    .text.PendSV_Handler  port.o
    0x00001804   0x00001804   0x00000002   Code   RO         1011    .text.SVC_Handler   port.o
    0x00001806   0x00001806   0x00000002   PAD
    0x00001808   0x00001808   0x00000188   Code   RO           26    .text.SYSCFG_DL_GPIO_init  ti_msp_dl_config.o
    0x00001990   0x00001990   0x00000054   Code   RO           34    .text.SYSCFG_DL_I2C_0_init  ti_msp_dl_config.o
    0x000019e4   0x000019e4   0x00000088   Code   RO           30    .text.SYSCFG_DL_PWM_0_init  ti_msp_dl_config.o
    0x00001a6c   0x00001a6c   0x0000002a   Code   RO           28    .text.SYSCFG_DL_SYSCTL_init  ti_msp_dl_config.o
    0x00001a96   0x00001a96   0x00000002   PAD
    0x00001a98   0x00001a98   0x00000028   Code   RO           32    .text.SYSCFG_DL_TIM_delay_ms_init  ti_msp_dl_config.o
    0x00001ac0   0x00001ac0   0x0000004c   Code   RO           36    .text.SYSCFG_DL_UART_DEBUG_init  ti_msp_dl_config.o
    0x00001b0c   0x00001b0c   0x00000034   Code   RO           22    .text.SYSCFG_DL_init  ti_msp_dl_config.o
    0x00001b40   0x00001b40   0x00000078   Code   RO           24    .text.SYSCFG_DL_initPower  ti_msp_dl_config.o
    0x00001bb8   0x00001bb8   0x0000002c   Code   RO         1033    .text.SysTick_Handler  port.o
    0x00001be4   0x00001be4   0x00000030   Code   RO          226    .text.UART0_IRQHandler  uart0_debug.o
    0x00001c14   0x00001c14   0x00000028   Code   RO          210    .text.__NVIC_ClearPendingIRQ  uart0_debug.o
    0x00001c3c   0x00001c3c   0x0000002c   Code   RO          347    .text.__NVIC_ClearPendingIRQ  mpu6050_task.o
    0x00001c68   0x00001c68   0x00000034   Code   RO          345    .text.__NVIC_DisableIRQ  mpu6050_task.o
    0x00001c9c   0x00001c9c   0x00000028   Code   RO          212    .text.__NVIC_EnableIRQ  uart0_debug.o
    0x00001cc4   0x00001cc4   0x0000002c   Code   RO          357    .text.__NVIC_EnableIRQ  mpu6050_task.o
    0x00001cf0   0x00001cf0   0x00000084   Code   RO           94    .text.__NVIC_SetPriority  ti_msp_dl_config.o
    0x00001d74   0x00001d74   0x00000078   Code   RO          359    .text.accel_norm_is_valid  mpu6050_task.o
    0x00001dec   0x00001dec   0x00000070   Code   RO          557    .text.bias_is_reasonable  mpu6050_bias_store.o
    0x00001e5c   0x00001e5c   0x00000080   Code   RO          555    .text.calculate_crc32  mpu6050_bias_store.o
    0x00001edc   0x00001edc   0x00000060   Code   RO          341    .text.calculate_sample_dt  mpu6050_task.o
    0x00001f3c   0x00001f3c   0x00000244   Code   RO          355    .text.calibrate_gyro  mpu6050_task.o
    0x00002180   0x00002180   0x0000003e   Code   RO          161    .text.clamp_float   pid.o
    0x000021be   0x000021be   0x00000002   PAD
    0x000021c0   0x000021c0   0x0000003c   Code   RO          423    .text.clamp_motor_target  line_tracking_task.o
    0x000021fc   0x000021fc   0x00000054   Code   RO          307    .text.clamp_speed   motor.o
    0x00002250   0x00002250   0x00000044   Code   RO          544    .text.clamp_unit    mahony.o
    0x00002294   0x00002294   0x000000de   Code   RO          353    .text.collect_accel_average  mpu6050_task.o
    0x00002372   0x00002372   0x00000002   PAD
    0x00002374   0x00002374   0x00000038   Code   RO          494    .text.controller_has_error  mpu6050_port.o
    0x000023ac   0x000023ac   0x00000016   Code   RO          208    .text.debug_uart_init  uart0_debug.o
    0x000023c2   0x000023c2   0x00000002   PAD
    0x000023c4   0x000023c4   0x0000002c   Code   RO          232    .text.debug_uart_receive_limit_length  uart0_debug.o
    0x000023f0   0x000023f0   0x00000040   Code   RO          189    .text.delay_us      tim_delay.o
    0x00002430   0x00002430   0x0000000a   Code   RO          268    .text.eight_ir_init  eight_ir.o
    0x0000243a   0x0000243a   0x00000070   Code   RO          272    .text.eight_ir_read  eight_ir.o
    0x000024aa   0x000024aa   0x00000002   PAD
    0x000024ac   0x000024ac   0x00000040   Code   RO          383    .text.eight_ir_task  eight_ir_task.o
    0x000024ec   0x000024ec   0x00000034   Code   RO          381    .text.eight_ir_task_create  eight_ir_task.o
    0x00002520   0x00002520   0x0000002c   Code   RO          234    .text.fputc         uart0_debug.o
    0x0000254c   0x0000254c   0x00000014   Code   RO          349    .text.increment_i2c_error  mpu6050_task.o
    0x00002560   0x00002560   0x0000017c   Code   RO          333    .text.initialize_filter  mpu6050_task.o
    0x000026dc   0x000026dc   0x00000078   Code   RO          170    .text.line_tracking_get_default_config  line_tracking.o
    0x00002754   0x00002754   0x0000005c   Code   RO          172    .text.line_tracking_init  line_tracking.o
    0x000027b0   0x000027b0   0x00000026   Code   RO          174    .text.line_tracking_reset  line_tracking.o
    0x000027d6   0x000027d6   0x00000002   PAD
    0x000027d8   0x000027d8   0x00000150   Code   RO          417    .text.line_tracking_task  line_tracking_task.o
    0x00002928   0x00002928   0x00000038   Code   RO          415    .text.line_tracking_task_create  line_tracking_task.o
    0x00002960   0x00002960   0x00000028   Code   RO          419    .text.line_tracking_task_notify_sensor_update  line_tracking_task.o
    0x00002988   0x00002988   0x00000620   Code   RO          178    .text.line_tracking_update  line_tracking.o
    0x00002fa8   0x00002fa8   0x00000184   Code   RO          542    .text.mahony_get_euler_deg  mahony.o
    0x0000312c   0x0000312c   0x00000178   Code   RO          536    .text.mahony_init_from_accel  mahony.o
    0x000032a4   0x000032a4   0x00000046   Code   RO          534    .text.mahony_reset  mahony.o
    0x000032ea   0x000032ea   0x00000002   PAD
    0x000032ec   0x000032ec   0x00000420   Code   RO          540    .text.mahony_update_imu  mahony.o
    0x0000370c   0x0000370c   0x00000028   Code   RO            2    .text.main          empty.o
    0x00003734   0x00003734   0x0000005e   Code   RO          180    .text.make_active_mask  line_tracking.o
    0x00003792   0x00003792   0x0000003a   Code   RO          421    .text.make_motor_targets  line_tracking_task.o
    0x000037cc   0x000037cc   0x00000018   Code   RO          291    .text.motor_init    motor.o
    0x000037e4   0x000037e4   0x0000002e   Code   RO          295    .text.motor_set_speed  motor.o
    0x00003812   0x00003812   0x00000002   PAD
    0x00003814   0x00003814   0x00000034   Code   RO          293    .text.motor_standby  motor.o
    0x00003848   0x00003848   0x00000040   Code   RO          398    .text.motor_task    motor_task.o
    0x00003888   0x00003888   0x00000058   Code   RO          396    .text.motor_task_create  motor_task.o
    0x000038e0   0x000038e0   0x0000004c   Code   RO          400    .text.motor_task_set_target  motor_task.o
    0x0000392c   0x0000392c   0x0000008c   Code   RO          553    .text.mpu6050_bias_load  mpu6050_bias_store.o
    0x000039b8   0x000039b8   0x00000150   Code   RO          559    .text.mpu6050_bias_save  mpu6050_bias_store.o
    0x00003b08   0x00003b08   0x0000004e   Code   RO          464    .text.mpu6050_port_delay_ms  mpu6050_port.o
    0x00003b56   0x00003b56   0x00000002   PAD
    0x00003b58   0x00003b58   0x00000034   Code   RO          450    .text.mpu6050_port_init  mpu6050_port.o
    0x00003b8c   0x00003b8c   0x0000005c   Code   RO          460    .text.mpu6050_port_read  mpu6050_port.o
    0x00003be8   0x00003be8   0x000000e4   Code   RO          454    .text.mpu6050_port_recover_bus  mpu6050_port.o
    0x00003ccc   0x00003ccc   0x00000084   Code   RO          456    .text.mpu6050_port_write  mpu6050_port.o
    0x00003d50   0x00003d50   0x000000ac   Code   RO          523    .text.mpu6050_raw_convert  mpu6050_raw.o
    0x00003dfc   0x00003dfc   0x0000000c   Code   RO          525    .text.mpu6050_raw_disable_interrupt  mpu6050_raw.o
    0x00003e08   0x00003e08   0x00000112   Code   RO          515    .text.mpu6050_raw_init  mpu6050_raw.o
    0x00003f1a   0x00003f1a   0x000000a4   Code   RO          519    .text.mpu6050_raw_read  mpu6050_raw.o
    0x00003fbe   0x00003fbe   0x00000002   PAD
    0x00003fc0   0x00003fc0   0x000001b0   Code   RO          319    .text.mpu6050_task  mpu6050_task.o
    0x00004170   0x00004170   0x0000006c   Code   RO          317    .text.mpu6050_task_create  mpu6050_task.o
    0x000041dc   0x000041dc   0x000000d4   Code   RO          538    .text.normalize_quaternion  mahony.o
    0x000042b0   0x000042b0   0x000000ca   Code   RO          159    .text.pid_calculate  pid.o
    0x0000437a   0x0000437a   0x00000042   Code   RO          153    .text.pid_init      pid.o
    0x000043bc   0x000043bc   0x00000024   Code   RO          157    .text.pid_reset     pid.o
    0x000043e0   0x000043e0   0x00000034   Code   RO          351    .text.prepare_data_ready_interrupt  mpu6050_task.o
    0x00004414   0x00004414   0x00000014   Code   RO          488    .text.prepare_transfer  mpu6050_port.o
    0x00004428   0x00004428   0x00000088   Code   RO          438    .text.print_task    print_task.o
    0x000044b0   0x000044b0   0x00000030   Code   RO          436    .text.print_task_create  print_task.o
    0x000044e0   0x000044e0   0x000000ac   Code   RO          773    .text.prvAddCurrentTaskToDelayedList  tasks.o
    0x0000458c   0x0000458c   0x000000dc   Code   RO          759    .text.prvAddNewTaskToReadyList  tasks.o
    0x00004668   0x00004668   0x00000068   Code   RO          911    .text.prvCheckForValidListAndQueue  timers.o
    0x000046d0   0x000046d0   0x0000004c   Code   RO          877    .text.prvCheckTasksWaitingTermination  tasks.o
    0x0000471c   0x0000471c   0x00000044   Code   RO          659    .text.prvCopyDataFromQueue  queue.o
    0x00004760   0x00004760   0x000000d4   Code   RO          647    .text.prvCopyDataToQueue  queue.o
    0x00004834   0x00004834   0x00000050   Code   RO          765    .text.prvDeleteTCB  tasks.o
    0x00004884   0x00004884   0x00000038   Code   RO          945    .text.prvGetNextExpireTime  timers.o
    0x000048bc   0x000048bc   0x0000000e   Code   RO          797    .text.prvIdleTask   tasks.o
    0x000048ca   0x000048ca   0x00000046   Code   RO          625    .text.prvInitialiseNewQueue  queue.o
    0x00004910   0x00004910   0x00000118   Code   RO          757    .text.prvInitialiseNewTask  tasks.o
    0x00004a28   0x00004a28   0x0000007c   Code   RO          875    .text.prvInitialiseTaskLists  tasks.o
    0x00004aa4   0x00004aa4   0x000000bc   Code   RO          980    .text.prvInsertBlockIntoFreeList  heap_4.o
    0x00004b60   0x00004b60   0x00000080   Code   RO          957    .text.prvInsertTimerInActiveList  timers.o
    0x00004be0   0x00004be0   0x0000002a   Code   RO          661    .text.prvIsQueueEmpty  queue.o
    0x00004c0a   0x00004c0a   0x0000002e   Code   RO          649    .text.prvIsQueueFull  queue.o
    0x00004c38   0x00004c38   0x00000078   Code   RO          953    .text.prvProcessExpiredTimer  timers.o
    0x00004cb0   0x00004cb0   0x00000150   Code   RO          949    .text.prvProcessReceivedCommands  timers.o
    0x00004e00   0x00004e00   0x0000008c   Code   RO          947    .text.prvProcessTimerOrBlockTask  timers.o
    0x00004e8c   0x00004e8c   0x00000030   Code   RO          767    .text.prvResetNextTaskUnblockTime  tasks.o
    0x00004ebc   0x00004ebc   0x0000003c   Code   RO          951    .text.prvSampleTimeNow  timers.o
    0x00004ef8   0x00004ef8   0x000000b0   Code   RO          955    .text.prvSwitchTimerLists  timers.o
    0x00004fa8   0x00004fa8   0x00000030   Code   RO         1009    .text.prvTaskExitError  port.o
    0x00004fd8   0x00004fd8   0x0000001e   Code   RO          913    .text.prvTimerTask  timers.o
    0x00004ff6   0x00004ff6   0x000000b6   Code   RO          651    .text.prvUnlockQueue  queue.o
    0x000050ac   0x000050ac   0x000000cc   Code   RO          343    .text.publish_sample  mpu6050_task.o
    0x00005178   0x00005178   0x0000004c   Code   RO         1007    .text.pxPortInitialiseStack  port.o
    0x000051c4   0x000051c4   0x00000014   Code   RO          521    .text.read_be_i16   mpu6050_raw.o
    0x000051d8   0x000051d8   0x00000014   Code   RO          274    .text.read_selected_channel  eight_ir.o
    0x000051ec   0x000051ec   0x0000012c   Code   RO          462    .text.receive       mpu6050_port.o
    0x00005318   0x00005318   0x00000044   Code   RO          270    .text.select_channel  eight_ir.o
    0x0000535c   0x0000535c   0x000000a8   Code   RO          301    .text.set_one_motor  motor.o
    0x00005404   0x00005404   0x00000030   Code   RO          305    .text.set_pwm       motor.o
    0x00005434   0x00005434   0x00000040   Code   RO          335    .text.set_status    mpu6050_task.o
    0x00005474   0x00005474   0x00000028   Code   RO          337    .text.stop_sensor   mpu6050_task.o
    0x0000549c   0x0000549c   0x00000028   Code   RO          496    .text.timeout_expired  mpu6050_port.o
    0x000054c4   0x000054c4   0x0000010c   Code   RO          458    .text.transmit      mpu6050_port.o
    0x000055d0   0x000055d0   0x00000008   Code   RO         1027    .text.ulSetInterruptMaskFromISR  port.o
    0x000055d8   0x000055d8   0x000000c0   Code   RO          861    .text.ulTaskGenericNotifyTake  tasks.o
    0x00005698   0x00005698   0x00000048   Code   RO          612    .text.uxListRemove  list.o
    0x000056e0   0x000056e0   0x00000028   Code   RO            4    .text.vApplicationGetIdleTaskMemory  empty.o
    0x00005708   0x00005708   0x00000028   Code   RO            6    .text.vApplicationGetTimerTaskMemory  empty.o
    0x00005730   0x00005730   0x0000000a   Code   RO            8    .text.vApplicationStackOverflowHook  empty.o
    0x0000573a   0x0000573a   0x00000006   Code   RO         1029    .text.vClearInterruptMaskFromISR  port.o
    0x00005740   0x00005740   0x0000002c   Code   RO          604    .text.vListInitialise  list.o
    0x0000576c   0x0000576c   0x0000000e   Code   RO          606    .text.vListInitialiseItem  list.o
    0x0000577a   0x0000577a   0x0000006c   Code   RO          610    .text.vListInsert   list.o
    0x000057e6   0x000057e6   0x0000003a   Code   RO          608    .text.vListInsertEnd  list.o
    0x00005820   0x00005820   0x00000014   Code   RO         1023    .text.vPortEnterCritical  port.o
    0x00005834   0x00005834   0x0000002c   Code   RO         1025    .text.vPortExitCritical  port.o
    0x00005860   0x00005860   0x000000a0   Code   RO          982    .text.vPortFree     heap_4.o
    0x00005900   0x00005900   0x00000028   Code   RO         1015    .text.vPortSetupTimerInterrupt  port.o
    0x00005928   0x00005928   0x00000008   PAD
    0x00005930   0x00005930   0x00000034   Code   RO         1017    .text.vPortStartFirstTask  port.o
    0x00005964   0x00005964   0x00000018   Code   RO         1021    .text.vPortYield    port.o
    0x0000597c   0x0000597c   0x0000006a   Code   RO          689    .text.vQueueWaitForMessageRestricted  queue.o
    0x000059e6   0x000059e6   0x00000002   PAD
    0x000059e8   0x000059e8   0x0000004c   Code   RO          777    .text.vTaskDelay    tasks.o
    0x00005a34   0x00005a34   0x000000f4   Code   RO          869    .text.vTaskGenericNotifyGiveFromISR  tasks.o
    0x00005b28   0x00005b28   0x0000001c   Code   RO          829    .text.vTaskInternalSetTimeOutState  tasks.o
    0x00005b44   0x00005b44   0x00000008   Code   RO          833    .text.vTaskMissedYield  tasks.o
    0x00005b4c   0x00005b4c   0x00000030   Code   RO          817    .text.vTaskPlaceOnEventList  tasks.o
    0x00005b7c   0x00005b7c   0x00000040   Code   RO          821    .text.vTaskPlaceOnEventListRestricted  tasks.o
    0x00005bbc   0x00005bbc   0x000000bc   Code   RO          795    .text.vTaskStartScheduler  tasks.o
    0x00005c78   0x00005c78   0x0000000c   Code   RO          771    .text.vTaskSuspendAll  tasks.o
    0x00005c84   0x00005c84   0x000000ec   Code   RO          789    .text.vTaskSwitchContext  tasks.o
    0x00005d70   0x00005d70   0x00000060   Code   RO          339    .text.wait_for_sample  mpu6050_task.o
    0x00005dd0   0x00005dd0   0x00000050   Code   RO          486    .text.wait_until_idle  mpu6050_port.o
    0x00005e20   0x00005e20   0x0000001c   Code   RO          517    .text.write_register  mpu6050_raw.o
    0x00005e3c   0x00005e3c   0x0000002c   Code   RO          276    .text.write_selector_pin  eight_ir.o
    0x00005e68   0x00005e68   0x00000040   Code   RO         1013    .text.xPortStartScheduler  port.o
    0x00005ea8   0x00005ea8   0x000000c0   Code   RO          623    .text.xQueueGenericCreateStatic  queue.o
    0x00005f68   0x00005f68   0x000000a0   Code   RO          621    .text.xQueueGenericReset  queue.o
    0x00006008   0x00006008   0x000001d2   Code   RO          637    .text.xQueueGenericSend  queue.o
    0x000061da   0x000061da   0x00000120   Code   RO          653    .text.xQueueGenericSendFromISR  queue.o
    0x000062fa   0x000062fa   0x000001a4   Code   RO          657    .text.xQueueReceive  queue.o
    0x0000649e   0x0000649e   0x00000002   PAD
    0x000064a0   0x000064a0   0x000000b0   Code   RO          831    .text.xTaskCheckForTimeOut  tasks.o
    0x00006550   0x00006550   0x00000094   Code   RO          755    .text.xTaskCreateStatic  tasks.o
    0x000065e4   0x000065e4   0x000000d4   Code   RO          769    .text.xTaskDelayUntil  tasks.o
    0x000066b8   0x000066b8   0x00000168   Code   RO          865    .text.xTaskGenericNotify  tasks.o
    0x00006820   0x00006820   0x00000034   Code   RO          849    .text.xTaskGetSchedulerState  tasks.o
    0x00006854   0x00006854   0x00000014   Code   RO          803    .text.xTaskGetTickCount  tasks.o
    0x00006868   0x00006868   0x00000144   Code   RO          801    .text.xTaskIncrementTick  tasks.o
    0x000069ac   0x000069ac   0x000000b8   Code   RO          853    .text.xTaskPriorityDisinherit  tasks.o
    0x00006a64   0x00006a64   0x000000a4   Code   RO          823    .text.xTaskRemoveFromEventList  tasks.o
    0x00006b08   0x00006b08   0x00000134   Code   RO          775    .text.xTaskResumeAll  tasks.o
    0x00006c3c   0x00006c3c   0x00000078   Code   RO          909    .text.xTimerCreateTimerTask  timers.o
    0x00006cb4   0x00006cb4   0x00000090   Code   RO          921    .text.xTimerGenericCommand  timers.o
    0x00006d44   0x00006d44   0x0000000c   Ven    RO         1563    Veneer$$Code        anon$$obj.o
    0x00006d50   0x00006d50   0x00000020   Code   RO         1420    i.__0printf         mc_p.l(printfa.o)
    0x00006d70   0x00006d70   0x0000002e   Code   RO         1553    i.__ARM_clz         mf_p.l(depilogue.o)
    0x00006d9e   0x00006d9e   0x00000032   Code   RO         1488    i.__ARM_common_ll_muluu  m_ps.l(rredf.o)
    0x00006dd0   0x00006dd0   0x00000022   Code   RO         1469    i.__ARM_fpclassifyf  m_ps.l(fpclassifyf.o)
    0x00006df2   0x00006df2   0x0000000a   Code   RO         1472    i.__mathlib_flt_infnan  m_ps.l(funder.o)
    0x00006dfc   0x00006dfc   0x00000008   Code   RO         1473    i.__mathlib_flt_infnan2  m_ps.l(funder.o)
    0x00006e04   0x00006e04   0x0000000c   Code   RO         1474    i.__mathlib_flt_invalid  m_ps.l(funder.o)
    0x00006e10   0x00006e10   0x0000000e   Code   RO         1477    i.__mathlib_flt_underflow  m_ps.l(funder.o)
    0x00006e1e   0x00006e1e   0x00000002   PAD
    0x00006e20   0x00006e20   0x00000180   Code   RO         1485    i.__mathlib_rredf2  m_ps.l(rredf.o)
    0x00006fa0   0x00006fa0   0x0000000e   Code   RO         1557    i.__scatterload_copy  mc_p.l(handlers.o)
    0x00006fae   0x00006fae   0x00000002   PAD
    0x00006fb0   0x00006fb0   0x00000002   Code   RO         1558    i.__scatterload_null  mc_p.l(handlers.o)
    0x00006fb2   0x00006fb2   0x00000006   PAD
    0x00006fb8   0x00006fb8   0x0000000e   Code   RO         1559    i.__scatterload_zeroinit  mc_p.l(handlers.o)
    0x00006fc6   0x00006fc6   0x00000002   PAD
    0x00006fc8   0x00006fc8   0x0000000c   Code   RO         1519    i.__set_errno       mc_p.l(errno.o)
    0x00006fd4   0x00006fd4   0x00000174   Code   RO         1427    i._fp_digits        mc_p.l(printfa.o)
    0x00007148   0x00007148   0x000006ec   Code   RO         1428    i._printf_core      mc_p.l(printfa.o)
    0x00007834   0x00007834   0x00000020   Code   RO         1429    i._printf_post_padding  mc_p.l(printfa.o)
    0x00007854   0x00007854   0x0000002c   Code   RO         1430    i._printf_pre_padding  mc_p.l(printfa.o)
    0x00007880   0x00007880   0x00000118   Code   RO         1385    i.asinf             m_ps.l(asinf.o)
    0x00007998   0x00007998   0x0000029c   Code   RO         1389    i.atan2f            m_ps.l(atan2f.o)
    0x00007c34   0x00007c34   0x00000178   Code   RO         1393    i.cosf              m_ps.l(cosf.o)
    0x00007dac   0x00007dac   0x00000184   Code   RO         1397    i.sinf              m_ps.l(sinf.o)
    0x00007f30   0x00007f30   0x0000002c   Code   RO         1401    i.sqrtf             m_ps.l(sqrtf.o)
    0x00007f5c   0x00007f5c   0x00000020   Data   RO         1486    .constdata          m_ps.l(rredf.o)
    0x00007f7c   0x00007f7c   0x00000002   Data   RO          134    .rodata.gI2C_0ClockConfig  ti_msp_dl_config.o
    0x00007f7e   0x00007f7e   0x00000003   Data   RO          130    .rodata.gPWM_0ClockConfig  ti_msp_dl_config.o
    0x00007f81   0x00007f81   0x00000003   PAD
    0x00007f84   0x00007f84   0x00000008   Data   RO          131    .rodata.gPWM_0Config  ti_msp_dl_config.o
    0x00007f8c   0x00007f8c   0x00000003   Data   RO          132    .rodata.gTIM_delay_msClockConfig  ti_msp_dl_config.o
    0x00007f8f   0x00007f8f   0x00000001   PAD
    0x00007f90   0x00007f90   0x00000014   Data   RO          133    .rodata.gTIM_delay_msTimerConfig  ti_msp_dl_config.o
    0x00007fa4   0x00007fa4   0x00000002   Data   RO          135    .rodata.gUART_DEBUGClockConfig  ti_msp_dl_config.o
    0x00007fa6   0x00007fa6   0x0000000a   Data   RO          136    .rodata.gUART_DEBUGConfig  ti_msp_dl_config.o
    0x00007fb0   0x00007fb0   0x00000028   Data   RO          309    .rodata.motors      motor.o
    0x00007fd8   0x00007fd8   0x00000008   Data   RO          366    .rodata.str1.1      mpu6050_task.o
    0x00007fe0   0x00007fe0   0x0000000c   Data   RO          386    .rodata.str1.1      eight_ir_task.o
    0x00007fec   0x00007fec   0x0000000a   Data   RO          405    .rodata.str1.1      motor_task.o
    0x00007ff6   0x00007ff6   0x0000000a   Data   RO          425    .rodata.str1.1      line_tracking_task.o
    0x00008000   0x00008000   0x0000002d   Data   RO          440    .rodata.str1.1      print_task.o
    0x0000802d   0x0000802d   0x00000005   Data   RO          893    .rodata.str1.1      tasks.o
    0x00008032   0x00008032   0x00000008   Data   RO          960    .rodata.str1.1      timers.o
    0x0000803a   0x0000803a   0x00000002   PAD
    0x0000803c   0x0000803c   0x00000004   Data   RO          880    .rodata.uxTopUsedPriority  tasks.o
    0x00008040   0x00008040   0x00000030   Data   RO         1556    Region$$Table       anon$$obj.o


    Execution Region RW_IRAM2 (Exec base: 0x20200000, Load base: 0x00008070, Size: 0x00003308, Max: 0x00008000, ABSOLUTE)

    Exec Addr    Load Addr    Size         Type   Attr      Idx    E Section Name        Object

    0x20200000   0x00008070   0x00000034   Code   RO         1056    .ramfunc            driverlib.a(dl_flashctl.o)
    0x20200034   0x000080a4   0x00000004   Data   RW         1504    .data               mc_p.l(stdout.o)
    0x20200038   0x000080a8   0x00000004   Data   RW         1520    .data               mc_p.l(errno.o)
    0x2020003c   0x000080ac   0x00000004   Data   RW         1035    .data.uxCriticalNesting  port.o
    0x20200040        -       0x00000001   Zero   RW          365    .bss.calibration_requested  mpu6050_task.o
    0x20200041   0x000080b0   0x00000003   PAD
    0x20200044        -       0x00000084   Zero   RW          236    .bss.debug_uart0    uart0_debug.o
    0x202000c8        -       0x00000400   Zero   RW          387    .bss.eight_ir_task_stack  eight_ir_task.o
    0x202004c8        -       0x00000060   Zero   RW          388    .bss.eight_ir_task_tcb  eight_ir_task.o
    0x20200528        -       0x000000bc   Zero   RW          128    .bss.gPWM_0Backup   ti_msp_dl_config.o
    0x202005e4        -       0x000000bc   Zero   RW          129    .bss.gTIM_delay_msBackup  ti_msp_dl_config.o
    0x202006a0        -       0x00000004   Zero   RW          364    .bss.interrupt_count  mpu6050_task.o
    0x202006a4        -       0x00000009   Zero   RW          385    .bss.latest_ir_data  eight_ir_task.o
    0x202006ad   0x000080b0   0x00000003   PAD
    0x202006b0        -       0x00000070   Zero   RW          363    .bss.latest_snapshot  mpu6050_task.o
    0x20200720        -       0x00000004   Zero   RW          428    .bss.line_tracking_task_handle  line_tracking_task.o
    0x20200724        -       0x00000400   Zero   RW          426    .bss.line_tracking_task_stack  line_tracking_task.o
    0x20200b24        -       0x00000060   Zero   RW          427    .bss.line_tracking_task_tcb  line_tracking_task.o
    0x20200b84        -       0x00000004   Zero   RW          404    .bss.motor_command_queue  motor_task.o
    0x20200b88        -       0x00000004   Zero   RW          402    .bss.motor_command_queue_storage  motor_task.o
    0x20200b8c        -       0x00000050   Zero   RW          403    .bss.motor_command_queue_tcb  motor_task.o
    0x20200bdc        -       0x00000400   Zero   RW          406    .bss.motor_task_stack  motor_task.o
    0x20200fdc        -       0x00000060   Zero   RW          407    .bss.motor_task_tcb  motor_task.o
    0x2020103c        -       0x00000048   Zero   RW          362    .bss.mpu6050        mpu6050_task.o
    0x20201084        -       0x00000001   Zero   RW          361    .bss.mpu6050_status  mpu6050_task.o
    0x20201085   0x000080b0   0x00000003   PAD
    0x20201088        -       0x00000004   Zero   RW          369    .bss.mpu6050_task_handle  mpu6050_task.o
    0x2020108c        -       0x00000800   Zero   RW          367    .bss.mpu6050_task_stack  mpu6050_task.o
    0x2020188c        -       0x00000060   Zero   RW          368    .bss.mpu6050_task_tcb  mpu6050_task.o
    0x202018ec        -       0x00001000   Zero   RW          441    .bss.print_task_stack  print_task.o
    0x202028ec        -       0x00000060   Zero   RW          442    .bss.print_task_tcb  print_task.o
    0x2020294c        -       0x000000f0   Zero   RW          968    .bss.prvCheckForValidListAndQueue.ucStaticTimerQueueStorage  timers.o
    0x20202a3c        -       0x00000050   Zero   RW          967    .bss.prvCheckForValidListAndQueue.xStaticTimerQueue  timers.o
    0x20202a8c        -       0x00000004   Zero   RW          964    .bss.prvSampleTimeNow.xLastTime  timers.o
    0x20202a90        -       0x00000004   Zero   RW          879    .bss.pxCurrentTCB   tasks.o
    0x20202a94        -       0x00000004   Zero   RW          962    .bss.pxCurrentTimerList  timers.o
    0x20202a98        -       0x00000004   Zero   RW          888    .bss.pxDelayedTaskList  tasks.o
    0x20202a9c        -       0x00000004   Zero   RW          992    .bss.pxEnd          heap_4.o
    0x20202aa0        -       0x00000004   Zero   RW          889    .bss.pxOverflowDelayedTaskList  tasks.o
    0x20202aa4        -       0x00000004   Zero   RW          963    .bss.pxOverflowTimerList  timers.o
    0x20202aa8        -       0x000000c8   Zero   RW          891    .bss.pxReadyTasksLists  tasks.o
    0x20202b70        -       0x00000004   Zero   RW          884    .bss.uxCurrentNumberOfTasks  tasks.o
    0x20202b74        -       0x00000004   Zero   RW          883    .bss.uxDeletedTasksWaitingCleanUp  tasks.o
    0x20202b78        -       0x00000004   Zero   RW          886    .bss.uxSchedulerSuspended  tasks.o
    0x20202b7c        -       0x00000004   Zero   RW          881    .bss.uxTaskNumber   tasks.o
    0x20202b80        -       0x00000004   Zero   RW          892    .bss.uxTopReadyPriority  tasks.o
    0x20202b84        -       0x00000200   Zero   RW           11    .bss.vApplicationGetIdleTaskMemory.idle_task_stack  empty.o
    0x20202d84        -       0x00000060   Zero   RW           10    .bss.vApplicationGetIdleTaskMemory.idle_task_tcb  empty.o
    0x20202de4        -       0x00000200   Zero   RW           13    .bss.vApplicationGetTimerTaskMemory.timer_task_stack  empty.o
    0x20202fe4        -       0x00000060   Zero   RW           12    .bss.vApplicationGetTimerTaskMemory.timer_task_tcb  empty.o
    0x20203044        -       0x00000014   Zero   RW          965    .bss.xActiveTimerList1  timers.o
    0x20203058        -       0x00000014   Zero   RW          966    .bss.xActiveTimerList2  timers.o
    0x2020306c        -       0x00000004   Zero   RW          993    .bss.xBlockAllocatedBit  heap_4.o
    0x20203070        -       0x00000014   Zero   RW          900    .bss.xDelayedTaskList1  tasks.o
    0x20203084        -       0x00000014   Zero   RW          901    .bss.xDelayedTaskList2  tasks.o
    0x20203098        -       0x00000004   Zero   RW          994    .bss.xFreeBytesRemaining  heap_4.o
    0x2020309c        -       0x00000004   Zero   RW          894    .bss.xIdleTaskHandle  tasks.o
    0x202030a0        -       0x00000004   Zero   RW          895    .bss.xNextTaskUnblockTime  tasks.o
    0x202030a4        -       0x00000004   Zero   RW          899    .bss.xNumOfOverflows  tasks.o
    0x202030a8        -       0x00000004   Zero   RW          998    .bss.xNumberOfSuccessfulFrees  heap_4.o
    0x202030ac        -       0x00000004   Zero   RW          898    .bss.xPendedTicks   tasks.o
    0x202030b0        -       0x00000014   Zero   RW          896    .bss.xPendingReadyList  tasks.o
    0x202030c4        -       0x00000004   Zero   RW          885    .bss.xSchedulerRunning  tasks.o
    0x202030c8        -       0x00000008   Zero   RW          995    .bss.xStart         heap_4.o
    0x202030d0        -       0x00000014   Zero   RW          890    .bss.xSuspendedTaskList  tasks.o
    0x202030e4        -       0x00000014   Zero   RW          882    .bss.xTasksWaitingTermination  tasks.o
    0x202030f8        -       0x00000004   Zero   RW          887    .bss.xTickCount     tasks.o
    0x202030fc        -       0x00000004   Zero   RW          959    .bss.xTimerQueue    timers.o
    0x20203100        -       0x00000004   Zero   RW          961    .bss.xTimerTaskHandle  timers.o
    0x20203104        -       0x00000004   Zero   RW          897    .bss.xYieldPending  tasks.o
    0x20203108        -       0x00000200   Zero   RW          143    STACK               startup_mspm0g350x_uvision.o



  Load Region LR_BCR (Base: 0x41c00000, Size: 0x00000000, Max: 0x00000100, ABSOLUTE)

    Execution Region BCR_CONFIG (Exec base: 0x41c00000, Load base: 0x41c00000, Size: 0x00000000, Max: 0x000000ff, ABSOLUTE)

    **** No section assigned to this execution region ****



  Load Region LR_BSL (Base: 0x41c00100, Size: 0x00000000, Max: 0x00000100, ABSOLUTE)

    Execution Region BSL_CONFIG (Exec base: 0x41c00100, Load base: 0x41c00100, Size: 0x00000000, Max: 0x00000080, ABSOLUTE)

    **** No section assigned to this execution region ****


==============================================================================

Image component sizes


      Code (inc. data)   RO Data    RW Data    ZI Data      Debug   Object Name

       316          4          0          0          0       4650   eight_ir.o
       116         20         12          0       1129       1955   eight_ir_task.o
       130         16          0          0       1216       2259   empty.o
       348         20          0          0         24       4024   heap_4.o
      1912         56          0          0          0       4751   line_tracking.o
       550         24         10          0       1124       4333   line_tracking_task.o
       296          0          0          0          0       2110   list.o
      2170         32          0          0          0       3766   mahony.o
       462         24         40          0          0       7319   motor.o
       228         28         10          0       1208       2829   motor_task.o
       764         28          0          0          0       6009   mpu6050_bias_store.o
      1896         96          0          0          0      12928   mpu6050_port.o
       670         12          0          0          0       2391   mpu6050_raw.o
      2714        152          8          0       2338      13129   mpu6050_task.o
       366          0          0          0          0       1830   pid.o
       496         52          0          4          0       2536   port.o
       184         24         45          0       4192       1881   print_task.o
      2252          0          0          0          0      13366   queue.o
        20          4        192          0        512        640   startup_mspm0g350x_uvision.o
      4058        256          9          0        360      22215   tasks.o
      2236        160         48          0        376      28995   ti_msp_dl_config.o
       148         12          0          0          0       3889   tim_delay.o
      1414        108          8          0        380       9711   timers.o
       322         24          0          0        132       6727   uart0_debug.o

    ----------------------------------------------------------------------
     24120       1164        436          4      13000     164243   Object Totals
        12          4         48          0          0          0   (incl. Generated)
        40          8          6          0          9          0   (incl. Padding)

    ----------------------------------------------------------------------

      Code (inc. data)   RO Data    RW Data    ZI Data      Debug   Library Member Name

        10          0          0          0          0        802   dl_common.o
       428         28          0          0          0      63557   dl_flashctl.o
       146          0          0          0          0       8619   dl_i2c.o
       592        184          0          0          0      41556   dl_timer.o
        90          8          0          0          0      14162   dl_uart.o
       280         38          0          0          0         76   asinf.o
       668         76          0          0          0        120   atan2f.o
       376         58          0          0          0        104   cosf.o
        34          0          0          0          0         60   fpclassifyf.o
        44          0          0          0          0        272   funder.o
       434         18         32          0          0        168   rredf.o
       388         58          0          0          0        104   sinf.o
        44          0          0          0          0         72   sqrtf.o
         0          0          0          0          0          0   entry.o
         0          0          0          0          0          0   entry10a.o
         0          0          0          0          0          0   entry11a.o
         8          4          0          0          0          0   entry2.o
         4          0          0          0          0          0   entry5.o
         0          0          0          0          0          0   entry7b.o
         0          0          0          0          0          0   entry8b.o
         8          4          0          0          0          0   entry9a.o
        12          6          0          4          0         60   errno.o
        30          0          0          0          0          0   handlers.o
        48         10          0          0          0         68   init.o
         0          0          0          0          0          0   iusefp.o
        32          0          0          0          0         68   llshl.o
        38          0          0          0          0         68   llsshr.o
        34          0          0          0          0         68   llushr.o
        36          0          0          0          0         60   memcpya.o
        36          0          0          0          0        100   memseta.o
      2252         98          0          0          0        412   printfa.o
         0          0          0          4          0          0   stdout.o
        62          0          0          0          0         72   uidiv_div0.o
        96          0          0          0          0         84   uldiv.o
        40          2          0          0          0         68   cdrcmple.o
       356          4          0          0          0        140   dadd.o
       240          6          0          0          0         84   ddiv.o
       236          0          0          0          0        216   depilogue.o
        64         10          0          0          0         68   dfixul.o
       208          6          0          0          0         88   dmul.o
       178          0          0          0          0        108   fadd.o
        28          0          0          0          0         60   fcmpeq.o
        28          0          0          0          0         60   fcmpge.o
        28          0          0          0          0         60   fcmpgt.o
        28          0          0          0          0         60   fcmple.o
        28          0          0          0          0         60   fcmplt.o
       124          0          0          0          0         72   fdiv.o
       130          0          0          0          0        144   fepilogue.o
        50          0          0          0          0         60   ffixi.o
        22          0          0          0          0         68   fflti.o
        14          0          0          0          0         68   ffltui.o
       122          0          0          0          0         72   fmul.o
        62          0          0          0          0         68   frnd.o
        24          0          0          0          0         60   fscalb.o
        88          0          0          0          0         72   fsqrt.o

    ----------------------------------------------------------------------
      8344        622         32          8          0     132488   Library Totals
        16          4          0          0          0          0   (incl. Padding)

    ----------------------------------------------------------------------

      Code (inc. data)   RO Data    RW Data    ZI Data      Debug   Library Name

      1266        220          0          0          0     128696   driverlib.a
      2268        248         32          0          0        976   m_ps.l
      2696        122          0          8          0       1060   mc_p.l
      2098         28          0          0          0       1756   mf_p.l

    ----------------------------------------------------------------------
      8344        622         32          8          0     132488   Library Totals

    ----------------------------------------------------------------------

==============================================================================


      Code (inc. data)   RO Data    RW Data    ZI Data      Debug   

     32464       1786        468         12      13000     294355   Grand Totals
     32464       1786        468         12      13000     294355   ELF Image Totals
     32464       1786        468         12          0          0   ROM Totals

==============================================================================

    Total RO  Size (Code + RO Data)                32932 (  32.16kB)
    Total RW  Size (RW Data + ZI Data)             13012 (  12.71kB)
    Total ROM Size (Code + RO Data + RW Data)      32944 (  32.17kB)

==============================================================================

