<!doctype html public "-//w3c//dtd html 4.0 transitional//en">
<html><head>
<title>Static Call Graph - [.\Objects\empty_LP_MSPM0G3507_nortos_keil.axf]</title></head>
<body><HR>
<H1>Static Call Graph for image .\Objects\empty_LP_MSPM0G3507_nortos_keil.axf</H1><HR>
<BR><P>#&#060CALLGRAPH&#062# ARM Linker, 6220000: Last Updated: Wed Jul 22 22:24:02 2026
<BR><P>
<H3>Maximum Stack Usage =        744 bytes + Unknown(Cycles, Untraceable Function Pointers)</H3><H3>
Call chain for Maximum Stack Depth:</H3>
mpu6050_task &rArr; initialize_filter &rArr; calibrate_gyro &rArr; wait_for_sample &rArr; mpu6050_raw_read &rArr; mpu6050_port_read &rArr; receive &rArr; mpu6050_port_recover_bus &rArr; SYSCFG_DL_I2C_0_init &rArr; DL_I2C_setControllerRXFIFOThreshold &rArr; DL_Common_updateReg
<P>
<H3>
Mutually Recursive functions
</H3> <LI><a href="#[1]">NMI_Handler</a>&nbsp;&nbsp;&nbsp;&rArr;&nbsp;&nbsp;&nbsp;<a href="#[1]">NMI_Handler</a><BR>
 <LI><a href="#[2]">HardFault_Handler</a>&nbsp;&nbsp;&nbsp;&rArr;&nbsp;&nbsp;&nbsp;<a href="#[2]">HardFault_Handler</a><BR>
</UL>
<P>
<H3>
Function Pointers
</H3><UL>
 <LI><a href="#[a]">ADC0_IRQHandler</a> from startup_mspm0g350x_uvision.o(.text) referenced from startup_mspm0g350x_uvision.o(RESET)
 <LI><a href="#[b]">ADC1_IRQHandler</a> from startup_mspm0g350x_uvision.o(.text) referenced from startup_mspm0g350x_uvision.o(RESET)
 <LI><a href="#[1b]">AES_IRQHandler</a> from startup_mspm0g350x_uvision.o(.text) referenced from startup_mspm0g350x_uvision.o(RESET)
 <LI><a href="#[c]">CANFD0_IRQHandler</a> from startup_mspm0g350x_uvision.o(.text) referenced from startup_mspm0g350x_uvision.o(RESET)
 <LI><a href="#[d]">DAC0_IRQHandler</a> from startup_mspm0g350x_uvision.o(.text) referenced from startup_mspm0g350x_uvision.o(RESET)
 <LI><a href="#[1d]">DMA_IRQHandler</a> from startup_mspm0g350x_uvision.o(.text) referenced from startup_mspm0g350x_uvision.o(RESET)
 <LI><a href="#[6]">GROUP0_IRQHandler</a> from startup_mspm0g350x_uvision.o(.text) referenced from startup_mspm0g350x_uvision.o(RESET)
 <LI><a href="#[7]">GROUP1_IRQHandler</a> from mpu6050_task.o(.text.GROUP1_IRQHandler) referenced from startup_mspm0g350x_uvision.o(RESET)
 <LI><a href="#[2]">HardFault_Handler</a> from startup_mspm0g350x_uvision.o(.text) referenced from startup_mspm0g350x_uvision.o(RESET)
 <LI><a href="#[19]">I2C0_IRQHandler</a> from startup_mspm0g350x_uvision.o(.text) referenced from startup_mspm0g350x_uvision.o(RESET)
 <LI><a href="#[1a]">I2C1_IRQHandler</a> from startup_mspm0g350x_uvision.o(.text) referenced from startup_mspm0g350x_uvision.o(RESET)
 <LI><a href="#[1]">NMI_Handler</a> from startup_mspm0g350x_uvision.o(.text) referenced from startup_mspm0g350x_uvision.o(RESET)
 <LI><a href="#[4]">PendSV_Handler</a> from port.o(.text.PendSV_Handler) referenced from startup_mspm0g350x_uvision.o(RESET)
 <LI><a href="#[1c]">RTC_IRQHandler</a> from startup_mspm0g350x_uvision.o(.text) referenced from startup_mspm0g350x_uvision.o(RESET)
 <LI><a href="#[0]">Reset_Handler</a> from startup_mspm0g350x_uvision.o(.text) referenced from startup_mspm0g350x_uvision.o(RESET)
 <LI><a href="#[e]">SPI0_IRQHandler</a> from startup_mspm0g350x_uvision.o(.text) referenced from startup_mspm0g350x_uvision.o(RESET)
 <LI><a href="#[f]">SPI1_IRQHandler</a> from startup_mspm0g350x_uvision.o(.text) referenced from startup_mspm0g350x_uvision.o(RESET)
 <LI><a href="#[3]">SVC_Handler</a> from port.o(.text.SVC_Handler) referenced from startup_mspm0g350x_uvision.o(RESET)
 <LI><a href="#[5]">SysTick_Handler</a> from port.o(.text.SysTick_Handler) referenced from startup_mspm0g350x_uvision.o(RESET)
 <LI><a href="#[15]">TIMA0_IRQHandler</a> from startup_mspm0g350x_uvision.o(.text) referenced from startup_mspm0g350x_uvision.o(RESET)
 <LI><a href="#[16]">TIMA1_IRQHandler</a> from startup_mspm0g350x_uvision.o(.text) referenced from startup_mspm0g350x_uvision.o(RESET)
 <LI><a href="#[13]">TIMG0_IRQHandler</a> from startup_mspm0g350x_uvision.o(.text) referenced from startup_mspm0g350x_uvision.o(RESET)
 <LI><a href="#[18]">TIMG12_IRQHandler</a> from startup_mspm0g350x_uvision.o(.text) referenced from startup_mspm0g350x_uvision.o(RESET)
 <LI><a href="#[14]">TIMG6_IRQHandler</a> from startup_mspm0g350x_uvision.o(.text) referenced from startup_mspm0g350x_uvision.o(RESET)
 <LI><a href="#[17]">TIMG7_IRQHandler</a> from startup_mspm0g350x_uvision.o(.text) referenced from startup_mspm0g350x_uvision.o(RESET)
 <LI><a href="#[8]">TIMG8_IRQHandler</a> from startup_mspm0g350x_uvision.o(.text) referenced from startup_mspm0g350x_uvision.o(RESET)
 <LI><a href="#[12]">UART0_IRQHandler</a> from uart0_debug.o(.text.UART0_IRQHandler) referenced from startup_mspm0g350x_uvision.o(RESET)
 <LI><a href="#[10]">UART1_IRQHandler</a> from startup_mspm0g350x_uvision.o(.text) referenced from startup_mspm0g350x_uvision.o(RESET)
 <LI><a href="#[11]">UART2_IRQHandler</a> from startup_mspm0g350x_uvision.o(.text) referenced from startup_mspm0g350x_uvision.o(RESET)
 <LI><a href="#[9]">UART3_IRQHandler</a> from startup_mspm0g350x_uvision.o(.text) referenced from startup_mspm0g350x_uvision.o(RESET)
 <LI><a href="#[1f]">__main</a> from entry.o(.ARM.Collect$$$$00000000) referenced from startup_mspm0g350x_uvision.o(.text)
 <LI><a href="#[20]">eight_ir_task</a> from eight_ir_task.o(.text.eight_ir_task) referenced from eight_ir_task.o(.text.eight_ir_task_create)
 <LI><a href="#[28]">fputc</a> from uart0_debug.o(.text.fputc) referenced from printfa.o(i.__0printf)
 <LI><a href="#[21]">line_tracking_task</a> from line_tracking_task.o(.text.line_tracking_task) referenced from line_tracking_task.o(.text.line_tracking_task_create)
 <LI><a href="#[1e]">main</a> from empty.o(.text.main) referenced from entry9a.o(.ARM.Collect$$$$0000000B)
 <LI><a href="#[22]">motor_task</a> from motor_task.o(.text.motor_task) referenced from motor_task.o(.text.motor_task_create)
 <LI><a href="#[23]">mpu6050_task</a> from mpu6050_task.o(.text.mpu6050_task) referenced from mpu6050_task.o(.text.mpu6050_task_create)
 <LI><a href="#[24]">print_task</a> from print_task.o(.text.print_task) referenced from print_task.o(.text.print_task_create)
 <LI><a href="#[26]">prvIdleTask</a> from tasks.o(.text.prvIdleTask) referenced from tasks.o(.text.vTaskStartScheduler)
 <LI><a href="#[25]">prvTaskExitError</a> from port.o(.text.prvTaskExitError) referenced from port.o(.text.pxPortInitialiseStack)
 <LI><a href="#[27]">prvTimerTask</a> from timers.o(.text.prvTimerTask) referenced from timers.o(.text.xTimerCreateTimerTask)
</UL>
<P>
<H3>
Global Symbols
</H3>
<P><STRONG><a name="[1f]"></a>__main</STRONG> (Thumb, 0 bytes, Stack size unknown bytes, entry.o(.ARM.Collect$$$$00000000))
<BR>[Address Reference Count : 1]<UL><LI> startup_mspm0g350x_uvision.o(.text)
</UL>
<P><STRONG><a name="[15e]"></a>_main_stk</STRONG> (Thumb, 0 bytes, Stack size unknown bytes, entry2.o(.ARM.Collect$$$$00000001))

<P><STRONG><a name="[2a]"></a>_main_scatterload</STRONG> (Thumb, 0 bytes, Stack size unknown bytes, entry5.o(.ARM.Collect$$$$00000004))
<BR><BR>[Calls]<UL><LI><a href="#[2b]">&gt;&gt;</a>&nbsp;&nbsp;&nbsp;__scatterload
</UL>

<P><STRONG><a name="[46]"></a>__main_after_scatterload</STRONG> (Thumb, 0 bytes, Stack size unknown bytes, entry5.o(.ARM.Collect$$$$00000004))
<BR><BR>[Called By]<UL><LI><a href="#[2b]">&gt;&gt;</a>&nbsp;&nbsp;&nbsp;__scatterload
</UL>

<P><STRONG><a name="[15f]"></a>_main_clock</STRONG> (Thumb, 0 bytes, Stack size unknown bytes, entry7b.o(.ARM.Collect$$$$00000008))

<P><STRONG><a name="[160]"></a>_main_cpp_init</STRONG> (Thumb, 0 bytes, Stack size unknown bytes, entry8b.o(.ARM.Collect$$$$0000000A))

<P><STRONG><a name="[161]"></a>_main_init</STRONG> (Thumb, 0 bytes, Stack size unknown bytes, entry9a.o(.ARM.Collect$$$$0000000B))

<P><STRONG><a name="[162]"></a>__rt_final_cpp</STRONG> (Thumb, 0 bytes, Stack size unknown bytes, entry10a.o(.ARM.Collect$$$$0000000D))

<P><STRONG><a name="[163]"></a>__rt_final_exit</STRONG> (Thumb, 0 bytes, Stack size unknown bytes, entry11a.o(.ARM.Collect$$$$0000000F))

<P><STRONG><a name="[0]"></a>Reset_Handler</STRONG> (Thumb, 4 bytes, Stack size 0 bytes, startup_mspm0g350x_uvision.o(.text))
<BR>[Address Reference Count : 1]<UL><LI> startup_mspm0g350x_uvision.o(RESET)
</UL>
<P><STRONG><a name="[1]"></a>NMI_Handler</STRONG> (Thumb, 2 bytes, Stack size 0 bytes, startup_mspm0g350x_uvision.o(.text))
<BR><BR>[Calls]<UL><LI><a href="#[1]">&gt;&gt;</a>&nbsp;&nbsp;&nbsp;NMI_Handler
</UL>
<BR>[Called By]<UL><LI><a href="#[1]">&gt;&gt;</a>&nbsp;&nbsp;&nbsp;NMI_Handler
</UL>
<BR>[Address Reference Count : 1]<UL><LI> startup_mspm0g350x_uvision.o(RESET)
</UL>
<P><STRONG><a name="[2]"></a>HardFault_Handler</STRONG> (Thumb, 2 bytes, Stack size 0 bytes, startup_mspm0g350x_uvision.o(.text))
<BR><BR>[Calls]<UL><LI><a href="#[2]">&gt;&gt;</a>&nbsp;&nbsp;&nbsp;HardFault_Handler
</UL>
<BR>[Called By]<UL><LI><a href="#[2]">&gt;&gt;</a>&nbsp;&nbsp;&nbsp;HardFault_Handler
</UL>
<BR>[Address Reference Count : 1]<UL><LI> startup_mspm0g350x_uvision.o(RESET)
</UL>
<P><STRONG><a name="[a]"></a>ADC0_IRQHandler</STRONG> (Thumb, 0 bytes, Stack size 0 bytes, startup_mspm0g350x_uvision.o(.text))
<BR>[Address Reference Count : 1]<UL><LI> startup_mspm0g350x_uvision.o(RESET)
</UL>
<P><STRONG><a name="[b]"></a>ADC1_IRQHandler</STRONG> (Thumb, 0 bytes, Stack size 0 bytes, startup_mspm0g350x_uvision.o(.text))
<BR>[Address Reference Count : 1]<UL><LI> startup_mspm0g350x_uvision.o(RESET)
</UL>
<P><STRONG><a name="[1b]"></a>AES_IRQHandler</STRONG> (Thumb, 0 bytes, Stack size 0 bytes, startup_mspm0g350x_uvision.o(.text))
<BR>[Address Reference Count : 1]<UL><LI> startup_mspm0g350x_uvision.o(RESET)
</UL>
<P><STRONG><a name="[c]"></a>CANFD0_IRQHandler</STRONG> (Thumb, 0 bytes, Stack size 0 bytes, startup_mspm0g350x_uvision.o(.text))
<BR>[Address Reference Count : 1]<UL><LI> startup_mspm0g350x_uvision.o(RESET)
</UL>
<P><STRONG><a name="[d]"></a>DAC0_IRQHandler</STRONG> (Thumb, 0 bytes, Stack size 0 bytes, startup_mspm0g350x_uvision.o(.text))
<BR>[Address Reference Count : 1]<UL><LI> startup_mspm0g350x_uvision.o(RESET)
</UL>
<P><STRONG><a name="[1d]"></a>DMA_IRQHandler</STRONG> (Thumb, 0 bytes, Stack size 0 bytes, startup_mspm0g350x_uvision.o(.text))
<BR>[Address Reference Count : 1]<UL><LI> startup_mspm0g350x_uvision.o(RESET)
</UL>
<P><STRONG><a name="[2c]"></a>Default_Handler</STRONG> (Thumb, 2 bytes, Stack size 0 bytes, startup_mspm0g350x_uvision.o(.text), UNUSED)
<BR><BR>[Calls]<UL><LI><a href="#[2c]">&gt;&gt;</a>&nbsp;&nbsp;&nbsp;Default_Handler
</UL>
<BR>[Called By]<UL><LI><a href="#[2c]">&gt;&gt;</a>&nbsp;&nbsp;&nbsp;Default_Handler
</UL>

<P><STRONG><a name="[6]"></a>GROUP0_IRQHandler</STRONG> (Thumb, 0 bytes, Stack size 0 bytes, startup_mspm0g350x_uvision.o(.text))
<BR>[Address Reference Count : 1]<UL><LI> startup_mspm0g350x_uvision.o(RESET)
</UL>
<P><STRONG><a name="[19]"></a>I2C0_IRQHandler</STRONG> (Thumb, 0 bytes, Stack size 0 bytes, startup_mspm0g350x_uvision.o(.text))
<BR>[Address Reference Count : 1]<UL><LI> startup_mspm0g350x_uvision.o(RESET)
</UL>
<P><STRONG><a name="[1a]"></a>I2C1_IRQHandler</STRONG> (Thumb, 0 bytes, Stack size 0 bytes, startup_mspm0g350x_uvision.o(.text))
<BR>[Address Reference Count : 1]<UL><LI> startup_mspm0g350x_uvision.o(RESET)
</UL>
<P><STRONG><a name="[1c]"></a>RTC_IRQHandler</STRONG> (Thumb, 0 bytes, Stack size 0 bytes, startup_mspm0g350x_uvision.o(.text))
<BR>[Address Reference Count : 1]<UL><LI> startup_mspm0g350x_uvision.o(RESET)
</UL>
<P><STRONG><a name="[e]"></a>SPI0_IRQHandler</STRONG> (Thumb, 0 bytes, Stack size 0 bytes, startup_mspm0g350x_uvision.o(.text))
<BR>[Address Reference Count : 1]<UL><LI> startup_mspm0g350x_uvision.o(RESET)
</UL>
<P><STRONG><a name="[f]"></a>SPI1_IRQHandler</STRONG> (Thumb, 0 bytes, Stack size 0 bytes, startup_mspm0g350x_uvision.o(.text))
<BR>[Address Reference Count : 1]<UL><LI> startup_mspm0g350x_uvision.o(RESET)
</UL>
<P><STRONG><a name="[15]"></a>TIMA0_IRQHandler</STRONG> (Thumb, 0 bytes, Stack size 0 bytes, startup_mspm0g350x_uvision.o(.text))
<BR>[Address Reference Count : 1]<UL><LI> startup_mspm0g350x_uvision.o(RESET)
</UL>
<P><STRONG><a name="[16]"></a>TIMA1_IRQHandler</STRONG> (Thumb, 0 bytes, Stack size 0 bytes, startup_mspm0g350x_uvision.o(.text))
<BR>[Address Reference Count : 1]<UL><LI> startup_mspm0g350x_uvision.o(RESET)
</UL>
<P><STRONG><a name="[13]"></a>TIMG0_IRQHandler</STRONG> (Thumb, 0 bytes, Stack size 0 bytes, startup_mspm0g350x_uvision.o(.text))
<BR>[Address Reference Count : 1]<UL><LI> startup_mspm0g350x_uvision.o(RESET)
</UL>
<P><STRONG><a name="[18]"></a>TIMG12_IRQHandler</STRONG> (Thumb, 0 bytes, Stack size 0 bytes, startup_mspm0g350x_uvision.o(.text))
<BR>[Address Reference Count : 1]<UL><LI> startup_mspm0g350x_uvision.o(RESET)
</UL>
<P><STRONG><a name="[14]"></a>TIMG6_IRQHandler</STRONG> (Thumb, 0 bytes, Stack size 0 bytes, startup_mspm0g350x_uvision.o(.text))
<BR>[Address Reference Count : 1]<UL><LI> startup_mspm0g350x_uvision.o(RESET)
</UL>
<P><STRONG><a name="[17]"></a>TIMG7_IRQHandler</STRONG> (Thumb, 0 bytes, Stack size 0 bytes, startup_mspm0g350x_uvision.o(.text))
<BR>[Address Reference Count : 1]<UL><LI> startup_mspm0g350x_uvision.o(RESET)
</UL>
<P><STRONG><a name="[8]"></a>TIMG8_IRQHandler</STRONG> (Thumb, 0 bytes, Stack size 0 bytes, startup_mspm0g350x_uvision.o(.text))
<BR>[Address Reference Count : 1]<UL><LI> startup_mspm0g350x_uvision.o(RESET)
</UL>
<P><STRONG><a name="[10]"></a>UART1_IRQHandler</STRONG> (Thumb, 0 bytes, Stack size 0 bytes, startup_mspm0g350x_uvision.o(.text))
<BR>[Address Reference Count : 1]<UL><LI> startup_mspm0g350x_uvision.o(RESET)
</UL>
<P><STRONG><a name="[11]"></a>UART2_IRQHandler</STRONG> (Thumb, 0 bytes, Stack size 0 bytes, startup_mspm0g350x_uvision.o(.text))
<BR>[Address Reference Count : 1]<UL><LI> startup_mspm0g350x_uvision.o(RESET)
</UL>
<P><STRONG><a name="[9]"></a>UART3_IRQHandler</STRONG> (Thumb, 0 bytes, Stack size 0 bytes, startup_mspm0g350x_uvision.o(.text))
<BR>[Address Reference Count : 1]<UL><LI> startup_mspm0g350x_uvision.o(RESET)
</UL>
<P><STRONG><a name="[b6]"></a>__aeabi_memcpy</STRONG> (Thumb, 36 bytes, Stack size 0 bytes, memcpya.o(.text))
<BR><BR>[Called By]<UL><LI><a href="#[20]">&gt;&gt;</a>&nbsp;&nbsp;&nbsp;eight_ir_task
<LI><a href="#[c5]">&gt;&gt;</a>&nbsp;&nbsp;&nbsp;mpu6050_bias_load
<LI><a href="#[119]">&gt;&gt;</a>&nbsp;&nbsp;&nbsp;prvCopyDataFromQueue
<LI><a href="#[11a]">&gt;&gt;</a>&nbsp;&nbsp;&nbsp;prvCopyDataToQueue
</UL>

<P><STRONG><a name="[133]"></a>__aeabi_memcpy4</STRONG> (Thumb, 0 bytes, Stack size 0 bytes, memcpya.o(.text))
<BR><BR>[Called By]<UL><LI><a href="#[109]">&gt;&gt;</a>&nbsp;&nbsp;&nbsp;publish_sample
</UL>

<P><STRONG><a name="[164]"></a>__aeabi_memcpy8</STRONG> (Thumb, 0 bytes, Stack size 0 bytes, memcpya.o(.text), UNUSED)

<P><STRONG><a name="[2e]"></a>__aeabi_memset</STRONG> (Thumb, 14 bytes, Stack size 0 bytes, memseta.o(.text), UNUSED)
<BR><BR>[Called By]<UL><LI><a href="#[2f]">&gt;&gt;</a>&nbsp;&nbsp;&nbsp;_memset$wrapper
<LI><a href="#[2d]">&gt;&gt;</a>&nbsp;&nbsp;&nbsp;__aeabi_memclr
</UL>

<P><STRONG><a name="[120]"></a>__aeabi_memset4</STRONG> (Thumb, 0 bytes, Stack size 0 bytes, memseta.o(.text))
<BR><BR>[Called By]<UL><LI><a href="#[11f]">&gt;&gt;</a>&nbsp;&nbsp;&nbsp;prvInitialiseNewTask
</UL>

<P><STRONG><a name="[165]"></a>__aeabi_memset8</STRONG> (Thumb, 0 bytes, Stack size 0 bytes, memseta.o(.text), UNUSED)

<P><STRONG><a name="[2d]"></a>__aeabi_memclr</STRONG> (Thumb, 4 bytes, Stack size 0 bytes, memseta.o(.text), UNUSED)
<BR><BR>[Calls]<UL><LI><a href="#[2e]">&gt;&gt;</a>&nbsp;&nbsp;&nbsp;__aeabi_memset
</UL>

<P><STRONG><a name="[ca]"></a>__aeabi_memclr4</STRONG> (Thumb, 0 bytes, Stack size 0 bytes, memseta.o(.text))
<BR><BR>[Called By]<UL><LI><a href="#[c8]">&gt;&gt;</a>&nbsp;&nbsp;&nbsp;line_tracking_init
<LI><a href="#[cb]">&gt;&gt;</a>&nbsp;&nbsp;&nbsp;pid_init
<LI><a href="#[df]">&gt;&gt;</a>&nbsp;&nbsp;&nbsp;mpu6050_task_create
</UL>

<P><STRONG><a name="[166]"></a>__aeabi_memclr8</STRONG> (Thumb, 0 bytes, Stack size 0 bytes, memseta.o(.text), UNUSED)

<P><STRONG><a name="[2f]"></a>_memset$wrapper</STRONG> (Thumb, 18 bytes, Stack size 8 bytes, memseta.o(.text), UNUSED)
<BR><BR>[Calls]<UL><LI><a href="#[2e]">&gt;&gt;</a>&nbsp;&nbsp;&nbsp;__aeabi_memset
</UL>

<P><STRONG><a name="[30]"></a>__aeabi_fadd</STRONG> (Thumb, 162 bytes, Stack size 24 bytes, fadd.o(.text))
<BR><BR>[Stack]<UL><LI>Max Depth = 36<LI>Call Chain = __aeabi_fadd &rArr; _float_epilogue
</UL>
<BR>[Calls]<UL><LI><a href="#[32]">&gt;&gt;</a>&nbsp;&nbsp;&nbsp;_float_round
<LI><a href="#[31]">&gt;&gt;</a>&nbsp;&nbsp;&nbsp;_float_epilogue
</UL>
<BR>[Called By]<UL><LI><a href="#[dc]">&gt;&gt;</a>&nbsp;&nbsp;&nbsp;normalize_quaternion
<LI><a href="#[d7]">&gt;&gt;</a>&nbsp;&nbsp;&nbsp;mahony_get_euler_deg
<LI><a href="#[103]">&gt;&gt;</a>&nbsp;&nbsp;&nbsp;mpu6050_raw_convert
<LI><a href="#[c7]">&gt;&gt;</a>&nbsp;&nbsp;&nbsp;mahony_init_from_accel
<LI><a href="#[dd]">&gt;&gt;</a>&nbsp;&nbsp;&nbsp;mahony_update_imu
<LI><a href="#[96]">&gt;&gt;</a>&nbsp;&nbsp;&nbsp;accel_norm_is_valid
<LI><a href="#[9d]">&gt;&gt;</a>&nbsp;&nbsp;&nbsp;calibrate_gyro
<LI><a href="#[a4]">&gt;&gt;</a>&nbsp;&nbsp;&nbsp;collect_accel_average
<LI><a href="#[33]">&gt;&gt;</a>&nbsp;&nbsp;&nbsp;__aeabi_fsub
<LI><a href="#[d5]">&gt;&gt;</a>&nbsp;&nbsp;&nbsp;pid_calculate
<LI><a href="#[156]">&gt;&gt;</a>&nbsp;&nbsp;&nbsp;__mathlib_rredf2
<LI><a href="#[153]">&gt;&gt;</a>&nbsp;&nbsp;&nbsp;__mathlib_flt_infnan2
<LI><a href="#[db]">&gt;&gt;</a>&nbsp;&nbsp;&nbsp;sinf
<LI><a href="#[da]">&gt;&gt;</a>&nbsp;&nbsp;&nbsp;cosf
<LI><a href="#[d8]">&gt;&gt;</a>&nbsp;&nbsp;&nbsp;atan2f
<LI><a href="#[34]">&gt;&gt;</a>&nbsp;&nbsp;&nbsp;__aeabi_frsub
<LI><a href="#[d9]">&gt;&gt;</a>&nbsp;&nbsp;&nbsp;asinf
</UL>

<P><STRONG><a name="[33]"></a>__aeabi_fsub</STRONG> (Thumb, 8 bytes, Stack size 0 bytes, fadd.o(.text))
<BR><BR>[Stack]<UL><LI>Max Depth = 36<LI>Call Chain = __aeabi_fsub &rArr; __aeabi_fadd &rArr; _float_epilogue
</UL>
<BR>[Calls]<UL><LI><a href="#[30]">&gt;&gt;</a>&nbsp;&nbsp;&nbsp;__aeabi_fadd
</UL>
<BR>[Called By]<UL><LI><a href="#[d7]">&gt;&gt;</a>&nbsp;&nbsp;&nbsp;mahony_get_euler_deg
<LI><a href="#[dd]">&gt;&gt;</a>&nbsp;&nbsp;&nbsp;mahony_update_imu
<LI><a href="#[9d]">&gt;&gt;</a>&nbsp;&nbsp;&nbsp;calibrate_gyro
<LI><a href="#[23]">&gt;&gt;</a>&nbsp;&nbsp;&nbsp;mpu6050_task
<LI><a href="#[d5]">&gt;&gt;</a>&nbsp;&nbsp;&nbsp;pid_calculate
<LI><a href="#[156]">&gt;&gt;</a>&nbsp;&nbsp;&nbsp;__mathlib_rredf2
<LI><a href="#[db]">&gt;&gt;</a>&nbsp;&nbsp;&nbsp;sinf
<LI><a href="#[da]">&gt;&gt;</a>&nbsp;&nbsp;&nbsp;cosf
<LI><a href="#[d8]">&gt;&gt;</a>&nbsp;&nbsp;&nbsp;atan2f
</UL>

<P><STRONG><a name="[34]"></a>__aeabi_frsub</STRONG> (Thumb, 8 bytes, Stack size 0 bytes, fadd.o(.text))
<BR><BR>[Stack]<UL><LI>Max Depth = 36<LI>Call Chain = __aeabi_frsub &rArr; __aeabi_fadd &rArr; _float_epilogue
</UL>
<BR>[Calls]<UL><LI><a href="#[30]">&gt;&gt;</a>&nbsp;&nbsp;&nbsp;__aeabi_fadd
</UL>
<BR>[Called By]<UL><LI><a href="#[156]">&gt;&gt;</a>&nbsp;&nbsp;&nbsp;__mathlib_rredf2
<LI><a href="#[db]">&gt;&gt;</a>&nbsp;&nbsp;&nbsp;sinf
<LI><a href="#[da]">&gt;&gt;</a>&nbsp;&nbsp;&nbsp;cosf
<LI><a href="#[d8]">&gt;&gt;</a>&nbsp;&nbsp;&nbsp;atan2f
<LI><a href="#[d9]">&gt;&gt;</a>&nbsp;&nbsp;&nbsp;asinf
</UL>

<P><STRONG><a name="[97]"></a>__aeabi_fmul</STRONG> (Thumb, 122 bytes, Stack size 16 bytes, fmul.o(.text))
<BR><BR>[Stack]<UL><LI>Max Depth = 16<LI>Call Chain = __aeabi_fmul
</UL>
<BR>[Called By]<UL><LI><a href="#[dc]">&gt;&gt;</a>&nbsp;&nbsp;&nbsp;normalize_quaternion
<LI><a href="#[d7]">&gt;&gt;</a>&nbsp;&nbsp;&nbsp;mahony_get_euler_deg
<LI><a href="#[c7]">&gt;&gt;</a>&nbsp;&nbsp;&nbsp;mahony_init_from_accel
<LI><a href="#[dd]">&gt;&gt;</a>&nbsp;&nbsp;&nbsp;mahony_update_imu
<LI><a href="#[96]">&gt;&gt;</a>&nbsp;&nbsp;&nbsp;accel_norm_is_valid
<LI><a href="#[9c]">&gt;&gt;</a>&nbsp;&nbsp;&nbsp;calculate_sample_dt
<LI><a href="#[23]">&gt;&gt;</a>&nbsp;&nbsp;&nbsp;mpu6050_task
<LI><a href="#[d5]">&gt;&gt;</a>&nbsp;&nbsp;&nbsp;pid_calculate
<LI><a href="#[156]">&gt;&gt;</a>&nbsp;&nbsp;&nbsp;__mathlib_rredf2
<LI><a href="#[db]">&gt;&gt;</a>&nbsp;&nbsp;&nbsp;sinf
<LI><a href="#[da]">&gt;&gt;</a>&nbsp;&nbsp;&nbsp;cosf
<LI><a href="#[d8]">&gt;&gt;</a>&nbsp;&nbsp;&nbsp;atan2f
<LI><a href="#[d9]">&gt;&gt;</a>&nbsp;&nbsp;&nbsp;asinf
</UL>

<P><STRONG><a name="[35]"></a>__aeabi_fdiv</STRONG> (Thumb, 124 bytes, Stack size 16 bytes, fdiv.o(.text))
<BR><BR>[Stack]<UL><LI>Max Depth = 16<LI>Call Chain = __aeabi_fdiv
</UL>
<BR>[Calls]<UL><LI><a href="#[32]">&gt;&gt;</a>&nbsp;&nbsp;&nbsp;_float_round
</UL>
<BR>[Called By]<UL><LI><a href="#[dc]">&gt;&gt;</a>&nbsp;&nbsp;&nbsp;normalize_quaternion
<LI><a href="#[103]">&gt;&gt;</a>&nbsp;&nbsp;&nbsp;mpu6050_raw_convert
<LI><a href="#[c7]">&gt;&gt;</a>&nbsp;&nbsp;&nbsp;mahony_init_from_accel
<LI><a href="#[dd]">&gt;&gt;</a>&nbsp;&nbsp;&nbsp;mahony_update_imu
<LI><a href="#[9d]">&gt;&gt;</a>&nbsp;&nbsp;&nbsp;calibrate_gyro
<LI><a href="#[a4]">&gt;&gt;</a>&nbsp;&nbsp;&nbsp;collect_accel_average
<LI><a href="#[154]">&gt;&gt;</a>&nbsp;&nbsp;&nbsp;__mathlib_flt_invalid
<LI><a href="#[d8]">&gt;&gt;</a>&nbsp;&nbsp;&nbsp;atan2f
</UL>

<P><STRONG><a name="[9a]"></a>__aeabi_fcmple</STRONG> (Thumb, 28 bytes, Stack size 0 bytes, fcmple.o(.text))
<BR><BR>[Called By]<UL><LI><a href="#[9b]">&gt;&gt;</a>&nbsp;&nbsp;&nbsp;bias_is_reasonable
<LI><a href="#[a3]">&gt;&gt;</a>&nbsp;&nbsp;&nbsp;clamp_unit
<LI><a href="#[c7]">&gt;&gt;</a>&nbsp;&nbsp;&nbsp;mahony_init_from_accel
<LI><a href="#[dd]">&gt;&gt;</a>&nbsp;&nbsp;&nbsp;mahony_update_imu
<LI><a href="#[96]">&gt;&gt;</a>&nbsp;&nbsp;&nbsp;accel_norm_is_valid
<LI><a href="#[9d]">&gt;&gt;</a>&nbsp;&nbsp;&nbsp;calibrate_gyro
<LI><a href="#[9c]">&gt;&gt;</a>&nbsp;&nbsp;&nbsp;calculate_sample_dt
<LI><a href="#[a2]">&gt;&gt;</a>&nbsp;&nbsp;&nbsp;clamp_float
</UL>

<P><STRONG><a name="[99]"></a>__aeabi_fcmplt</STRONG> (Thumb, 28 bytes, Stack size 0 bytes, fcmplt.o(.text))
<BR><BR>[Called By]<UL><LI><a href="#[9b]">&gt;&gt;</a>&nbsp;&nbsp;&nbsp;bias_is_reasonable
<LI><a href="#[c7]">&gt;&gt;</a>&nbsp;&nbsp;&nbsp;mahony_init_from_accel
<LI><a href="#[dd]">&gt;&gt;</a>&nbsp;&nbsp;&nbsp;mahony_update_imu
<LI><a href="#[96]">&gt;&gt;</a>&nbsp;&nbsp;&nbsp;accel_norm_is_valid
<LI><a href="#[9c]">&gt;&gt;</a>&nbsp;&nbsp;&nbsp;calculate_sample_dt
</UL>

<P><STRONG><a name="[a0]"></a>__aeabi_fcmpge</STRONG> (Thumb, 28 bytes, Stack size 0 bytes, fcmpge.o(.text))
<BR><BR>[Called By]<UL><LI><a href="#[a3]">&gt;&gt;</a>&nbsp;&nbsp;&nbsp;clamp_unit
<LI><a href="#[dc]">&gt;&gt;</a>&nbsp;&nbsp;&nbsp;normalize_quaternion
<LI><a href="#[9d]">&gt;&gt;</a>&nbsp;&nbsp;&nbsp;calibrate_gyro
<LI><a href="#[a2]">&gt;&gt;</a>&nbsp;&nbsp;&nbsp;clamp_float
</UL>

<P><STRONG><a name="[a1]"></a>__aeabi_fcmpgt</STRONG> (Thumb, 28 bytes, Stack size 0 bytes, fcmpgt.o(.text))
<BR><BR>[Called By]<UL><LI><a href="#[dd]">&gt;&gt;</a>&nbsp;&nbsp;&nbsp;mahony_update_imu
<LI><a href="#[9d]">&gt;&gt;</a>&nbsp;&nbsp;&nbsp;calibrate_gyro
</UL>

<P><STRONG><a name="[ee]"></a>__aeabi_fcmpeq</STRONG> (Thumb, 28 bytes, Stack size 0 bytes, fcmpeq.o(.text))
<BR><BR>[Called By]<UL><LI><a href="#[c6]">&gt;&gt;</a>&nbsp;&nbsp;&nbsp;mpu6050_bias_save
</UL>

<P><STRONG><a name="[36]"></a>__aeabi_i2f</STRONG> (Thumb, 22 bytes, Stack size 8 bytes, fflti.o(.text))
<BR><BR>[Stack]<UL><LI>Max Depth = 20<LI>Call Chain = __aeabi_i2f &rArr; _float_epilogue
</UL>
<BR>[Calls]<UL><LI><a href="#[31]">&gt;&gt;</a>&nbsp;&nbsp;&nbsp;_float_epilogue
</UL>
<BR>[Called By]<UL><LI><a href="#[103]">&gt;&gt;</a>&nbsp;&nbsp;&nbsp;mpu6050_raw_convert
<LI><a href="#[d0]">&gt;&gt;</a>&nbsp;&nbsp;&nbsp;line_tracking_update
<LI><a href="#[156]">&gt;&gt;</a>&nbsp;&nbsp;&nbsp;__mathlib_rredf2
</UL>

<P><STRONG><a name="[37]"></a>__aeabi_ui2f</STRONG> (Thumb, 14 bytes, Stack size 8 bytes, ffltui.o(.text))
<BR><BR>[Stack]<UL><LI>Max Depth = 20<LI>Call Chain = __aeabi_ui2f &rArr; _float_epilogue
</UL>
<BR>[Calls]<UL><LI><a href="#[31]">&gt;&gt;</a>&nbsp;&nbsp;&nbsp;_float_epilogue
</UL>
<BR>[Called By]<UL><LI><a href="#[9c]">&gt;&gt;</a>&nbsp;&nbsp;&nbsp;calculate_sample_dt
<LI><a href="#[156]">&gt;&gt;</a>&nbsp;&nbsp;&nbsp;__mathlib_rredf2
</UL>

<P><STRONG><a name="[d6]"></a>__aeabi_f2iz</STRONG> (Thumb, 50 bytes, Stack size 0 bytes, ffixi.o(.text))
<BR><BR>[Called By]<UL><LI><a href="#[d0]">&gt;&gt;</a>&nbsp;&nbsp;&nbsp;line_tracking_update
<LI><a href="#[db]">&gt;&gt;</a>&nbsp;&nbsp;&nbsp;sinf
<LI><a href="#[da]">&gt;&gt;</a>&nbsp;&nbsp;&nbsp;cosf
</UL>

<P><STRONG><a name="[4c]"></a>__aeabi_uidiv</STRONG> (Thumb, 0 bytes, Stack size 16 bytes, uidiv_div0.o(.text))
<BR><BR>[Stack]<UL><LI>Max Depth = 16<LI>Call Chain = __aeabi_uidiv
</UL>
<BR>[Called By]<UL><LI><a href="#[4b]">&gt;&gt;</a>&nbsp;&nbsp;&nbsp;DL_FlashCTL_unprotectSector
<LI><a href="#[21]">&gt;&gt;</a>&nbsp;&nbsp;&nbsp;line_tracking_task
<LI><a href="#[ef]">&gt;&gt;</a>&nbsp;&nbsp;&nbsp;mpu6050_port_delay_ms
<LI><a href="#[13c]">&gt;&gt;</a>&nbsp;&nbsp;&nbsp;set_pwm
</UL>

<P><STRONG><a name="[4d]"></a>__aeabi_uidivmod</STRONG> (Thumb, 62 bytes, Stack size 16 bytes, uidiv_div0.o(.text))
<BR><BR>[Stack]<UL><LI>Max Depth = 16<LI>Call Chain = __aeabi_uidivmod
</UL>
<BR>[Called By]<UL><LI><a href="#[4b]">&gt;&gt;</a>&nbsp;&nbsp;&nbsp;DL_FlashCTL_unprotectSector
<LI><a href="#[150]">&gt;&gt;</a>&nbsp;&nbsp;&nbsp;_printf_core
</UL>

<P><STRONG><a name="[38]"></a>__aeabi_uldivmod</STRONG> (Thumb, 96 bytes, Stack size 48 bytes, uldiv.o(.text), UNUSED)
<BR><BR>[Calls]<UL><LI><a href="#[39]">&gt;&gt;</a>&nbsp;&nbsp;&nbsp;__aeabi_llsr
<LI><a href="#[3a]">&gt;&gt;</a>&nbsp;&nbsp;&nbsp;__aeabi_llsl
</UL>
<BR>[Called By]<UL><LI><a href="#[150]">&gt;&gt;</a>&nbsp;&nbsp;&nbsp;_printf_core
<LI><a href="#[158]">&gt;&gt;</a>&nbsp;&nbsp;&nbsp;_fp_digits
</UL>

<P><STRONG><a name="[167]"></a>__I$use$fp</STRONG> (Thumb, 0 bytes, Stack size 0 bytes, iusefp.o(.text), UNUSED)

<P><STRONG><a name="[32]"></a>_float_round</STRONG> (Thumb, 16 bytes, Stack size 0 bytes, fepilogue.o(.text))
<BR><BR>[Called By]<UL><LI><a href="#[35]">&gt;&gt;</a>&nbsp;&nbsp;&nbsp;__aeabi_fdiv
<LI><a href="#[30]">&gt;&gt;</a>&nbsp;&nbsp;&nbsp;__aeabi_fadd
<LI><a href="#[3b]">&gt;&gt;</a>&nbsp;&nbsp;&nbsp;_fsqrt
<LI><a href="#[3c]">&gt;&gt;</a>&nbsp;&nbsp;&nbsp;_frnd
</UL>

<P><STRONG><a name="[31]"></a>_float_epilogue</STRONG> (Thumb, 114 bytes, Stack size 12 bytes, fepilogue.o(.text))
<BR><BR>[Stack]<UL><LI>Max Depth = 12<LI>Call Chain = _float_epilogue
</UL>
<BR>[Called By]<UL><LI><a href="#[37]">&gt;&gt;</a>&nbsp;&nbsp;&nbsp;__aeabi_ui2f
<LI><a href="#[36]">&gt;&gt;</a>&nbsp;&nbsp;&nbsp;__aeabi_i2f
<LI><a href="#[30]">&gt;&gt;</a>&nbsp;&nbsp;&nbsp;__aeabi_fadd
</UL>

<P><STRONG><a name="[152]"></a>__ARM_scalbnf</STRONG> (Thumb, 24 bytes, Stack size 0 bytes, fscalb.o(.text))
<BR><BR>[Called By]<UL><LI><a href="#[156]">&gt;&gt;</a>&nbsp;&nbsp;&nbsp;__mathlib_rredf2
<LI><a href="#[155]">&gt;&gt;</a>&nbsp;&nbsp;&nbsp;__mathlib_flt_underflow
<LI><a href="#[151]">&gt;&gt;</a>&nbsp;&nbsp;&nbsp;__mathlib_flt_infnan
<LI><a href="#[d9]">&gt;&gt;</a>&nbsp;&nbsp;&nbsp;asinf
</UL>

<P><STRONG><a name="[168]"></a>scalbnf</STRONG> (Thumb, 0 bytes, Stack size 0 bytes, fscalb.o(.text), UNUSED)

<P><STRONG><a name="[3b]"></a>_fsqrt</STRONG> (Thumb, 88 bytes, Stack size 16 bytes, fsqrt.o(.text))
<BR><BR>[Stack]<UL><LI>Max Depth = 16<LI>Call Chain = _fsqrt
</UL>
<BR>[Calls]<UL><LI><a href="#[32]">&gt;&gt;</a>&nbsp;&nbsp;&nbsp;_float_round
</UL>
<BR>[Called By]<UL><LI><a href="#[98]">&gt;&gt;</a>&nbsp;&nbsp;&nbsp;sqrtf
</UL>

<P><STRONG><a name="[3c]"></a>_frnd</STRONG> (Thumb, 62 bytes, Stack size 8 bytes, frnd.o(.text))
<BR><BR>[Stack]<UL><LI>Max Depth = 8<LI>Call Chain = _frnd
</UL>
<BR>[Calls]<UL><LI><a href="#[32]">&gt;&gt;</a>&nbsp;&nbsp;&nbsp;_float_round
</UL>
<BR>[Called By]<UL><LI><a href="#[db]">&gt;&gt;</a>&nbsp;&nbsp;&nbsp;sinf
<LI><a href="#[da]">&gt;&gt;</a>&nbsp;&nbsp;&nbsp;cosf
</UL>

<P><STRONG><a name="[3d]"></a>__aeabi_dadd</STRONG> (Thumb, 328 bytes, Stack size 48 bytes, dadd.o(.text), UNUSED)
<BR><BR>[Calls]<UL><LI><a href="#[3e]">&gt;&gt;</a>&nbsp;&nbsp;&nbsp;__aeabi_lasr
<LI><a href="#[3a]">&gt;&gt;</a>&nbsp;&nbsp;&nbsp;__aeabi_llsl
<LI><a href="#[40]">&gt;&gt;</a>&nbsp;&nbsp;&nbsp;_double_round
<LI><a href="#[3f]">&gt;&gt;</a>&nbsp;&nbsp;&nbsp;_double_epilogue
</UL>
<BR>[Called By]<UL><LI><a href="#[42]">&gt;&gt;</a>&nbsp;&nbsp;&nbsp;__aeabi_drsub
<LI><a href="#[41]">&gt;&gt;</a>&nbsp;&nbsp;&nbsp;__aeabi_dsub
<LI><a href="#[158]">&gt;&gt;</a>&nbsp;&nbsp;&nbsp;_fp_digits
</UL>

<P><STRONG><a name="[41]"></a>__aeabi_dsub</STRONG> (Thumb, 12 bytes, Stack size 8 bytes, dadd.o(.text), UNUSED)
<BR><BR>[Calls]<UL><LI><a href="#[3d]">&gt;&gt;</a>&nbsp;&nbsp;&nbsp;__aeabi_dadd
</UL>

<P><STRONG><a name="[42]"></a>__aeabi_drsub</STRONG> (Thumb, 12 bytes, Stack size 8 bytes, dadd.o(.text), UNUSED)
<BR><BR>[Calls]<UL><LI><a href="#[3d]">&gt;&gt;</a>&nbsp;&nbsp;&nbsp;__aeabi_dadd
</UL>

<P><STRONG><a name="[43]"></a>__aeabi_dmul</STRONG> (Thumb, 202 bytes, Stack size 72 bytes, dmul.o(.text), UNUSED)
<BR><BR>[Calls]<UL><LI><a href="#[3f]">&gt;&gt;</a>&nbsp;&nbsp;&nbsp;_double_epilogue
</UL>
<BR>[Called By]<UL><LI><a href="#[158]">&gt;&gt;</a>&nbsp;&nbsp;&nbsp;_fp_digits
</UL>

<P><STRONG><a name="[44]"></a>__aeabi_ddiv</STRONG> (Thumb, 234 bytes, Stack size 40 bytes, ddiv.o(.text), UNUSED)
<BR><BR>[Calls]<UL><LI><a href="#[40]">&gt;&gt;</a>&nbsp;&nbsp;&nbsp;_double_round
</UL>
<BR>[Called By]<UL><LI><a href="#[158]">&gt;&gt;</a>&nbsp;&nbsp;&nbsp;_fp_digits
</UL>

<P><STRONG><a name="[45]"></a>__aeabi_d2ulz</STRONG> (Thumb, 54 bytes, Stack size 8 bytes, dfixul.o(.text), UNUSED)
<BR><BR>[Calls]<UL><LI><a href="#[39]">&gt;&gt;</a>&nbsp;&nbsp;&nbsp;__aeabi_llsr
<LI><a href="#[3a]">&gt;&gt;</a>&nbsp;&nbsp;&nbsp;__aeabi_llsl
</UL>
<BR>[Called By]<UL><LI><a href="#[158]">&gt;&gt;</a>&nbsp;&nbsp;&nbsp;_fp_digits
</UL>

<P><STRONG><a name="[159]"></a>__aeabi_cdrcmple</STRONG> (Thumb, 38 bytes, Stack size 0 bytes, cdrcmple.o(.text), UNUSED)
<BR><BR>[Called By]<UL><LI><a href="#[158]">&gt;&gt;</a>&nbsp;&nbsp;&nbsp;_fp_digits
</UL>

<P><STRONG><a name="[2b]"></a>__scatterload</STRONG> (Thumb, 38 bytes, Stack size 0 bytes, init.o(.text))
<BR><BR>[Calls]<UL><LI><a href="#[46]">&gt;&gt;</a>&nbsp;&nbsp;&nbsp;__main_after_scatterload
</UL>
<BR>[Called By]<UL><LI><a href="#[2a]">&gt;&gt;</a>&nbsp;&nbsp;&nbsp;_main_scatterload
</UL>

<P><STRONG><a name="[169]"></a>__scatterload_rt2</STRONG> (Thumb, 0 bytes, Stack size 0 bytes, init.o(.text), UNUSED)

<P><STRONG><a name="[3a]"></a>__aeabi_llsl</STRONG> (Thumb, 32 bytes, Stack size 8 bytes, llshl.o(.text), UNUSED)
<BR><BR>[Called By]<UL><LI><a href="#[3f]">&gt;&gt;</a>&nbsp;&nbsp;&nbsp;_double_epilogue
<LI><a href="#[38]">&gt;&gt;</a>&nbsp;&nbsp;&nbsp;__aeabi_uldivmod
<LI><a href="#[3d]">&gt;&gt;</a>&nbsp;&nbsp;&nbsp;__aeabi_dadd
<LI><a href="#[45]">&gt;&gt;</a>&nbsp;&nbsp;&nbsp;__aeabi_d2ulz
</UL>

<P><STRONG><a name="[16a]"></a>_ll_shift_l</STRONG> (Thumb, 0 bytes, Stack size 8 bytes, llshl.o(.text), UNUSED)

<P><STRONG><a name="[39]"></a>__aeabi_llsr</STRONG> (Thumb, 34 bytes, Stack size 8 bytes, llushr.o(.text), UNUSED)
<BR><BR>[Called By]<UL><LI><a href="#[3f]">&gt;&gt;</a>&nbsp;&nbsp;&nbsp;_double_epilogue
<LI><a href="#[38]">&gt;&gt;</a>&nbsp;&nbsp;&nbsp;__aeabi_uldivmod
<LI><a href="#[45]">&gt;&gt;</a>&nbsp;&nbsp;&nbsp;__aeabi_d2ulz
</UL>

<P><STRONG><a name="[16b]"></a>_ll_ushift_r</STRONG> (Thumb, 0 bytes, Stack size 8 bytes, llushr.o(.text), UNUSED)

<P><STRONG><a name="[3e]"></a>__aeabi_lasr</STRONG> (Thumb, 38 bytes, Stack size 8 bytes, llsshr.o(.text), UNUSED)
<BR><BR>[Called By]<UL><LI><a href="#[3d]">&gt;&gt;</a>&nbsp;&nbsp;&nbsp;__aeabi_dadd
</UL>

<P><STRONG><a name="[16c]"></a>_ll_sshift_r</STRONG> (Thumb, 0 bytes, Stack size 8 bytes, llsshr.o(.text), UNUSED)

<P><STRONG><a name="[40]"></a>_double_round</STRONG> (Thumb, 26 bytes, Stack size 8 bytes, depilogue.o(.text), UNUSED)
<BR><BR>[Called By]<UL><LI><a href="#[3f]">&gt;&gt;</a>&nbsp;&nbsp;&nbsp;_double_epilogue
<LI><a href="#[44]">&gt;&gt;</a>&nbsp;&nbsp;&nbsp;__aeabi_ddiv
<LI><a href="#[3d]">&gt;&gt;</a>&nbsp;&nbsp;&nbsp;__aeabi_dadd
</UL>

<P><STRONG><a name="[3f]"></a>_double_epilogue</STRONG> (Thumb, 164 bytes, Stack size 48 bytes, depilogue.o(.text), UNUSED)
<BR><BR>[Calls]<UL><LI><a href="#[47]">&gt;&gt;</a>&nbsp;&nbsp;&nbsp;__ARM_clz
<LI><a href="#[39]">&gt;&gt;</a>&nbsp;&nbsp;&nbsp;__aeabi_llsr
<LI><a href="#[3a]">&gt;&gt;</a>&nbsp;&nbsp;&nbsp;__aeabi_llsl
<LI><a href="#[40]">&gt;&gt;</a>&nbsp;&nbsp;&nbsp;_double_round
</UL>
<BR>[Called By]<UL><LI><a href="#[43]">&gt;&gt;</a>&nbsp;&nbsp;&nbsp;__aeabi_dmul
<LI><a href="#[3d]">&gt;&gt;</a>&nbsp;&nbsp;&nbsp;__aeabi_dadd
</UL>

<P><STRONG><a name="[8f]"></a>DL_Common_delayCycles</STRONG> (Thumb, 10 bytes, Stack size 0 bytes, dl_common.o(.text.DL_Common_delayCycles))
<BR><BR>[Called By]<UL><LI><a href="#[f4]">&gt;&gt;</a>&nbsp;&nbsp;&nbsp;mpu6050_port_recover_bus
<LI><a href="#[86]">&gt;&gt;</a>&nbsp;&nbsp;&nbsp;SYSCFG_DL_initPower
</UL>

<P><STRONG><a name="[48]"></a>DL_FlashCTL_eraseMemoryFromRAM</STRONG> (Thumb, 20 bytes, Stack size 8 bytes, dl_flashctl.o(.text.DL_FlashCTL_eraseMemoryFromRAM))
<BR><BR>[Stack]<UL><LI>Max Depth = 12<LI>Call Chain = DL_FlashCTL_eraseMemoryFromRAM &rArr; DL_FlashCTL_executeCommandFromRAM
</UL>
<BR>[Calls]<UL><LI><a href="#[49]">&gt;&gt;</a>&nbsp;&nbsp;&nbsp;DL_FlashCTL_executeCommandFromRAM (via Veneer)
</UL>
<BR>[Called By]<UL><LI><a href="#[c6]">&gt;&gt;</a>&nbsp;&nbsp;&nbsp;mpu6050_bias_save
</UL>

<P><STRONG><a name="[4a]"></a>DL_FlashCTL_programMemoryBlockingFromRAM64WithECCGenerated</STRONG> (Thumb, 116 bytes, Stack size 40 bytes, dl_flashctl.o(.text.DL_FlashCTL_programMemoryBlockingFromRAM64WithECCGenerated))
<BR><BR>[Stack]<UL><LI>Max Depth = 88<LI>Call Chain = DL_FlashCTL_programMemoryBlockingFromRAM64WithECCGenerated &rArr; DL_FlashCTL_unprotectSector &rArr; __aeabi_uidivmod
</UL>
<BR>[Calls]<UL><LI><a href="#[4b]">&gt;&gt;</a>&nbsp;&nbsp;&nbsp;DL_FlashCTL_unprotectSector
<LI><a href="#[49]">&gt;&gt;</a>&nbsp;&nbsp;&nbsp;DL_FlashCTL_executeCommandFromRAM (via Veneer)
</UL>
<BR>[Called By]<UL><LI><a href="#[c6]">&gt;&gt;</a>&nbsp;&nbsp;&nbsp;mpu6050_bias_save
</UL>

<P><STRONG><a name="[4b]"></a>DL_FlashCTL_unprotectSector</STRONG> (Thumb, 240 bytes, Stack size 32 bytes, dl_flashctl.o(.text.DL_FlashCTL_unprotectSector))
<BR><BR>[Stack]<UL><LI>Max Depth = 48<LI>Call Chain = DL_FlashCTL_unprotectSector &rArr; __aeabi_uidivmod
</UL>
<BR>[Calls]<UL><LI><a href="#[4d]">&gt;&gt;</a>&nbsp;&nbsp;&nbsp;__aeabi_uidivmod
<LI><a href="#[4c]">&gt;&gt;</a>&nbsp;&nbsp;&nbsp;__aeabi_uidiv
</UL>
<BR>[Called By]<UL><LI><a href="#[4a]">&gt;&gt;</a>&nbsp;&nbsp;&nbsp;DL_FlashCTL_programMemoryBlockingFromRAM64WithECCGenerated
<LI><a href="#[c6]">&gt;&gt;</a>&nbsp;&nbsp;&nbsp;mpu6050_bias_save
</UL>

<P><STRONG><a name="[13e]"></a>DL_I2C_fillControllerTXFIFO</STRONG> (Thumb, 44 bytes, Stack size 8 bytes, dl_i2c.o(.text.DL_I2C_fillControllerTXFIFO))
<BR><BR>[Stack]<UL><LI>Max Depth = 8<LI>Call Chain = DL_I2C_fillControllerTXFIFO
</UL>
<BR>[Called By]<UL><LI><a href="#[f6]">&gt;&gt;</a>&nbsp;&nbsp;&nbsp;transmit
</UL>

<P><STRONG><a name="[136]"></a>DL_I2C_flushControllerRXFIFO</STRONG> (Thumb, 28 bytes, Stack size 0 bytes, dl_i2c.o(.text.DL_I2C_flushControllerRXFIFO))
<BR><BR>[Called By]<UL><LI><a href="#[f7]">&gt;&gt;</a>&nbsp;&nbsp;&nbsp;receive
</UL>

<P><STRONG><a name="[13d]"></a>DL_I2C_flushControllerTXFIFO</STRONG> (Thumb, 36 bytes, Stack size 0 bytes, dl_i2c.o(.text.DL_I2C_flushControllerTXFIFO))
<BR><BR>[Called By]<UL><LI><a href="#[f6]">&gt;&gt;</a>&nbsp;&nbsp;&nbsp;transmit
</UL>

<P><STRONG><a name="[6a]"></a>DL_I2C_setClockConfig</STRONG> (Thumb, 38 bytes, Stack size 16 bytes, dl_i2c.o(.text.DL_I2C_setClockConfig))
<BR><BR>[Stack]<UL><LI>Max Depth = 16<LI>Call Chain = DL_I2C_setClockConfig
</UL>
<BR>[Called By]<UL><LI><a href="#[69]">&gt;&gt;</a>&nbsp;&nbsp;&nbsp;SYSCFG_DL_I2C_0_init
</UL>

<P><STRONG><a name="[72]"></a>DL_Timer_initFourCCPWMMode</STRONG> (Thumb, 264 bytes, Stack size 20 bytes, dl_timer.o(.text.DL_Timer_initFourCCPWMMode))
<BR><BR>[Stack]<UL><LI>Max Depth = 20<LI>Call Chain = DL_Timer_initFourCCPWMMode
</UL>
<BR>[Called By]<UL><LI><a href="#[70]">&gt;&gt;</a>&nbsp;&nbsp;&nbsp;SYSCFG_DL_PWM_0_init
</UL>

<P><STRONG><a name="[7f]"></a>DL_Timer_initTimerMode</STRONG> (Thumb, 232 bytes, Stack size 16 bytes, dl_timer.o(.text.DL_Timer_initTimerMode))
<BR><BR>[Stack]<UL><LI>Max Depth = 16<LI>Call Chain = DL_Timer_initTimerMode
</UL>
<BR>[Called By]<UL><LI><a href="#[7e]">&gt;&gt;</a>&nbsp;&nbsp;&nbsp;SYSCFG_DL_TIM_delay_ms_init
</UL>

<P><STRONG><a name="[74]"></a>DL_Timer_setCaptCompUpdateMethod</STRONG> (Thumb, 28 bytes, Stack size 8 bytes, dl_timer.o(.text.DL_Timer_setCaptCompUpdateMethod))
<BR><BR>[Stack]<UL><LI>Max Depth = 8<LI>Call Chain = DL_Timer_setCaptCompUpdateMethod
</UL>
<BR>[Called By]<UL><LI><a href="#[70]">&gt;&gt;</a>&nbsp;&nbsp;&nbsp;SYSCFG_DL_PWM_0_init
</UL>

<P><STRONG><a name="[73]"></a>DL_Timer_setCaptureCompareOutCtl</STRONG> (Thumb, 24 bytes, Stack size 8 bytes, dl_timer.o(.text.DL_Timer_setCaptureCompareOutCtl))
<BR><BR>[Stack]<UL><LI>Max Depth = 8<LI>Call Chain = DL_Timer_setCaptureCompareOutCtl
</UL>
<BR>[Called By]<UL><LI><a href="#[70]">&gt;&gt;</a>&nbsp;&nbsp;&nbsp;SYSCFG_DL_PWM_0_init
</UL>

<P><STRONG><a name="[75]"></a>DL_Timer_setCaptureCompareValue</STRONG> (Thumb, 16 bytes, Stack size 0 bytes, dl_timer.o(.text.DL_Timer_setCaptureCompareValue))
<BR><BR>[Called By]<UL><LI><a href="#[13c]">&gt;&gt;</a>&nbsp;&nbsp;&nbsp;set_pwm
<LI><a href="#[70]">&gt;&gt;</a>&nbsp;&nbsp;&nbsp;SYSCFG_DL_PWM_0_init
</UL>

<P><STRONG><a name="[71]"></a>DL_Timer_setClockConfig</STRONG> (Thumb, 28 bytes, Stack size 8 bytes, dl_timer.o(.text.DL_Timer_setClockConfig))
<BR><BR>[Stack]<UL><LI>Max Depth = 8<LI>Call Chain = DL_Timer_setClockConfig
</UL>
<BR>[Called By]<UL><LI><a href="#[7e]">&gt;&gt;</a>&nbsp;&nbsp;&nbsp;SYSCFG_DL_TIM_delay_ms_init
<LI><a href="#[70]">&gt;&gt;</a>&nbsp;&nbsp;&nbsp;SYSCFG_DL_PWM_0_init
</UL>

<P><STRONG><a name="[82]"></a>DL_UART_init</STRONG> (Thumb, 72 bytes, Stack size 16 bytes, dl_uart.o(.text.DL_UART_init))
<BR><BR>[Stack]<UL><LI>Max Depth = 16<LI>Call Chain = DL_UART_init
</UL>
<BR>[Called By]<UL><LI><a href="#[80]">&gt;&gt;</a>&nbsp;&nbsp;&nbsp;SYSCFG_DL_UART_DEBUG_init
</UL>

<P><STRONG><a name="[81]"></a>DL_UART_setClockConfig</STRONG> (Thumb, 18 bytes, Stack size 8 bytes, dl_uart.o(.text.DL_UART_setClockConfig))
<BR><BR>[Stack]<UL><LI>Max Depth = 8<LI>Call Chain = DL_UART_setClockConfig
</UL>
<BR>[Called By]<UL><LI><a href="#[80]">&gt;&gt;</a>&nbsp;&nbsp;&nbsp;SYSCFG_DL_UART_DEBUG_init
</UL>

<P><STRONG><a name="[7]"></a>GROUP1_IRQHandler</STRONG> (Thumb, 100 bytes, Stack size 16 bytes, mpu6050_task.o(.text.GROUP1_IRQHandler))
<BR><BR>[Stack]<UL><LI>Max Depth = 60<LI>Call Chain = GROUP1_IRQHandler &rArr; vTaskGenericNotifyGiveFromISR &rArr; vListInsertEnd
</UL>
<BR>[Calls]<UL><LI><a href="#[5a]">&gt;&gt;</a>&nbsp;&nbsp;&nbsp;vTaskGenericNotifyGiveFromISR
<LI><a href="#[59]">&gt;&gt;</a>&nbsp;&nbsp;&nbsp;DL_GPIO_clearInterruptStatus
<LI><a href="#[58]">&gt;&gt;</a>&nbsp;&nbsp;&nbsp;DL_GPIO_getEnabledInterruptStatus
</UL>
<BR>[Address Reference Count : 1]<UL><LI> startup_mspm0g350x_uvision.o(RESET)
</UL>
<P><STRONG><a name="[4]"></a>PendSV_Handler</STRONG> (Thumb, 68 bytes, Stack size 0 bytes, port.o(.text.PendSV_Handler))
<BR><BR>[Stack]<UL><LI>Max Depth = 32<LI>Call Chain = PendSV_Handler &rArr; vTaskSwitchContext &rArr; vApplicationStackOverflowHook
</UL>
<BR>[Calls]<UL><LI><a href="#[29]">&gt;&gt;</a>&nbsp;&nbsp;&nbsp;vTaskSwitchContext
</UL>
<BR>[Address Reference Count : 1]<UL><LI> startup_mspm0g350x_uvision.o(RESET)
</UL>
<P><STRONG><a name="[3]"></a>SVC_Handler</STRONG> (Thumb, 2 bytes, Stack size 0 bytes, port.o(.text.SVC_Handler))
<BR>[Address Reference Count : 1]<UL><LI> startup_mspm0g350x_uvision.o(RESET)
</UL>
<P><STRONG><a name="[5b]"></a>SYSCFG_DL_GPIO_init</STRONG> (Thumb, 384 bytes, Stack size 64 bytes, ti_msp_dl_config.o(.text.SYSCFG_DL_GPIO_init))
<BR><BR>[Stack]<UL><LI>Max Depth = 88<LI>Call Chain = SYSCFG_DL_GPIO_init &rArr; DL_GPIO_initDigitalOutputFeatures
</UL>
<BR>[Calls]<UL><LI><a href="#[68]">&gt;&gt;</a>&nbsp;&nbsp;&nbsp;DL_GPIO_setUpperPinsPolarity
<LI><a href="#[67]">&gt;&gt;</a>&nbsp;&nbsp;&nbsp;DL_GPIO_enableInterrupt
<LI><a href="#[66]">&gt;&gt;</a>&nbsp;&nbsp;&nbsp;DL_GPIO_clearInterruptStatus
<LI><a href="#[65]">&gt;&gt;</a>&nbsp;&nbsp;&nbsp;DL_GPIO_setLowerPinsPolarity
<LI><a href="#[64]">&gt;&gt;</a>&nbsp;&nbsp;&nbsp;DL_GPIO_clearPins
<LI><a href="#[63]">&gt;&gt;</a>&nbsp;&nbsp;&nbsp;DL_GPIO_initDigitalOutput
<LI><a href="#[62]">&gt;&gt;</a>&nbsp;&nbsp;&nbsp;DL_GPIO_initDigitalOutputFeatures
<LI><a href="#[61]">&gt;&gt;</a>&nbsp;&nbsp;&nbsp;DL_GPIO_initDigitalInputFeatures
<LI><a href="#[60]">&gt;&gt;</a>&nbsp;&nbsp;&nbsp;DL_GPIO_initPeripheralInputFunction
<LI><a href="#[5f]">&gt;&gt;</a>&nbsp;&nbsp;&nbsp;DL_GPIO_enableHiZ
<LI><a href="#[5e]">&gt;&gt;</a>&nbsp;&nbsp;&nbsp;DL_GPIO_initPeripheralInputFunctionFeatures
<LI><a href="#[5d]">&gt;&gt;</a>&nbsp;&nbsp;&nbsp;DL_GPIO_enableOutput
<LI><a href="#[5c]">&gt;&gt;</a>&nbsp;&nbsp;&nbsp;DL_GPIO_initPeripheralOutputFunction
</UL>
<BR>[Called By]<UL><LI><a href="#[85]">&gt;&gt;</a>&nbsp;&nbsp;&nbsp;SYSCFG_DL_init
</UL>

<P><STRONG><a name="[69]"></a>SYSCFG_DL_I2C_0_init</STRONG> (Thumb, 80 bytes, Stack size 16 bytes, ti_msp_dl_config.o(.text.SYSCFG_DL_I2C_0_init))
<BR><BR>[Stack]<UL><LI>Max Depth = 56<LI>Call Chain = SYSCFG_DL_I2C_0_init &rArr; DL_I2C_setControllerRXFIFOThreshold &rArr; DL_Common_updateReg
</UL>
<BR>[Calls]<UL><LI><a href="#[6a]">&gt;&gt;</a>&nbsp;&nbsp;&nbsp;DL_I2C_setClockConfig
<LI><a href="#[6f]">&gt;&gt;</a>&nbsp;&nbsp;&nbsp;DL_I2C_enableController
<LI><a href="#[6e]">&gt;&gt;</a>&nbsp;&nbsp;&nbsp;DL_I2C_enableControllerClockStretching
<LI><a href="#[50]">&gt;&gt;</a>&nbsp;&nbsp;&nbsp;DL_I2C_setControllerRXFIFOThreshold
<LI><a href="#[51]">&gt;&gt;</a>&nbsp;&nbsp;&nbsp;DL_I2C_setControllerTXFIFOThreshold
<LI><a href="#[6d]">&gt;&gt;</a>&nbsp;&nbsp;&nbsp;DL_I2C_setTimerPeriod
<LI><a href="#[6c]">&gt;&gt;</a>&nbsp;&nbsp;&nbsp;DL_I2C_resetControllerTransfer
<LI><a href="#[6b]">&gt;&gt;</a>&nbsp;&nbsp;&nbsp;DL_I2C_enableAnalogGlitchFilter
<LI><a href="#[4e]">&gt;&gt;</a>&nbsp;&nbsp;&nbsp;DL_I2C_setAnalogGlitchFilterPulseWidth
</UL>
<BR>[Called By]<UL><LI><a href="#[f4]">&gt;&gt;</a>&nbsp;&nbsp;&nbsp;mpu6050_port_recover_bus
<LI><a href="#[85]">&gt;&gt;</a>&nbsp;&nbsp;&nbsp;SYSCFG_DL_init
</UL>

<P><STRONG><a name="[70]"></a>SYSCFG_DL_PWM_0_init</STRONG> (Thumb, 128 bytes, Stack size 24 bytes, ti_msp_dl_config.o(.text.SYSCFG_DL_PWM_0_init))
<BR><BR>[Stack]<UL><LI>Max Depth = 72<LI>Call Chain = SYSCFG_DL_PWM_0_init &rArr; DL_Timer_setCounterControl &rArr; DL_Common_updateReg
</UL>
<BR>[Calls]<UL><LI><a href="#[75]">&gt;&gt;</a>&nbsp;&nbsp;&nbsp;DL_Timer_setCaptureCompareValue
<LI><a href="#[74]">&gt;&gt;</a>&nbsp;&nbsp;&nbsp;DL_Timer_setCaptCompUpdateMethod
<LI><a href="#[73]">&gt;&gt;</a>&nbsp;&nbsp;&nbsp;DL_Timer_setCaptureCompareOutCtl
<LI><a href="#[72]">&gt;&gt;</a>&nbsp;&nbsp;&nbsp;DL_Timer_initFourCCPWMMode
<LI><a href="#[71]">&gt;&gt;</a>&nbsp;&nbsp;&nbsp;DL_Timer_setClockConfig
<LI><a href="#[77]">&gt;&gt;</a>&nbsp;&nbsp;&nbsp;DL_Timer_setCCPDirection
<LI><a href="#[76]">&gt;&gt;</a>&nbsp;&nbsp;&nbsp;DL_Timer_enableClock
<LI><a href="#[55]">&gt;&gt;</a>&nbsp;&nbsp;&nbsp;DL_Timer_setCounterControl
</UL>
<BR>[Called By]<UL><LI><a href="#[85]">&gt;&gt;</a>&nbsp;&nbsp;&nbsp;SYSCFG_DL_init
</UL>

<P><STRONG><a name="[78]"></a>SYSCFG_DL_SYSCTL_init</STRONG> (Thumb, 42 bytes, Stack size 16 bytes, ti_msp_dl_config.o(.text.SYSCFG_DL_SYSCTL_init))
<BR><BR>[Stack]<UL><LI>Max Depth = 48<LI>Call Chain = SYSCFG_DL_SYSCTL_init &rArr; DL_SYSCTL_setSYSOSCFreq &rArr; DL_Common_updateReg
</UL>
<BR>[Calls]<UL><LI><a href="#[7d]">&gt;&gt;</a>&nbsp;&nbsp;&nbsp;__NVIC_SetPriority
<LI><a href="#[7c]">&gt;&gt;</a>&nbsp;&nbsp;&nbsp;DL_SYSCTL_enableMFCLK
<LI><a href="#[7b]">&gt;&gt;</a>&nbsp;&nbsp;&nbsp;DL_SYSCTL_disableSYSPLL
<LI><a href="#[7a]">&gt;&gt;</a>&nbsp;&nbsp;&nbsp;DL_SYSCTL_disableHFXT
<LI><a href="#[54]">&gt;&gt;</a>&nbsp;&nbsp;&nbsp;DL_SYSCTL_setSYSOSCFreq
<LI><a href="#[79]">&gt;&gt;</a>&nbsp;&nbsp;&nbsp;DL_SYSCTL_setBORThreshold
</UL>
<BR>[Called By]<UL><LI><a href="#[85]">&gt;&gt;</a>&nbsp;&nbsp;&nbsp;SYSCFG_DL_init
</UL>

<P><STRONG><a name="[7e]"></a>SYSCFG_DL_TIM_delay_ms_init</STRONG> (Thumb, 32 bytes, Stack size 16 bytes, ti_msp_dl_config.o(.text.SYSCFG_DL_TIM_delay_ms_init))
<BR><BR>[Stack]<UL><LI>Max Depth = 32<LI>Call Chain = SYSCFG_DL_TIM_delay_ms_init &rArr; DL_Timer_initTimerMode
</UL>
<BR>[Calls]<UL><LI><a href="#[7f]">&gt;&gt;</a>&nbsp;&nbsp;&nbsp;DL_Timer_initTimerMode
<LI><a href="#[71]">&gt;&gt;</a>&nbsp;&nbsp;&nbsp;DL_Timer_setClockConfig
<LI><a href="#[76]">&gt;&gt;</a>&nbsp;&nbsp;&nbsp;DL_Timer_enableClock
</UL>
<BR>[Called By]<UL><LI><a href="#[85]">&gt;&gt;</a>&nbsp;&nbsp;&nbsp;SYSCFG_DL_init
</UL>

<P><STRONG><a name="[80]"></a>SYSCFG_DL_UART_DEBUG_init</STRONG> (Thumb, 68 bytes, Stack size 16 bytes, ti_msp_dl_config.o(.text.SYSCFG_DL_UART_DEBUG_init))
<BR><BR>[Stack]<UL><LI>Max Depth = 56<LI>Call Chain = SYSCFG_DL_UART_DEBUG_init &rArr; DL_UART_setBaudRateDivisor &rArr; DL_Common_updateReg
</UL>
<BR>[Calls]<UL><LI><a href="#[82]">&gt;&gt;</a>&nbsp;&nbsp;&nbsp;DL_UART_init
<LI><a href="#[81]">&gt;&gt;</a>&nbsp;&nbsp;&nbsp;DL_UART_setClockConfig
<LI><a href="#[84]">&gt;&gt;</a>&nbsp;&nbsp;&nbsp;DL_UART_enable
<LI><a href="#[83]">&gt;&gt;</a>&nbsp;&nbsp;&nbsp;DL_UART_enableInterrupt
<LI><a href="#[56]">&gt;&gt;</a>&nbsp;&nbsp;&nbsp;DL_UART_setBaudRateDivisor
<LI><a href="#[57]">&gt;&gt;</a>&nbsp;&nbsp;&nbsp;DL_UART_setOversampling
<LI><a href="#[7d]">&gt;&gt;</a>&nbsp;&nbsp;&nbsp;__NVIC_SetPriority
</UL>
<BR>[Called By]<UL><LI><a href="#[85]">&gt;&gt;</a>&nbsp;&nbsp;&nbsp;SYSCFG_DL_init
</UL>

<P><STRONG><a name="[85]"></a>SYSCFG_DL_init</STRONG> (Thumb, 44 bytes, Stack size 8 bytes, ti_msp_dl_config.o(.text.SYSCFG_DL_init))
<BR><BR>[Stack]<UL><LI>Max Depth = 96<LI>Call Chain = SYSCFG_DL_init &rArr; SYSCFG_DL_GPIO_init &rArr; DL_GPIO_initDigitalOutputFeatures
</UL>
<BR>[Calls]<UL><LI><a href="#[80]">&gt;&gt;</a>&nbsp;&nbsp;&nbsp;SYSCFG_DL_UART_DEBUG_init
<LI><a href="#[69]">&gt;&gt;</a>&nbsp;&nbsp;&nbsp;SYSCFG_DL_I2C_0_init
<LI><a href="#[7e]">&gt;&gt;</a>&nbsp;&nbsp;&nbsp;SYSCFG_DL_TIM_delay_ms_init
<LI><a href="#[70]">&gt;&gt;</a>&nbsp;&nbsp;&nbsp;SYSCFG_DL_PWM_0_init
<LI><a href="#[78]">&gt;&gt;</a>&nbsp;&nbsp;&nbsp;SYSCFG_DL_SYSCTL_init
<LI><a href="#[5b]">&gt;&gt;</a>&nbsp;&nbsp;&nbsp;SYSCFG_DL_GPIO_init
<LI><a href="#[86]">&gt;&gt;</a>&nbsp;&nbsp;&nbsp;SYSCFG_DL_initPower
</UL>
<BR>[Called By]<UL><LI><a href="#[1e]">&gt;&gt;</a>&nbsp;&nbsp;&nbsp;main
</UL>

<P><STRONG><a name="[86]"></a>SYSCFG_DL_initPower</STRONG> (Thumb, 100 bytes, Stack size 32 bytes, ti_msp_dl_config.o(.text.SYSCFG_DL_initPower))
<BR><BR>[Stack]<UL><LI>Max Depth = 36<LI>Call Chain = SYSCFG_DL_initPower &rArr; DL_UART_enablePower
</UL>
<BR>[Calls]<UL><LI><a href="#[8f]">&gt;&gt;</a>&nbsp;&nbsp;&nbsp;DL_Common_delayCycles
<LI><a href="#[8e]">&gt;&gt;</a>&nbsp;&nbsp;&nbsp;DL_UART_enablePower
<LI><a href="#[8d]">&gt;&gt;</a>&nbsp;&nbsp;&nbsp;DL_I2C_enablePower
<LI><a href="#[8c]">&gt;&gt;</a>&nbsp;&nbsp;&nbsp;DL_Timer_enablePower
<LI><a href="#[8b]">&gt;&gt;</a>&nbsp;&nbsp;&nbsp;DL_GPIO_enablePower
<LI><a href="#[8a]">&gt;&gt;</a>&nbsp;&nbsp;&nbsp;DL_UART_reset
<LI><a href="#[89]">&gt;&gt;</a>&nbsp;&nbsp;&nbsp;DL_I2C_reset
<LI><a href="#[88]">&gt;&gt;</a>&nbsp;&nbsp;&nbsp;DL_Timer_reset
<LI><a href="#[87]">&gt;&gt;</a>&nbsp;&nbsp;&nbsp;DL_GPIO_reset
</UL>
<BR>[Called By]<UL><LI><a href="#[85]">&gt;&gt;</a>&nbsp;&nbsp;&nbsp;SYSCFG_DL_init
</UL>

<P><STRONG><a name="[5]"></a>SysTick_Handler</STRONG> (Thumb, 40 bytes, Stack size 16 bytes, port.o(.text.SysTick_Handler))
<BR><BR>[Stack]<UL><LI>Max Depth = 60<LI>Call Chain = SysTick_Handler &rArr; xTaskIncrementTick &rArr; vListInsertEnd
</UL>
<BR>[Calls]<UL><LI><a href="#[92]">&gt;&gt;</a>&nbsp;&nbsp;&nbsp;vClearInterruptMaskFromISR
<LI><a href="#[90]">&gt;&gt;</a>&nbsp;&nbsp;&nbsp;ulSetInterruptMaskFromISR
<LI><a href="#[91]">&gt;&gt;</a>&nbsp;&nbsp;&nbsp;xTaskIncrementTick
</UL>
<BR>[Address Reference Count : 1]<UL><LI> startup_mspm0g350x_uvision.o(RESET)
</UL>
<P><STRONG><a name="[12]"></a>UART0_IRQHandler</STRONG> (Thumb, 40 bytes, Stack size 8 bytes, uart0_debug.o(.text.UART0_IRQHandler))
<BR><BR>[Stack]<UL><LI>Max Depth = 12<LI>Call Chain = UART0_IRQHandler &rArr; debug_uart_receive_limit_length
</UL>
<BR>[Calls]<UL><LI><a href="#[95]">&gt;&gt;</a>&nbsp;&nbsp;&nbsp;debug_uart_receive_limit_length
<LI><a href="#[94]">&gt;&gt;</a>&nbsp;&nbsp;&nbsp;DL_UART_receiveData
<LI><a href="#[93]">&gt;&gt;</a>&nbsp;&nbsp;&nbsp;DL_UART_getPendingInterrupt
</UL>
<BR>[Address Reference Count : 1]<UL><LI> startup_mspm0g350x_uvision.o(RESET)
</UL>
<P><STRONG><a name="[a8]"></a>debug_uart_init</STRONG> (Thumb, 22 bytes, Stack size 16 bytes, uart0_debug.o(.text.debug_uart_init))
<BR><BR>[Stack]<UL><LI>Max Depth = 20<LI>Call Chain = debug_uart_init &rArr; __NVIC_EnableIRQ
</UL>
<BR>[Calls]<UL><LI><a href="#[aa]">&gt;&gt;</a>&nbsp;&nbsp;&nbsp;__NVIC_EnableIRQ
<LI><a href="#[a9]">&gt;&gt;</a>&nbsp;&nbsp;&nbsp;__NVIC_ClearPendingIRQ
</UL>
<BR>[Called By]<UL><LI><a href="#[24]">&gt;&gt;</a>&nbsp;&nbsp;&nbsp;print_task
</UL>

<P><STRONG><a name="[ab]"></a>delay_us</STRONG> (Thumb, 60 bytes, Stack size 16 bytes, tim_delay.o(.text.delay_us))
<BR><BR>[Stack]<UL><LI>Max Depth = 24<LI>Call Chain = delay_us &rArr; DL_Timer_setTimerCount
</UL>
<BR>[Calls]<UL><LI><a href="#[af]">&gt;&gt;</a>&nbsp;&nbsp;&nbsp;DL_Timer_getTimerCount
<LI><a href="#[ae]">&gt;&gt;</a>&nbsp;&nbsp;&nbsp;DL_Timer_startCounter
<LI><a href="#[ad]">&gt;&gt;</a>&nbsp;&nbsp;&nbsp;DL_Timer_setTimerCount
<LI><a href="#[ac]">&gt;&gt;</a>&nbsp;&nbsp;&nbsp;DL_Timer_setLoadValue
</UL>
<BR>[Called By]<UL><LI><a href="#[ef]">&gt;&gt;</a>&nbsp;&nbsp;&nbsp;mpu6050_port_delay_ms
<LI><a href="#[f4]">&gt;&gt;</a>&nbsp;&nbsp;&nbsp;mpu6050_port_recover_bus
<LI><a href="#[b2]">&gt;&gt;</a>&nbsp;&nbsp;&nbsp;eight_ir_read
</UL>

<P><STRONG><a name="[b0]"></a>eight_ir_init</STRONG> (Thumb, 10 bytes, Stack size 8 bytes, eight_ir.o(.text.eight_ir_init))
<BR><BR>[Stack]<UL><LI>Max Depth = 64<LI>Call Chain = eight_ir_init &rArr; select_channel &rArr; write_selector_pin &rArr; DL_GPIO_clearPins
</UL>
<BR>[Calls]<UL><LI><a href="#[b1]">&gt;&gt;</a>&nbsp;&nbsp;&nbsp;select_channel
</UL>
<BR>[Called By]<UL><LI><a href="#[20]">&gt;&gt;</a>&nbsp;&nbsp;&nbsp;eight_ir_task
</UL>

<P><STRONG><a name="[b2]"></a>eight_ir_read</STRONG> (Thumb, 112 bytes, Stack size 24 bytes, eight_ir.o(.text.eight_ir_read))
<BR><BR>[Stack]<UL><LI>Max Depth = 80<LI>Call Chain = eight_ir_read &rArr; select_channel &rArr; write_selector_pin &rArr; DL_GPIO_clearPins
</UL>
<BR>[Calls]<UL><LI><a href="#[b3]">&gt;&gt;</a>&nbsp;&nbsp;&nbsp;read_selected_channel
<LI><a href="#[b1]">&gt;&gt;</a>&nbsp;&nbsp;&nbsp;select_channel
<LI><a href="#[ab]">&gt;&gt;</a>&nbsp;&nbsp;&nbsp;delay_us
</UL>
<BR>[Called By]<UL><LI><a href="#[20]">&gt;&gt;</a>&nbsp;&nbsp;&nbsp;eight_ir_task
</UL>

<P><STRONG><a name="[ba]"></a>eight_ir_task_create</STRONG> (Thumb, 36 bytes, Stack size 24 bytes, eight_ir_task.o(.text.eight_ir_task_create))
<BR><BR>[Stack]<UL><LI>Max Depth = 140<LI>Call Chain = eight_ir_task_create &rArr; xTaskCreateStatic &rArr; prvInitialiseNewTask &rArr; pxPortInitialiseStack
</UL>
<BR>[Calls]<UL><LI><a href="#[bb]">&gt;&gt;</a>&nbsp;&nbsp;&nbsp;xTaskCreateStatic
</UL>
<BR>[Called By]<UL><LI><a href="#[1e]">&gt;&gt;</a>&nbsp;&nbsp;&nbsp;main
</UL>

<P><STRONG><a name="[28]"></a>fputc</STRONG> (Thumb, 40 bytes, Stack size 16 bytes, uart0_debug.o(.text.fputc))
<BR><BR>[Stack]<UL><LI>Max Depth = 24<LI>Call Chain = fputc &rArr; DL_UART_transmitData
</UL>
<BR>[Calls]<UL><LI><a href="#[bd]">&gt;&gt;</a>&nbsp;&nbsp;&nbsp;DL_UART_transmitData
<LI><a href="#[bc]">&gt;&gt;</a>&nbsp;&nbsp;&nbsp;DL_UART_isBusy
</UL>
<BR>[Address Reference Count : 1]<UL><LI> printfa.o(i.__0printf)
</UL>
<P><STRONG><a name="[c9]"></a>line_tracking_get_default_config</STRONG> (Thumb, 92 bytes, Stack size 4 bytes, line_tracking.o(.text.line_tracking_get_default_config))
<BR><BR>[Stack]<UL><LI>Max Depth = 4<LI>Call Chain = line_tracking_get_default_config
</UL>
<BR>[Called By]<UL><LI><a href="#[21]">&gt;&gt;</a>&nbsp;&nbsp;&nbsp;line_tracking_task
<LI><a href="#[c8]">&gt;&gt;</a>&nbsp;&nbsp;&nbsp;line_tracking_init
</UL>

<P><STRONG><a name="[c8]"></a>line_tracking_init</STRONG> (Thumb, 92 bytes, Stack size 56 bytes, line_tracking.o(.text.line_tracking_init))
<BR><BR>[Stack]<UL><LI>Max Depth = 112<LI>Call Chain = line_tracking_init &rArr; pid_init
</UL>
<BR>[Calls]<UL><LI><a href="#[c9]">&gt;&gt;</a>&nbsp;&nbsp;&nbsp;line_tracking_get_default_config
<LI><a href="#[cb]">&gt;&gt;</a>&nbsp;&nbsp;&nbsp;pid_init
<LI><a href="#[ca]">&gt;&gt;</a>&nbsp;&nbsp;&nbsp;__aeabi_memclr4
</UL>
<BR>[Called By]<UL><LI><a href="#[21]">&gt;&gt;</a>&nbsp;&nbsp;&nbsp;line_tracking_task
</UL>

<P><STRONG><a name="[cc]"></a>line_tracking_reset</STRONG> (Thumb, 38 bytes, Stack size 16 bytes, line_tracking.o(.text.line_tracking_reset))
<BR><BR>[Stack]<UL><LI>Max Depth = 20<LI>Call Chain = line_tracking_reset &rArr; pid_reset
</UL>
<BR>[Calls]<UL><LI><a href="#[cd]">&gt;&gt;</a>&nbsp;&nbsp;&nbsp;pid_reset
</UL>
<BR>[Called By]<UL><LI><a href="#[21]">&gt;&gt;</a>&nbsp;&nbsp;&nbsp;line_tracking_task
</UL>

<P><STRONG><a name="[d2]"></a>line_tracking_task_create</STRONG> (Thumb, 40 bytes, Stack size 24 bytes, line_tracking_task.o(.text.line_tracking_task_create))
<BR><BR>[Stack]<UL><LI>Max Depth = 140<LI>Call Chain = line_tracking_task_create &rArr; xTaskCreateStatic &rArr; prvInitialiseNewTask &rArr; pxPortInitialiseStack
</UL>
<BR>[Calls]<UL><LI><a href="#[bb]">&gt;&gt;</a>&nbsp;&nbsp;&nbsp;xTaskCreateStatic
</UL>
<BR>[Called By]<UL><LI><a href="#[1e]">&gt;&gt;</a>&nbsp;&nbsp;&nbsp;main
</UL>

<P><STRONG><a name="[b8]"></a>line_tracking_task_notify_sensor_update</STRONG> (Thumb, 36 bytes, Stack size 16 bytes, line_tracking_task.o(.text.line_tracking_task_notify_sensor_update))
<BR><BR>[Stack]<UL><LI>Max Depth = 68<LI>Call Chain = line_tracking_task_notify_sensor_update &rArr; xTaskGenericNotify &rArr; vListInsertEnd
</UL>
<BR>[Calls]<UL><LI><a href="#[d3]">&gt;&gt;</a>&nbsp;&nbsp;&nbsp;xTaskGenericNotify
</UL>
<BR>[Called By]<UL><LI><a href="#[20]">&gt;&gt;</a>&nbsp;&nbsp;&nbsp;eight_ir_task
</UL>

<P><STRONG><a name="[d0]"></a>line_tracking_update</STRONG> (Thumb, 1548 bytes, Stack size 72 bytes, line_tracking.o(.text.line_tracking_update))
<BR><BR>[Stack]<UL><LI>Max Depth = 164<LI>Call Chain = line_tracking_update &rArr; pid_calculate &rArr; __aeabi_fsub &rArr; __aeabi_fadd &rArr; _float_epilogue
</UL>
<BR>[Calls]<UL><LI><a href="#[d6]">&gt;&gt;</a>&nbsp;&nbsp;&nbsp;__aeabi_f2iz
<LI><a href="#[36]">&gt;&gt;</a>&nbsp;&nbsp;&nbsp;__aeabi_i2f
<LI><a href="#[d4]">&gt;&gt;</a>&nbsp;&nbsp;&nbsp;make_active_mask
<LI><a href="#[d5]">&gt;&gt;</a>&nbsp;&nbsp;&nbsp;pid_calculate
</UL>
<BR>[Called By]<UL><LI><a href="#[21]">&gt;&gt;</a>&nbsp;&nbsp;&nbsp;line_tracking_task
</UL>

<P><STRONG><a name="[d7]"></a>mahony_get_euler_deg</STRONG> (Thumb, 384 bytes, Stack size 120 bytes, mahony.o(.text.mahony_get_euler_deg))
<BR><BR>[Stack]<UL><LI>Max Depth = 212<LI>Call Chain = mahony_get_euler_deg &rArr; atan2f &rArr; __mathlib_flt_infnan2 &rArr; __aeabi_fadd &rArr; _float_epilogue
</UL>
<BR>[Calls]<UL><LI><a href="#[a3]">&gt;&gt;</a>&nbsp;&nbsp;&nbsp;clamp_unit
<LI><a href="#[97]">&gt;&gt;</a>&nbsp;&nbsp;&nbsp;__aeabi_fmul
<LI><a href="#[33]">&gt;&gt;</a>&nbsp;&nbsp;&nbsp;__aeabi_fsub
<LI><a href="#[30]">&gt;&gt;</a>&nbsp;&nbsp;&nbsp;__aeabi_fadd
<LI><a href="#[d8]">&gt;&gt;</a>&nbsp;&nbsp;&nbsp;atan2f
<LI><a href="#[d9]">&gt;&gt;</a>&nbsp;&nbsp;&nbsp;asinf
</UL>
<BR>[Called By]<UL><LI><a href="#[109]">&gt;&gt;</a>&nbsp;&nbsp;&nbsp;publish_sample
</UL>

<P><STRONG><a name="[c7]"></a>mahony_init_from_accel</STRONG> (Thumb, 368 bytes, Stack size 104 bytes, mahony.o(.text.mahony_init_from_accel))
<BR><BR>[Stack]<UL><LI>Max Depth = 220<LI>Call Chain = mahony_init_from_accel &rArr; sinf &rArr; __mathlib_rredf2 &rArr; __aeabi_fsub &rArr; __aeabi_fadd &rArr; _float_epilogue
</UL>
<BR>[Calls]<UL><LI><a href="#[dc]">&gt;&gt;</a>&nbsp;&nbsp;&nbsp;normalize_quaternion
<LI><a href="#[35]">&gt;&gt;</a>&nbsp;&nbsp;&nbsp;__aeabi_fdiv
<LI><a href="#[99]">&gt;&gt;</a>&nbsp;&nbsp;&nbsp;__aeabi_fcmplt
<LI><a href="#[9a]">&gt;&gt;</a>&nbsp;&nbsp;&nbsp;__aeabi_fcmple
<LI><a href="#[97]">&gt;&gt;</a>&nbsp;&nbsp;&nbsp;__aeabi_fmul
<LI><a href="#[30]">&gt;&gt;</a>&nbsp;&nbsp;&nbsp;__aeabi_fadd
<LI><a href="#[98]">&gt;&gt;</a>&nbsp;&nbsp;&nbsp;sqrtf
<LI><a href="#[db]">&gt;&gt;</a>&nbsp;&nbsp;&nbsp;sinf
<LI><a href="#[da]">&gt;&gt;</a>&nbsp;&nbsp;&nbsp;cosf
<LI><a href="#[d8]">&gt;&gt;</a>&nbsp;&nbsp;&nbsp;atan2f
</UL>
<BR>[Called By]<UL><LI><a href="#[bf]">&gt;&gt;</a>&nbsp;&nbsp;&nbsp;initialize_filter
</UL>

<P><STRONG><a name="[c4]"></a>mahony_reset</STRONG> (Thumb, 70 bytes, Stack size 12 bytes, mahony.o(.text.mahony_reset))
<BR><BR>[Stack]<UL><LI>Max Depth = 12<LI>Call Chain = mahony_reset
</UL>
<BR>[Called By]<UL><LI><a href="#[bf]">&gt;&gt;</a>&nbsp;&nbsp;&nbsp;initialize_filter
</UL>

<P><STRONG><a name="[dd]"></a>mahony_update_imu</STRONG> (Thumb, 1044 bytes, Stack size 304 bytes, mahony.o(.text.mahony_update_imu))
<BR><BR>[Stack]<UL><LI>Max Depth = 396<LI>Call Chain = mahony_update_imu &rArr; normalize_quaternion &rArr; __aeabi_fadd &rArr; _float_epilogue
</UL>
<BR>[Calls]<UL><LI><a href="#[dc]">&gt;&gt;</a>&nbsp;&nbsp;&nbsp;normalize_quaternion
<LI><a href="#[a1]">&gt;&gt;</a>&nbsp;&nbsp;&nbsp;__aeabi_fcmpgt
<LI><a href="#[35]">&gt;&gt;</a>&nbsp;&nbsp;&nbsp;__aeabi_fdiv
<LI><a href="#[99]">&gt;&gt;</a>&nbsp;&nbsp;&nbsp;__aeabi_fcmplt
<LI><a href="#[9a]">&gt;&gt;</a>&nbsp;&nbsp;&nbsp;__aeabi_fcmple
<LI><a href="#[97]">&gt;&gt;</a>&nbsp;&nbsp;&nbsp;__aeabi_fmul
<LI><a href="#[33]">&gt;&gt;</a>&nbsp;&nbsp;&nbsp;__aeabi_fsub
<LI><a href="#[30]">&gt;&gt;</a>&nbsp;&nbsp;&nbsp;__aeabi_fadd
<LI><a href="#[98]">&gt;&gt;</a>&nbsp;&nbsp;&nbsp;sqrtf
</UL>
<BR>[Called By]<UL><LI><a href="#[23]">&gt;&gt;</a>&nbsp;&nbsp;&nbsp;mpu6050_task
</UL>

<P><STRONG><a name="[1e]"></a>main</STRONG> (Thumb, 40 bytes, Stack size 16 bytes, empty.o(.text.main))
<BR><BR>[Stack]<UL><LI>Max Depth = 252<LI>Call Chain = main &rArr; vTaskStartScheduler &rArr; xTimerCreateTimerTask &rArr; prvCheckForValidListAndQueue &rArr; xQueueGenericCreateStatic &rArr; prvInitialiseNewQueue &rArr; xQueueGenericReset &rArr; xTaskRemoveFromEventList &rArr; vListInsertEnd
</UL>
<BR>[Calls]<UL><LI><a href="#[e1]">&gt;&gt;</a>&nbsp;&nbsp;&nbsp;vTaskStartScheduler
<LI><a href="#[e0]">&gt;&gt;</a>&nbsp;&nbsp;&nbsp;print_task_create
<LI><a href="#[df]">&gt;&gt;</a>&nbsp;&nbsp;&nbsp;mpu6050_task_create
<LI><a href="#[ba]">&gt;&gt;</a>&nbsp;&nbsp;&nbsp;eight_ir_task_create
<LI><a href="#[d2]">&gt;&gt;</a>&nbsp;&nbsp;&nbsp;line_tracking_task_create
<LI><a href="#[de]">&gt;&gt;</a>&nbsp;&nbsp;&nbsp;motor_task_create
<LI><a href="#[85]">&gt;&gt;</a>&nbsp;&nbsp;&nbsp;SYSCFG_DL_init
</UL>
<BR>[Address Reference Count : 1]<UL><LI> entry9a.o(.ARM.Collect$$$$0000000B)
</UL>
<P><STRONG><a name="[e3]"></a>motor_init</STRONG> (Thumb, 24 bytes, Stack size 16 bytes, motor.o(.text.motor_init))
<BR><BR>[Stack]<UL><LI>Max Depth = 120<LI>Call Chain = motor_init &rArr; motor_set_speed &rArr; set_one_motor &rArr; set_pwm &rArr; __aeabi_uidiv
</UL>
<BR>[Calls]<UL><LI><a href="#[e5]">&gt;&gt;</a>&nbsp;&nbsp;&nbsp;motor_set_speed
<LI><a href="#[e4]">&gt;&gt;</a>&nbsp;&nbsp;&nbsp;motor_standby
</UL>
<BR>[Called By]<UL><LI><a href="#[22]">&gt;&gt;</a>&nbsp;&nbsp;&nbsp;motor_task
</UL>

<P><STRONG><a name="[e5]"></a>motor_set_speed</STRONG> (Thumb, 46 bytes, Stack size 32 bytes, motor.o(.text.motor_set_speed))
<BR><BR>[Stack]<UL><LI>Max Depth = 104<LI>Call Chain = motor_set_speed &rArr; set_one_motor &rArr; set_pwm &rArr; __aeabi_uidiv
</UL>
<BR>[Calls]<UL><LI><a href="#[e6]">&gt;&gt;</a>&nbsp;&nbsp;&nbsp;set_one_motor
</UL>
<BR>[Called By]<UL><LI><a href="#[22]">&gt;&gt;</a>&nbsp;&nbsp;&nbsp;motor_task
<LI><a href="#[e3]">&gt;&gt;</a>&nbsp;&nbsp;&nbsp;motor_init
</UL>

<P><STRONG><a name="[e4]"></a>motor_standby</STRONG> (Thumb, 48 bytes, Stack size 16 bytes, motor.o(.text.motor_standby))
<BR><BR>[Stack]<UL><LI>Max Depth = 24<LI>Call Chain = motor_standby &rArr; DL_GPIO_clearPins
</UL>
<BR>[Calls]<UL><LI><a href="#[e8]">&gt;&gt;</a>&nbsp;&nbsp;&nbsp;DL_GPIO_clearPins
<LI><a href="#[e7]">&gt;&gt;</a>&nbsp;&nbsp;&nbsp;DL_GPIO_setPins
</UL>
<BR>[Called By]<UL><LI><a href="#[22]">&gt;&gt;</a>&nbsp;&nbsp;&nbsp;motor_task
<LI><a href="#[e3]">&gt;&gt;</a>&nbsp;&nbsp;&nbsp;motor_init
</UL>

<P><STRONG><a name="[de]"></a>motor_task_create</STRONG> (Thumb, 64 bytes, Stack size 32 bytes, motor_task.o(.text.motor_task_create))
<BR><BR>[Stack]<UL><LI>Max Depth = 164<LI>Call Chain = motor_task_create &rArr; xQueueGenericCreateStatic &rArr; prvInitialiseNewQueue &rArr; xQueueGenericReset &rArr; xTaskRemoveFromEventList &rArr; vListInsertEnd
</UL>
<BR>[Calls]<UL><LI><a href="#[ea]">&gt;&gt;</a>&nbsp;&nbsp;&nbsp;xQueueGenericCreateStatic
<LI><a href="#[bb]">&gt;&gt;</a>&nbsp;&nbsp;&nbsp;xTaskCreateStatic
</UL>
<BR>[Called By]<UL><LI><a href="#[1e]">&gt;&gt;</a>&nbsp;&nbsp;&nbsp;main
</UL>

<P><STRONG><a name="[cf]"></a>motor_task_set_target</STRONG> (Thumb, 72 bytes, Stack size 24 bytes, motor_task.o(.text.motor_task_set_target))
<BR><BR>[Stack]<UL><LI>Max Depth = 156<LI>Call Chain = motor_task_set_target &rArr; xQueueGenericSend &rArr; xTaskResumeAll &rArr; xTaskIncrementTick &rArr; vListInsertEnd
</UL>
<BR>[Calls]<UL><LI><a href="#[eb]">&gt;&gt;</a>&nbsp;&nbsp;&nbsp;xQueueGenericSend
</UL>
<BR>[Called By]<UL><LI><a href="#[21]">&gt;&gt;</a>&nbsp;&nbsp;&nbsp;line_tracking_task
</UL>

<P><STRONG><a name="[c5]"></a>mpu6050_bias_load</STRONG> (Thumb, 140 bytes, Stack size 56 bytes, mpu6050_bias_store.o(.text.mpu6050_bias_load))
<BR><BR>[Stack]<UL><LI>Max Depth = 92<LI>Call Chain = mpu6050_bias_load &rArr; calculate_crc32
</UL>
<BR>[Calls]<UL><LI><a href="#[9b]">&gt;&gt;</a>&nbsp;&nbsp;&nbsp;bias_is_reasonable
<LI><a href="#[ec]">&gt;&gt;</a>&nbsp;&nbsp;&nbsp;calculate_crc32
<LI><a href="#[b6]">&gt;&gt;</a>&nbsp;&nbsp;&nbsp;__aeabi_memcpy
</UL>
<BR>[Called By]<UL><LI><a href="#[c6]">&gt;&gt;</a>&nbsp;&nbsp;&nbsp;mpu6050_bias_save
<LI><a href="#[bf]">&gt;&gt;</a>&nbsp;&nbsp;&nbsp;initialize_filter
</UL>

<P><STRONG><a name="[c6]"></a>mpu6050_bias_save</STRONG> (Thumb, 324 bytes, Stack size 120 bytes, mpu6050_bias_store.o(.text.mpu6050_bias_save))
<BR><BR>[Stack]<UL><LI>Max Depth = 212<LI>Call Chain = mpu6050_bias_save &rArr; mpu6050_bias_load &rArr; calculate_crc32
</UL>
<BR>[Calls]<UL><LI><a href="#[ee]">&gt;&gt;</a>&nbsp;&nbsp;&nbsp;__aeabi_fcmpeq
<LI><a href="#[4a]">&gt;&gt;</a>&nbsp;&nbsp;&nbsp;DL_FlashCTL_programMemoryBlockingFromRAM64WithECCGenerated
<LI><a href="#[48]">&gt;&gt;</a>&nbsp;&nbsp;&nbsp;DL_FlashCTL_eraseMemoryFromRAM
<LI><a href="#[4b]">&gt;&gt;</a>&nbsp;&nbsp;&nbsp;DL_FlashCTL_unprotectSector
<LI><a href="#[ed]">&gt;&gt;</a>&nbsp;&nbsp;&nbsp;DL_FlashCTL_executeClearStatus
<LI><a href="#[9b]">&gt;&gt;</a>&nbsp;&nbsp;&nbsp;bias_is_reasonable
<LI><a href="#[ec]">&gt;&gt;</a>&nbsp;&nbsp;&nbsp;calculate_crc32
<LI><a href="#[c5]">&gt;&gt;</a>&nbsp;&nbsp;&nbsp;mpu6050_bias_load
</UL>
<BR>[Called By]<UL><LI><a href="#[bf]">&gt;&gt;</a>&nbsp;&nbsp;&nbsp;initialize_filter
</UL>

<P><STRONG><a name="[ef]"></a>mpu6050_port_delay_ms</STRONG> (Thumb, 78 bytes, Stack size 16 bytes, mpu6050_port.o(.text.mpu6050_port_delay_ms))
<BR><BR>[Stack]<UL><LI>Max Depth = 100<LI>Call Chain = mpu6050_port_delay_ms &rArr; vTaskDelay &rArr; xTaskResumeAll &rArr; xTaskIncrementTick &rArr; vListInsertEnd
</UL>
<BR>[Calls]<UL><LI><a href="#[f0]">&gt;&gt;</a>&nbsp;&nbsp;&nbsp;xTaskGetSchedulerState
<LI><a href="#[f1]">&gt;&gt;</a>&nbsp;&nbsp;&nbsp;vTaskDelay
<LI><a href="#[ab]">&gt;&gt;</a>&nbsp;&nbsp;&nbsp;delay_us
<LI><a href="#[4c]">&gt;&gt;</a>&nbsp;&nbsp;&nbsp;__aeabi_uidiv
</UL>
<BR>[Called By]<UL><LI><a href="#[c2]">&gt;&gt;</a>&nbsp;&nbsp;&nbsp;mpu6050_raw_init
<LI><a href="#[23]">&gt;&gt;</a>&nbsp;&nbsp;&nbsp;mpu6050_task
</UL>

<P><STRONG><a name="[f2]"></a>mpu6050_port_init</STRONG> (Thumb, 52 bytes, Stack size 16 bytes, mpu6050_port.o(.text.mpu6050_port_init))
<BR><BR>[Stack]<UL><LI>Max Depth = 144<LI>Call Chain = mpu6050_port_init &rArr; mpu6050_port_recover_bus &rArr; SYSCFG_DL_I2C_0_init &rArr; DL_I2C_setControllerRXFIFOThreshold &rArr; DL_Common_updateReg
</UL>
<BR>[Calls]<UL><LI><a href="#[f3]">&gt;&gt;</a>&nbsp;&nbsp;&nbsp;DL_I2C_getSDAStatus
<LI><a href="#[f4]">&gt;&gt;</a>&nbsp;&nbsp;&nbsp;mpu6050_port_recover_bus
</UL>
<BR>[Called By]<UL><LI><a href="#[c2]">&gt;&gt;</a>&nbsp;&nbsp;&nbsp;mpu6050_raw_init
</UL>

<P><STRONG><a name="[f5]"></a>mpu6050_port_read</STRONG> (Thumb, 92 bytes, Stack size 32 bytes, mpu6050_port.o(.text.mpu6050_port_read))
<BR><BR>[Stack]<UL><LI>Max Depth = 208<LI>Call Chain = mpu6050_port_read &rArr; receive &rArr; mpu6050_port_recover_bus &rArr; SYSCFG_DL_I2C_0_init &rArr; DL_I2C_setControllerRXFIFOThreshold &rArr; DL_Common_updateReg
</UL>
<BR>[Calls]<UL><LI><a href="#[f7]">&gt;&gt;</a>&nbsp;&nbsp;&nbsp;receive
<LI><a href="#[f6]">&gt;&gt;</a>&nbsp;&nbsp;&nbsp;transmit
</UL>
<BR>[Called By]<UL><LI><a href="#[106]">&gt;&gt;</a>&nbsp;&nbsp;&nbsp;mpu6050_raw_read
<LI><a href="#[c2]">&gt;&gt;</a>&nbsp;&nbsp;&nbsp;mpu6050_raw_init
</UL>

<P><STRONG><a name="[f4]"></a>mpu6050_port_recover_bus</STRONG> (Thumb, 220 bytes, Stack size 72 bytes, mpu6050_port.o(.text.mpu6050_port_recover_bus))
<BR><BR>[Stack]<UL><LI>Max Depth = 128<LI>Call Chain = mpu6050_port_recover_bus &rArr; SYSCFG_DL_I2C_0_init &rArr; DL_I2C_setControllerRXFIFOThreshold &rArr; DL_Common_updateReg
</UL>
<BR>[Calls]<UL><LI><a href="#[101]">&gt;&gt;</a>&nbsp;&nbsp;&nbsp;DL_GPIO_enableHiZ
<LI><a href="#[100]">&gt;&gt;</a>&nbsp;&nbsp;&nbsp;DL_GPIO_initPeripheralInputFunctionFeatures
<LI><a href="#[ff]">&gt;&gt;</a>&nbsp;&nbsp;&nbsp;DL_GPIO_clearPins
<LI><a href="#[fe]">&gt;&gt;</a>&nbsp;&nbsp;&nbsp;DL_GPIO_readPins
<LI><a href="#[fd]">&gt;&gt;</a>&nbsp;&nbsp;&nbsp;DL_GPIO_enableOutput
<LI><a href="#[fc]">&gt;&gt;</a>&nbsp;&nbsp;&nbsp;DL_GPIO_setPins
<LI><a href="#[fb]">&gt;&gt;</a>&nbsp;&nbsp;&nbsp;DL_GPIO_initDigitalOutput
<LI><a href="#[fa]">&gt;&gt;</a>&nbsp;&nbsp;&nbsp;DL_GPIO_initDigitalInputFeatures
<LI><a href="#[f9]">&gt;&gt;</a>&nbsp;&nbsp;&nbsp;DL_I2C_enablePower
<LI><a href="#[f8]">&gt;&gt;</a>&nbsp;&nbsp;&nbsp;DL_I2C_reset
<LI><a href="#[ab]">&gt;&gt;</a>&nbsp;&nbsp;&nbsp;delay_us
<LI><a href="#[8f]">&gt;&gt;</a>&nbsp;&nbsp;&nbsp;DL_Common_delayCycles
<LI><a href="#[69]">&gt;&gt;</a>&nbsp;&nbsp;&nbsp;SYSCFG_DL_I2C_0_init
</UL>
<BR>[Called By]<UL><LI><a href="#[f2]">&gt;&gt;</a>&nbsp;&nbsp;&nbsp;mpu6050_port_init
<LI><a href="#[f7]">&gt;&gt;</a>&nbsp;&nbsp;&nbsp;receive
<LI><a href="#[f6]">&gt;&gt;</a>&nbsp;&nbsp;&nbsp;transmit
<LI><a href="#[23]">&gt;&gt;</a>&nbsp;&nbsp;&nbsp;mpu6050_task
</UL>

<P><STRONG><a name="[102]"></a>mpu6050_port_write</STRONG> (Thumb, 132 bytes, Stack size 56 bytes, mpu6050_port.o(.text.mpu6050_port_write))
<BR><BR>[Stack]<UL><LI>Max Depth = 232<LI>Call Chain = mpu6050_port_write &rArr; transmit &rArr; mpu6050_port_recover_bus &rArr; SYSCFG_DL_I2C_0_init &rArr; DL_I2C_setControllerRXFIFOThreshold &rArr; DL_Common_updateReg
</UL>
<BR>[Calls]<UL><LI><a href="#[f6]">&gt;&gt;</a>&nbsp;&nbsp;&nbsp;transmit
</UL>
<BR>[Called By]<UL><LI><a href="#[105]">&gt;&gt;</a>&nbsp;&nbsp;&nbsp;write_register
</UL>

<P><STRONG><a name="[103]"></a>mpu6050_raw_convert</STRONG> (Thumb, 160 bytes, Stack size 32 bytes, mpu6050_raw.o(.text.mpu6050_raw_convert))
<BR><BR>[Stack]<UL><LI>Max Depth = 68<LI>Call Chain = mpu6050_raw_convert &rArr; __aeabi_fadd &rArr; _float_epilogue
</UL>
<BR>[Calls]<UL><LI><a href="#[35]">&gt;&gt;</a>&nbsp;&nbsp;&nbsp;__aeabi_fdiv
<LI><a href="#[36]">&gt;&gt;</a>&nbsp;&nbsp;&nbsp;__aeabi_i2f
<LI><a href="#[30]">&gt;&gt;</a>&nbsp;&nbsp;&nbsp;__aeabi_fadd
</UL>
<BR>[Called By]<UL><LI><a href="#[9f]">&gt;&gt;</a>&nbsp;&nbsp;&nbsp;wait_for_sample
</UL>

<P><STRONG><a name="[104]"></a>mpu6050_raw_disable_interrupt</STRONG> (Thumb, 12 bytes, Stack size 8 bytes, mpu6050_raw.o(.text.mpu6050_raw_disable_interrupt))
<BR><BR>[Stack]<UL><LI>Max Depth = 256<LI>Call Chain = mpu6050_raw_disable_interrupt &rArr; write_register &rArr; mpu6050_port_write &rArr; transmit &rArr; mpu6050_port_recover_bus &rArr; SYSCFG_DL_I2C_0_init &rArr; DL_I2C_setControllerRXFIFOThreshold &rArr; DL_Common_updateReg
</UL>
<BR>[Calls]<UL><LI><a href="#[105]">&gt;&gt;</a>&nbsp;&nbsp;&nbsp;write_register
</UL>
<BR>[Called By]<UL><LI><a href="#[108]">&gt;&gt;</a>&nbsp;&nbsp;&nbsp;stop_sensor
</UL>

<P><STRONG><a name="[c2]"></a>mpu6050_raw_init</STRONG> (Thumb, 274 bytes, Stack size 16 bytes, mpu6050_raw.o(.text.mpu6050_raw_init))
<BR><BR>[Stack]<UL><LI>Max Depth = 264<LI>Call Chain = mpu6050_raw_init &rArr; write_register &rArr; mpu6050_port_write &rArr; transmit &rArr; mpu6050_port_recover_bus &rArr; SYSCFG_DL_I2C_0_init &rArr; DL_I2C_setControllerRXFIFOThreshold &rArr; DL_Common_updateReg
</UL>
<BR>[Calls]<UL><LI><a href="#[105]">&gt;&gt;</a>&nbsp;&nbsp;&nbsp;write_register
<LI><a href="#[f5]">&gt;&gt;</a>&nbsp;&nbsp;&nbsp;mpu6050_port_read
<LI><a href="#[f2]">&gt;&gt;</a>&nbsp;&nbsp;&nbsp;mpu6050_port_init
<LI><a href="#[ef]">&gt;&gt;</a>&nbsp;&nbsp;&nbsp;mpu6050_port_delay_ms
</UL>
<BR>[Called By]<UL><LI><a href="#[bf]">&gt;&gt;</a>&nbsp;&nbsp;&nbsp;initialize_filter
</UL>

<P><STRONG><a name="[106]"></a>mpu6050_raw_read</STRONG> (Thumb, 164 bytes, Stack size 40 bytes, mpu6050_raw.o(.text.mpu6050_raw_read))
<BR><BR>[Stack]<UL><LI>Max Depth = 248<LI>Call Chain = mpu6050_raw_read &rArr; mpu6050_port_read &rArr; receive &rArr; mpu6050_port_recover_bus &rArr; SYSCFG_DL_I2C_0_init &rArr; DL_I2C_setControllerRXFIFOThreshold &rArr; DL_Common_updateReg
</UL>
<BR>[Calls]<UL><LI><a href="#[107]">&gt;&gt;</a>&nbsp;&nbsp;&nbsp;read_be_i16
<LI><a href="#[f5]">&gt;&gt;</a>&nbsp;&nbsp;&nbsp;mpu6050_port_read
</UL>
<BR>[Called By]<UL><LI><a href="#[9f]">&gt;&gt;</a>&nbsp;&nbsp;&nbsp;wait_for_sample
</UL>

<P><STRONG><a name="[df]"></a>mpu6050_task_create</STRONG> (Thumb, 68 bytes, Stack size 24 bytes, mpu6050_task.o(.text.mpu6050_task_create))
<BR><BR>[Stack]<UL><LI>Max Depth = 140<LI>Call Chain = mpu6050_task_create &rArr; xTaskCreateStatic &rArr; prvInitialiseNewTask &rArr; pxPortInitialiseStack
</UL>
<BR>[Calls]<UL><LI><a href="#[bb]">&gt;&gt;</a>&nbsp;&nbsp;&nbsp;xTaskCreateStatic
<LI><a href="#[ca]">&gt;&gt;</a>&nbsp;&nbsp;&nbsp;__aeabi_memclr4
</UL>
<BR>[Called By]<UL><LI><a href="#[1e]">&gt;&gt;</a>&nbsp;&nbsp;&nbsp;main
</UL>

<P><STRONG><a name="[d5]"></a>pid_calculate</STRONG> (Thumb, 202 bytes, Stack size 56 bytes, pid.o(.text.pid_calculate))
<BR><BR>[Stack]<UL><LI>Max Depth = 92<LI>Call Chain = pid_calculate &rArr; __aeabi_fsub &rArr; __aeabi_fadd &rArr; _float_epilogue
</UL>
<BR>[Calls]<UL><LI><a href="#[97]">&gt;&gt;</a>&nbsp;&nbsp;&nbsp;__aeabi_fmul
<LI><a href="#[33]">&gt;&gt;</a>&nbsp;&nbsp;&nbsp;__aeabi_fsub
<LI><a href="#[30]">&gt;&gt;</a>&nbsp;&nbsp;&nbsp;__aeabi_fadd
<LI><a href="#[a2]">&gt;&gt;</a>&nbsp;&nbsp;&nbsp;clamp_float
</UL>
<BR>[Called By]<UL><LI><a href="#[d0]">&gt;&gt;</a>&nbsp;&nbsp;&nbsp;line_tracking_update
</UL>

<P><STRONG><a name="[cb]"></a>pid_init</STRONG> (Thumb, 66 bytes, Stack size 56 bytes, pid.o(.text.pid_init))
<BR><BR>[Stack]<UL><LI>Max Depth = 56<LI>Call Chain = pid_init
</UL>
<BR>[Calls]<UL><LI><a href="#[ca]">&gt;&gt;</a>&nbsp;&nbsp;&nbsp;__aeabi_memclr4
</UL>
<BR>[Called By]<UL><LI><a href="#[c8]">&gt;&gt;</a>&nbsp;&nbsp;&nbsp;line_tracking_init
</UL>

<P><STRONG><a name="[cd]"></a>pid_reset</STRONG> (Thumb, 36 bytes, Stack size 4 bytes, pid.o(.text.pid_reset))
<BR><BR>[Stack]<UL><LI>Max Depth = 4<LI>Call Chain = pid_reset
</UL>
<BR>[Called By]<UL><LI><a href="#[cc]">&gt;&gt;</a>&nbsp;&nbsp;&nbsp;line_tracking_reset
</UL>

<P><STRONG><a name="[e0]"></a>print_task_create</STRONG> (Thumb, 32 bytes, Stack size 24 bytes, print_task.o(.text.print_task_create))
<BR><BR>[Stack]<UL><LI>Max Depth = 140<LI>Call Chain = print_task_create &rArr; xTaskCreateStatic &rArr; prvInitialiseNewTask &rArr; pxPortInitialiseStack
</UL>
<BR>[Calls]<UL><LI><a href="#[bb]">&gt;&gt;</a>&nbsp;&nbsp;&nbsp;xTaskCreateStatic
</UL>
<BR>[Called By]<UL><LI><a href="#[1e]">&gt;&gt;</a>&nbsp;&nbsp;&nbsp;main
</UL>

<P><STRONG><a name="[122]"></a>pxPortInitialiseStack</STRONG> (Thumb, 72 bytes, Stack size 12 bytes, port.o(.text.pxPortInitialiseStack))
<BR><BR>[Stack]<UL><LI>Max Depth = 12<LI>Call Chain = pxPortInitialiseStack
</UL>
<BR>[Called By]<UL><LI><a href="#[11f]">&gt;&gt;</a>&nbsp;&nbsp;&nbsp;prvInitialiseNewTask
</UL>

<P><STRONG><a name="[90]"></a>ulSetInterruptMaskFromISR</STRONG> (Thumb, 8 bytes, Stack size 0 bytes, port.o(.text.ulSetInterruptMaskFromISR))
<BR><BR>[Called By]<UL><LI><a href="#[5a]">&gt;&gt;</a>&nbsp;&nbsp;&nbsp;vTaskGenericNotifyGiveFromISR
<LI><a href="#[5]">&gt;&gt;</a>&nbsp;&nbsp;&nbsp;SysTick_Handler
<LI><a href="#[14c]">&gt;&gt;</a>&nbsp;&nbsp;&nbsp;xQueueGenericSendFromISR
</UL>

<P><STRONG><a name="[ce]"></a>ulTaskGenericNotifyTake</STRONG> (Thumb, 188 bytes, Stack size 24 bytes, tasks.o(.text.ulTaskGenericNotifyTake))
<BR><BR>[Stack]<UL><LI>Max Depth = 64<LI>Call Chain = ulTaskGenericNotifyTake &rArr; prvAddCurrentTaskToDelayedList &rArr; vListInsert
</UL>
<BR>[Calls]<UL><LI><a href="#[114]">&gt;&gt;</a>&nbsp;&nbsp;&nbsp;vPortYield
<LI><a href="#[b7]">&gt;&gt;</a>&nbsp;&nbsp;&nbsp;vPortExitCritical
<LI><a href="#[b5]">&gt;&gt;</a>&nbsp;&nbsp;&nbsp;vPortEnterCritical
<LI><a href="#[10e]">&gt;&gt;</a>&nbsp;&nbsp;&nbsp;prvAddCurrentTaskToDelayedList
</UL>
<BR>[Called By]<UL><LI><a href="#[21]">&gt;&gt;</a>&nbsp;&nbsp;&nbsp;line_tracking_task
<LI><a href="#[c3]">&gt;&gt;</a>&nbsp;&nbsp;&nbsp;prepare_data_ready_interrupt
<LI><a href="#[9f]">&gt;&gt;</a>&nbsp;&nbsp;&nbsp;wait_for_sample
</UL>

<P><STRONG><a name="[10f]"></a>uxListRemove</STRONG> (Thumb, 72 bytes, Stack size 8 bytes, list.o(.text.uxListRemove))
<BR><BR>[Stack]<UL><LI>Max Depth = 8<LI>Call Chain = uxListRemove
</UL>
<BR>[Called By]<UL><LI><a href="#[12c]">&gt;&gt;</a>&nbsp;&nbsp;&nbsp;xTaskResumeAll
<LI><a href="#[d3]">&gt;&gt;</a>&nbsp;&nbsp;&nbsp;xTaskGenericNotify
<LI><a href="#[5a]">&gt;&gt;</a>&nbsp;&nbsp;&nbsp;vTaskGenericNotifyGiveFromISR
<LI><a href="#[12e]">&gt;&gt;</a>&nbsp;&nbsp;&nbsp;prvSwitchTimerLists
<LI><a href="#[126]">&gt;&gt;</a>&nbsp;&nbsp;&nbsp;prvProcessExpiredTimer
<LI><a href="#[128]">&gt;&gt;</a>&nbsp;&nbsp;&nbsp;prvProcessReceivedCommands
<LI><a href="#[91]">&gt;&gt;</a>&nbsp;&nbsp;&nbsp;xTaskIncrementTick
<LI><a href="#[117]">&gt;&gt;</a>&nbsp;&nbsp;&nbsp;prvCheckTasksWaitingTermination
<LI><a href="#[10e]">&gt;&gt;</a>&nbsp;&nbsp;&nbsp;prvAddCurrentTaskToDelayedList
<LI><a href="#[11b]">&gt;&gt;</a>&nbsp;&nbsp;&nbsp;xTaskPriorityDisinherit
<LI><a href="#[131]">&gt;&gt;</a>&nbsp;&nbsp;&nbsp;xTaskRemoveFromEventList
</UL>

<P><STRONG><a name="[142]"></a>vApplicationGetIdleTaskMemory</STRONG> (Thumb, 32 bytes, Stack size 12 bytes, empty.o(.text.vApplicationGetIdleTaskMemory))
<BR><BR>[Stack]<UL><LI>Max Depth = 12<LI>Call Chain = vApplicationGetIdleTaskMemory
</UL>
<BR>[Called By]<UL><LI><a href="#[e1]">&gt;&gt;</a>&nbsp;&nbsp;&nbsp;vTaskStartScheduler
</UL>

<P><STRONG><a name="[14e]"></a>vApplicationGetTimerTaskMemory</STRONG> (Thumb, 32 bytes, Stack size 12 bytes, empty.o(.text.vApplicationGetTimerTaskMemory))
<BR><BR>[Stack]<UL><LI>Max Depth = 12<LI>Call Chain = vApplicationGetTimerTaskMemory
</UL>
<BR>[Called By]<UL><LI><a href="#[143]">&gt;&gt;</a>&nbsp;&nbsp;&nbsp;xTimerCreateTimerTask
</UL>

<P><STRONG><a name="[145]"></a>vApplicationStackOverflowHook</STRONG> (Thumb, 10 bytes, Stack size 8 bytes, empty.o(.text.vApplicationStackOverflowHook))
<BR><BR>[Stack]<UL><LI>Max Depth = 8<LI>Call Chain = vApplicationStackOverflowHook
</UL>
<BR>[Called By]<UL><LI><a href="#[29]">&gt;&gt;</a>&nbsp;&nbsp;&nbsp;vTaskSwitchContext
</UL>

<P><STRONG><a name="[92]"></a>vClearInterruptMaskFromISR</STRONG> (Thumb, 6 bytes, Stack size 0 bytes, port.o(.text.vClearInterruptMaskFromISR))
<BR><BR>[Called By]<UL><LI><a href="#[5a]">&gt;&gt;</a>&nbsp;&nbsp;&nbsp;vTaskGenericNotifyGiveFromISR
<LI><a href="#[5]">&gt;&gt;</a>&nbsp;&nbsp;&nbsp;SysTick_Handler
<LI><a href="#[14c]">&gt;&gt;</a>&nbsp;&nbsp;&nbsp;xQueueGenericSendFromISR
</UL>

<P><STRONG><a name="[116]"></a>vListInitialise</STRONG> (Thumb, 44 bytes, Stack size 4 bytes, list.o(.text.vListInitialise))
<BR><BR>[Stack]<UL><LI>Max Depth = 4<LI>Call Chain = vListInitialise
</UL>
<BR>[Called By]<UL><LI><a href="#[115]">&gt;&gt;</a>&nbsp;&nbsp;&nbsp;prvCheckForValidListAndQueue
<LI><a href="#[113]">&gt;&gt;</a>&nbsp;&nbsp;&nbsp;prvInitialiseTaskLists
<LI><a href="#[11e]">&gt;&gt;</a>&nbsp;&nbsp;&nbsp;xQueueGenericReset
</UL>

<P><STRONG><a name="[121]"></a>vListInitialiseItem</STRONG> (Thumb, 14 bytes, Stack size 4 bytes, list.o(.text.vListInitialiseItem))
<BR><BR>[Stack]<UL><LI>Max Depth = 4<LI>Call Chain = vListInitialiseItem
</UL>
<BR>[Called By]<UL><LI><a href="#[11f]">&gt;&gt;</a>&nbsp;&nbsp;&nbsp;prvInitialiseNewTask
</UL>

<P><STRONG><a name="[111]"></a>vListInsert</STRONG> (Thumb, 108 bytes, Stack size 16 bytes, list.o(.text.vListInsert))
<BR><BR>[Stack]<UL><LI>Max Depth = 16<LI>Call Chain = vListInsert
</UL>
<BR>[Called By]<UL><LI><a href="#[12e]">&gt;&gt;</a>&nbsp;&nbsp;&nbsp;prvSwitchTimerLists
<LI><a href="#[123]">&gt;&gt;</a>&nbsp;&nbsp;&nbsp;prvInsertTimerInActiveList
<LI><a href="#[10e]">&gt;&gt;</a>&nbsp;&nbsp;&nbsp;prvAddCurrentTaskToDelayedList
<LI><a href="#[141]">&gt;&gt;</a>&nbsp;&nbsp;&nbsp;vTaskPlaceOnEventList
</UL>

<P><STRONG><a name="[110]"></a>vListInsertEnd</STRONG> (Thumb, 58 bytes, Stack size 12 bytes, list.o(.text.vListInsertEnd))
<BR><BR>[Stack]<UL><LI>Max Depth = 12<LI>Call Chain = vListInsertEnd
</UL>
<BR>[Called By]<UL><LI><a href="#[12c]">&gt;&gt;</a>&nbsp;&nbsp;&nbsp;xTaskResumeAll
<LI><a href="#[d3]">&gt;&gt;</a>&nbsp;&nbsp;&nbsp;xTaskGenericNotify
<LI><a href="#[5a]">&gt;&gt;</a>&nbsp;&nbsp;&nbsp;vTaskGenericNotifyGiveFromISR
<LI><a href="#[91]">&gt;&gt;</a>&nbsp;&nbsp;&nbsp;xTaskIncrementTick
<LI><a href="#[10e]">&gt;&gt;</a>&nbsp;&nbsp;&nbsp;prvAddCurrentTaskToDelayedList
<LI><a href="#[112]">&gt;&gt;</a>&nbsp;&nbsp;&nbsp;prvAddNewTaskToReadyList
<LI><a href="#[140]">&gt;&gt;</a>&nbsp;&nbsp;&nbsp;vTaskPlaceOnEventListRestricted
<LI><a href="#[11b]">&gt;&gt;</a>&nbsp;&nbsp;&nbsp;xTaskPriorityDisinherit
<LI><a href="#[131]">&gt;&gt;</a>&nbsp;&nbsp;&nbsp;xTaskRemoveFromEventList
</UL>

<P><STRONG><a name="[b5]"></a>vPortEnterCritical</STRONG> (Thumb, 20 bytes, Stack size 0 bytes, port.o(.text.vPortEnterCritical))
<BR><BR>[Called By]<UL><LI><a href="#[12c]">&gt;&gt;</a>&nbsp;&nbsp;&nbsp;xTaskResumeAll
<LI><a href="#[24]">&gt;&gt;</a>&nbsp;&nbsp;&nbsp;print_task
<LI><a href="#[d3]">&gt;&gt;</a>&nbsp;&nbsp;&nbsp;xTaskGenericNotify
<LI><a href="#[21]">&gt;&gt;</a>&nbsp;&nbsp;&nbsp;line_tracking_task
<LI><a href="#[eb]">&gt;&gt;</a>&nbsp;&nbsp;&nbsp;xQueueGenericSend
<LI><a href="#[e9]">&gt;&gt;</a>&nbsp;&nbsp;&nbsp;xQueueReceive
<LI><a href="#[20]">&gt;&gt;</a>&nbsp;&nbsp;&nbsp;eight_ir_task
<LI><a href="#[ce]">&gt;&gt;</a>&nbsp;&nbsp;&nbsp;ulTaskGenericNotifyTake
<LI><a href="#[be]">&gt;&gt;</a>&nbsp;&nbsp;&nbsp;increment_i2c_error
<LI><a href="#[109]">&gt;&gt;</a>&nbsp;&nbsp;&nbsp;publish_sample
<LI><a href="#[9f]">&gt;&gt;</a>&nbsp;&nbsp;&nbsp;wait_for_sample
<LI><a href="#[9e]">&gt;&gt;</a>&nbsp;&nbsp;&nbsp;set_status
<LI><a href="#[bf]">&gt;&gt;</a>&nbsp;&nbsp;&nbsp;initialize_filter
<LI><a href="#[115]">&gt;&gt;</a>&nbsp;&nbsp;&nbsp;prvCheckForValidListAndQueue
<LI><a href="#[117]">&gt;&gt;</a>&nbsp;&nbsp;&nbsp;prvCheckTasksWaitingTermination
<LI><a href="#[112]">&gt;&gt;</a>&nbsp;&nbsp;&nbsp;prvAddNewTaskToReadyList
[...]
<BR><BR>[Stack]<UL><LI>Max Depth = 4<LI>Call Chain = read_be_i16
</UL>
<BR>[Called By]<UL><LI><a href="#[106]">&gt;&gt;</a>&nbsp;&nbsp;&nbsp;mpu6050_raw_read
</UL>

<P><STRONG><a name="[dc]"></a>normalize_quaternion</STRONG> (Thumb, 208 bytes, Stack size 56 bytes, mahony.o(.text.normalize_quaternion))
<BR><BR>[Stack]<UL><LI>Max Depth = 92<LI>Call Chain = normalize_quaternion &rArr; __aeabi_fadd &rArr; _float_epilogue
</UL>
<BR>[Calls]<UL><LI><a href="#[35]">&gt;&gt;</a>&nbsp;&nbsp;&nbsp;__aeabi_fdiv
<LI><a href="#[a0]">&gt;&gt;</a>&nbsp;&nbsp;&nbsp;__aeabi_fcmpge
<LI><a href="#[97]">&gt;&gt;</a>&nbsp;&nbsp;&nbsp;__aeabi_fmul
<LI><a href="#[30]">&gt;&gt;</a>&nbsp;&nbsp;&nbsp;__aeabi_fadd
<LI><a href="#[98]">&gt;&gt;</a>&nbsp;&nbsp;&nbsp;sqrtf
</UL>
<BR>[Called By]<UL><LI><a href="#[c7]">&gt;&gt;</a>&nbsp;&nbsp;&nbsp;mahony_init_from_accel
<LI><a href="#[dd]">&gt;&gt;</a>&nbsp;&nbsp;&nbsp;mahony_update_imu
</UL>

<P><STRONG><a name="[a3]"></a>clamp_unit</STRONG> (Thumb, 64 bytes, Stack size 16 bytes, mahony.o(.text.clamp_unit))
<BR><BR>[Stack]<UL><LI>Max Depth = 16<LI>Call Chain = clamp_unit
</UL>
<BR>[Calls]<UL><LI><a href="#[a0]">&gt;&gt;</a>&nbsp;&nbsp;&nbsp;__aeabi_fcmpge
<LI><a href="#[9a]">&gt;&gt;</a>&nbsp;&nbsp;&nbsp;__aeabi_fcmple
</UL>
<BR>[Called By]<UL><LI><a href="#[d7]">&gt;&gt;</a>&nbsp;&nbsp;&nbsp;mahony_get_euler_deg
</UL>

<P><STRONG><a name="[ec]"></a>calculate_crc32</STRONG> (Thumb, 124 bytes, Stack size 36 bytes, mpu6050_bias_store.o(.text.calculate_crc32))
<BR><BR>[Stack]<UL><LI>Max Depth = 36<LI>Call Chain = calculate_crc32
</UL>
<BR>[Called By]<UL><LI><a href="#[c6]">&gt;&gt;</a>&nbsp;&nbsp;&nbsp;mpu6050_bias_save
<LI><a href="#[c5]">&gt;&gt;</a>&nbsp;&nbsp;&nbsp;mpu6050_bias_load
</UL>

<P><STRONG><a name="[9b]"></a>bias_is_reasonable</STRONG> (Thumb, 104 bytes, Stack size 24 bytes, mpu6050_bias_store.o(.text.bias_is_reasonable))
<BR><BR>[Stack]<UL><LI>Max Depth = 24<LI>Call Chain = bias_is_reasonable
</UL>
<BR>[Calls]<UL><LI><a href="#[99]">&gt;&gt;</a>&nbsp;&nbsp;&nbsp;__aeabi_fcmplt
<LI><a href="#[9a]">&gt;&gt;</a>&nbsp;&nbsp;&nbsp;__aeabi_fcmple
</UL>
<BR>[Called By]<UL><LI><a href="#[c6]">&gt;&gt;</a>&nbsp;&nbsp;&nbsp;mpu6050_bias_save
<LI><a href="#[c5]">&gt;&gt;</a>&nbsp;&nbsp;&nbsp;mpu6050_bias_load
</UL>

<P><STRONG><a name="[ed]"></a>DL_FlashCTL_executeClearStatus</STRONG> (Thumb, 44 bytes, Stack size 4 bytes, mpu6050_bias_store.o(.text.DL_FlashCTL_executeClearStatus))
<BR><BR>[Stack]<UL><LI>Max Depth = 4<LI>Call Chain = DL_FlashCTL_executeClearStatus
</UL>
<BR>[Called By]<UL><LI><a href="#[c6]">&gt;&gt;</a>&nbsp;&nbsp;&nbsp;mpu6050_bias_save
</UL>

<P><STRONG><a name="[11d]"></a>prvInitialiseNewQueue</STRONG> (Thumb, 70 bytes, Stack size 24 bytes, queue.o(.text.prvInitialiseNewQueue))
<BR><BR>[Stack]<UL><LI>Max Depth = 84<LI>Call Chain = prvInitialiseNewQueue &rArr; xQueueGenericReset &rArr; xTaskRemoveFromEventList &rArr; vListInsertEnd
</UL>
<BR>[Calls]<UL><LI><a href="#[11e]">&gt;&gt;</a>&nbsp;&nbsp;&nbsp;xQueueGenericReset
</UL>
<BR>[Called By]<UL><LI><a href="#[ea]">&gt;&gt;</a>&nbsp;&nbsp;&nbsp;xQueueGenericCreateStatic
</UL>

<P><STRONG><a name="[11a]"></a>prvCopyDataToQueue</STRONG> (Thumb, 212 bytes, Stack size 32 bytes, queue.o(.text.prvCopyDataToQueue))
<BR><BR>[Stack]<UL><LI>Max Depth = 68<LI>Call Chain = prvCopyDataToQueue &rArr; xTaskPriorityDisinherit &rArr; vListInsertEnd
</UL>
<BR>[Calls]<UL><LI><a href="#[11b]">&gt;&gt;</a>&nbsp;&nbsp;&nbsp;xTaskPriorityDisinherit
<LI><a href="#[b6]">&gt;&gt;</a>&nbsp;&nbsp;&nbsp;__aeabi_memcpy
</UL>
<BR>[Called By]<UL><LI><a href="#[eb]">&gt;&gt;</a>&nbsp;&nbsp;&nbsp;xQueueGenericSend
<LI><a href="#[14c]">&gt;&gt;</a>&nbsp;&nbsp;&nbsp;xQueueGenericSendFromISR
</UL>

<P><STRONG><a name="[125]"></a>prvIsQueueFull</STRONG> (Thumb, 46 bytes, Stack size 16 bytes, queue.o(.text.prvIsQueueFull))
<BR><BR>[Stack]<UL><LI>Max Depth = 16<LI>Call Chain = prvIsQueueFull
</UL>
<BR>[Calls]<UL><LI><a href="#[b7]">&gt;&gt;</a>&nbsp;&nbsp;&nbsp;vPortExitCritical
<LI><a href="#[b5]">&gt;&gt;</a>&nbsp;&nbsp;&nbsp;vPortEnterCritical
</UL>
<BR>[Called By]<UL><LI><a href="#[eb]">&gt;&gt;</a>&nbsp;&nbsp;&nbsp;xQueueGenericSend
</UL>

<P><STRONG><a name="[130]"></a>prvUnlockQueue</STRONG> (Thumb, 182 bytes, Stack size 24 bytes, queue.o(.text.prvUnlockQueue))
<BR><BR>[Stack]<UL><LI>Max Depth = 60<LI>Call Chain = prvUnlockQueue &rArr; xTaskRemoveFromEventList &rArr; vListInsertEnd
</UL>
<BR>[Calls]<UL><LI><a href="#[b7]">&gt;&gt;</a>&nbsp;&nbsp;&nbsp;vPortExitCritical
<LI><a href="#[b5]">&gt;&gt;</a>&nbsp;&nbsp;&nbsp;vPortEnterCritical
<LI><a href="#[132]">&gt;&gt;</a>&nbsp;&nbsp;&nbsp;vTaskMissedYield
<LI><a href="#[131]">&gt;&gt;</a>&nbsp;&nbsp;&nbsp;xTaskRemoveFromEventList
</UL>
<BR>[Called By]<UL><LI><a href="#[eb]">&gt;&gt;</a>&nbsp;&nbsp;&nbsp;xQueueGenericSend
<LI><a href="#[e9]">&gt;&gt;</a>&nbsp;&nbsp;&nbsp;xQueueReceive
<LI><a href="#[12d]">&gt;&gt;</a>&nbsp;&nbsp;&nbsp;vQueueWaitForMessageRestricted
</UL>

<P><STRONG><a name="[124]"></a>prvIsQueueEmpty</STRONG> (Thumb, 42 bytes, Stack size 16 bytes, queue.o(.text.prvIsQueueEmpty))
<BR><BR>[Stack]<UL><LI>Max Depth = 16<LI>Call Chain = prvIsQueueEmpty
</UL>
<BR>[Calls]<UL><LI><a href="#[b7]">&gt;&gt;</a>&nbsp;&nbsp;&nbsp;vPortExitCritical
<LI><a href="#[b5]">&gt;&gt;</a>&nbsp;&nbsp;&nbsp;vPortEnterCritical
</UL>
<BR>[Called By]<UL><LI><a href="#[e9]">&gt;&gt;</a>&nbsp;&nbsp;&nbsp;xQueueReceive
</UL>

<P><STRONG><a name="[119]"></a>prvCopyDataFromQueue</STRONG> (Thumb, 68 bytes, Stack size 16 bytes, queue.o(.text.prvCopyDataFromQueue))
<BR><BR>[Stack]<UL><LI>Max Depth = 16<LI>Call Chain = prvCopyDataFromQueue
</UL>
<BR>[Calls]<UL><LI><a href="#[b6]">&gt;&gt;</a>&nbsp;&nbsp;&nbsp;__aeabi_memcpy
</UL>
<BR>[Called By]<UL><LI><a href="#[e9]">&gt;&gt;</a>&nbsp;&nbsp;&nbsp;xQueueReceive
</UL>

<P><STRONG><a name="[11f]"></a>prvInitialiseNewTask</STRONG> (Thumb, 280 bytes, Stack size 40 bytes, tasks.o(.text.prvInitialiseNewTask))
<BR><BR>[Stack]<UL><LI>Max Depth = 52<LI>Call Chain = prvInitialiseNewTask &rArr; pxPortInitialiseStack
</UL>
<BR>[Calls]<UL><LI><a href="#[121]">&gt;&gt;</a>&nbsp;&nbsp;&nbsp;vListInitialiseItem
<LI><a href="#[122]">&gt;&gt;</a>&nbsp;&nbsp;&nbsp;pxPortInitialiseStack
<LI><a href="#[120]">&gt;&gt;</a>&nbsp;&nbsp;&nbsp;__aeabi_memset4
</UL>
<BR>[Called By]<UL><LI><a href="#[bb]">&gt;&gt;</a>&nbsp;&nbsp;&nbsp;xTaskCreateStatic
</UL>

<P><STRONG><a name="[112]"></a>prvAddNewTaskToReadyList</STRONG> (Thumb, 200 bytes, Stack size 16 bytes, tasks.o(.text.prvAddNewTaskToReadyList))
<BR><BR>[Stack]<UL><LI>Max Depth = 44<LI>Call Chain = prvAddNewTaskToReadyList &rArr; prvInitialiseTaskLists &rArr; vListInitialise
</UL>
<BR>[Calls]<UL><LI><a href="#[110]">&gt;&gt;</a>&nbsp;&nbsp;&nbsp;vListInsertEnd
<LI><a href="#[114]">&gt;&gt;</a>&nbsp;&nbsp;&nbsp;vPortYield
<LI><a href="#[b7]">&gt;&gt;</a>&nbsp;&nbsp;&nbsp;vPortExitCritical
<LI><a href="#[b5]">&gt;&gt;</a>&nbsp;&nbsp;&nbsp;vPortEnterCritical
<LI><a href="#[113]">&gt;&gt;</a>&nbsp;&nbsp;&nbsp;prvInitialiseTaskLists
</UL>
<BR>[Called By]<UL><LI><a href="#[bb]">&gt;&gt;</a>&nbsp;&nbsp;&nbsp;xTaskCreateStatic
</UL>

<P><STRONG><a name="[113]"></a>prvInitialiseTaskLists</STRONG> (Thumb, 92 bytes, Stack size 24 bytes, tasks.o(.text.prvInitialiseTaskLists))
<BR><BR>[Stack]<UL><LI>Max Depth = 28<LI>Call Chain = prvInitialiseTaskLists &rArr; vListInitialise
</UL>
<BR>[Calls]<UL><LI><a href="#[116]">&gt;&gt;</a>&nbsp;&nbsp;&nbsp;vListInitialise
</UL>
<BR>[Called By]<UL><LI><a href="#[112]">&gt;&gt;</a>&nbsp;&nbsp;&nbsp;prvAddNewTaskToReadyList
</UL>

<P><STRONG><a name="[118]"></a>prvDeleteTCB</STRONG> (Thumb, 80 bytes, Stack size 16 bytes, tasks.o(.text.prvDeleteTCB))
<BR><BR>[Stack]<UL><LI>Max Depth = 108<LI>Call Chain = prvDeleteTCB &rArr; vPortFree &rArr; xTaskResumeAll &rArr; xTaskIncrementTick &rArr; vListInsertEnd
</UL>
<BR>[Calls]<UL><LI><a href="#[11c]">&gt;&gt;</a>&nbsp;&nbsp;&nbsp;vPortFree
</UL>
<BR>[Called By]<UL><LI><a href="#[117]">&gt;&gt;</a>&nbsp;&nbsp;&nbsp;prvCheckTasksWaitingTermination
</UL>

<P><STRONG><a name="[14d]"></a>prvResetNextTaskUnblockTime</STRONG> (Thumb, 40 bytes, Stack size 0 bytes, tasks.o(.text.prvResetNextTaskUnblockTime))
<BR><BR>[Called By]<UL><LI><a href="#[12c]">&gt;&gt;</a>&nbsp;&nbsp;&nbsp;xTaskResumeAll
<LI><a href="#[91]">&gt;&gt;</a>&nbsp;&nbsp;&nbsp;xTaskIncrementTick
</UL>

<P><STRONG><a name="[10e]"></a>prvAddCurrentTaskToDelayedList</STRONG> (Thumb, 152 bytes, Stack size 24 bytes, tasks.o(.text.prvAddCurrentTaskToDelayedList))
<BR><BR>[Stack]<UL><LI>Max Depth = 40<LI>Call Chain = prvAddCurrentTaskToDelayedList &rArr; vListInsert
</UL>
<BR>[Calls]<UL><LI><a href="#[10f]">&gt;&gt;</a>&nbsp;&nbsp;&nbsp;uxListRemove
<LI><a href="#[111]">&gt;&gt;</a>&nbsp;&nbsp;&nbsp;vListInsert
<LI><a href="#[110]">&gt;&gt;</a>&nbsp;&nbsp;&nbsp;vListInsertEnd
</UL>
<BR>[Called By]<UL><LI><a href="#[f1]">&gt;&gt;</a>&nbsp;&nbsp;&nbsp;vTaskDelay
<LI><a href="#[b9]">&gt;&gt;</a>&nbsp;&nbsp;&nbsp;xTaskDelayUntil
<LI><a href="#[ce]">&gt;&gt;</a>&nbsp;&nbsp;&nbsp;ulTaskGenericNotifyTake
<LI><a href="#[140]">&gt;&gt;</a>&nbsp;&nbsp;&nbsp;vTaskPlaceOnEventListRestricted
<LI><a href="#[141]">&gt;&gt;</a>&nbsp;&nbsp;&nbsp;vTaskPlaceOnEventList
</UL>

<P><STRONG><a name="[26]"></a>prvIdleTask</STRONG> (Thumb, 14 bytes, Stack size 16 bytes, tasks.o(.text.prvIdleTask))
<BR><BR>[Stack]<UL><LI>Max Depth = 140<LI>Call Chain = prvIdleTask &rArr; prvCheckTasksWaitingTermination &rArr; prvDeleteTCB &rArr; vPortFree &rArr; xTaskResumeAll &rArr; xTaskIncrementTick &rArr; vListInsertEnd
</UL>
<BR>[Calls]<UL><LI><a href="#[117]">&gt;&gt;</a>&nbsp;&nbsp;&nbsp;prvCheckTasksWaitingTermination
</UL>
<BR>[Address Reference Count : 1]<UL><LI> tasks.o(.text.vTaskStartScheduler)
</UL>
<P><STRONG><a name="[117]"></a>prvCheckTasksWaitingTermination</STRONG> (Thumb, 68 bytes, Stack size 16 bytes, tasks.o(.text.prvCheckTasksWaitingTermination))
<BR><BR>[Stack]<UL><LI>Max Depth = 124<LI>Call Chain = prvCheckTasksWaitingTermination &rArr; prvDeleteTCB &rArr; vPortFree &rArr; xTaskResumeAll &rArr; xTaskIncrementTick &rArr; vListInsertEnd
</UL>
<BR>[Calls]<UL><LI><a href="#[10f]">&gt;&gt;</a>&nbsp;&nbsp;&nbsp;uxListRemove
<LI><a href="#[b7]">&gt;&gt;</a>&nbsp;&nbsp;&nbsp;vPortExitCritical
<LI><a href="#[b5]">&gt;&gt;</a>&nbsp;&nbsp;&nbsp;vPortEnterCritical
<LI><a href="#[118]">&gt;&gt;</a>&nbsp;&nbsp;&nbsp;prvDeleteTCB
</UL>
<BR>[Called By]<UL><LI><a href="#[26]">&gt;&gt;</a>&nbsp;&nbsp;&nbsp;prvIdleTask
</UL>

<P><STRONG><a name="[115]"></a>prvCheckForValidListAndQueue</STRONG> (Thumb, 80 bytes, Stack size 24 bytes, timers.o(.text.prvCheckForValidListAndQueue))
<BR><BR>[Stack]<UL><LI>Max Depth = 156<LI>Call Chain = prvCheckForValidListAndQueue &rArr; xQueueGenericCreateStatic &rArr; prvInitialiseNewQueue &rArr; xQueueGenericReset &rArr; xTaskRemoveFromEventList &rArr; vListInsertEnd
</UL>
<BR>[Calls]<UL><LI><a href="#[116]">&gt;&gt;</a>&nbsp;&nbsp;&nbsp;vListInitialise
<LI><a href="#[ea]">&gt;&gt;</a>&nbsp;&nbsp;&nbsp;xQueueGenericCreateStatic
<LI><a href="#[b7]">&gt;&gt;</a>&nbsp;&nbsp;&nbsp;vPortExitCritical
<LI><a href="#[b5]">&gt;&gt;</a>&nbsp;&nbsp;&nbsp;vPortEnterCritical
</UL>
<BR>[Called By]<UL><LI><a href="#[143]">&gt;&gt;</a>&nbsp;&nbsp;&nbsp;xTimerCreateTimerTask
</UL>

<P><STRONG><a name="[27]"></a>prvTimerTask</STRONG> (Thumb, 30 bytes, Stack size 24 bytes, timers.o(.text.prvTimerTask))
<BR><BR>[Stack]<UL><LI>Max Depth = 292<LI>Call Chain = prvTimerTask &rArr; prvProcessReceivedCommands &rArr; prvSampleTimeNow &rArr; prvSwitchTimerLists &rArr; xTimerGenericCommand &rArr; xQueueGenericSend &rArr; xTaskResumeAll &rArr; xTaskIncrementTick &rArr; vListInsertEnd
</UL>
<BR>[Calls]<UL><LI><a href="#[128]">&gt;&gt;</a>&nbsp;&nbsp;&nbsp;prvProcessReceivedCommands
<LI><a href="#[12a]">&gt;&gt;</a>&nbsp;&nbsp;&nbsp;prvProcessTimerOrBlockTask
<LI><a href="#[12f]">&gt;&gt;</a>&nbsp;&nbsp;&nbsp;prvGetNextExpireTime
</UL>
<BR>[Address Reference Count : 1]<UL><LI> timers.o(.text.xTimerCreateTimerTask)
</UL>
<P><STRONG><a name="[12f]"></a>prvGetNextExpireTime</STRONG> (Thumb, 52 bytes, Stack size 8 bytes, timers.o(.text.prvGetNextExpireTime))
<BR><BR>[Stack]<UL><LI>Max Depth = 8<LI>Call Chain = prvGetNextExpireTime
</UL>
<BR>[Called By]<UL><LI><a href="#[27]">&gt;&gt;</a>&nbsp;&nbsp;&nbsp;prvTimerTask
</UL>

<P><STRONG><a name="[12a]"></a>prvProcessTimerOrBlockTask</STRONG> (Thumb, 132 bytes, Stack size 24 bytes, timers.o(.text.prvProcessTimerOrBlockTask))
<BR><BR>[Stack]<UL><LI>Max Depth = 244<LI>Call Chain = prvProcessTimerOrBlockTask &rArr; prvSampleTimeNow &rArr; prvSwitchTimerLists &rArr; xTimerGenericCommand &rArr; xQueueGenericSend &rArr; xTaskResumeAll &rArr; xTaskIncrementTick &rArr; vListInsertEnd
</UL>
<BR>[Calls]<UL><LI><a href="#[114]">&gt;&gt;</a>&nbsp;&nbsp;&nbsp;vPortYield
<LI><a href="#[12c]">&gt;&gt;</a>&nbsp;&nbsp;&nbsp;xTaskResumeAll
<LI><a href="#[12b]">&gt;&gt;</a>&nbsp;&nbsp;&nbsp;vTaskSuspendAll
<LI><a href="#[126]">&gt;&gt;</a>&nbsp;&nbsp;&nbsp;prvProcessExpiredTimer
<LI><a href="#[129]">&gt;&gt;</a>&nbsp;&nbsp;&nbsp;prvSampleTimeNow
<LI><a href="#[12d]">&gt;&gt;</a>&nbsp;&nbsp;&nbsp;vQueueWaitForMessageRestricted
</UL>
<BR>[Called By]<UL><LI><a href="#[27]">&gt;&gt;</a>&nbsp;&nbsp;&nbsp;prvTimerTask
</UL>

<P><STRONG><a name="[128]"></a>prvProcessReceivedCommands</STRONG> (Thumb, 336 bytes, Stack size 48 bytes, timers.o(.text.prvProcessReceivedCommands))
<BR><BR>[Stack]<UL><LI>Max Depth = 268<LI>Call Chain = prvProcessReceivedCommands &rArr; prvSampleTimeNow &rArr; prvSwitchTimerLists &rArr; xTimerGenericCommand &rArr; xQueueGenericSend &rArr; xTaskResumeAll &rArr; xTaskIncrementTick &rArr; vListInsertEnd
</UL>
<BR>[Calls]<UL><LI><a href="#[10f]">&gt;&gt;</a>&nbsp;&nbsp;&nbsp;uxListRemove
<LI><a href="#[11c]">&gt;&gt;</a>&nbsp;&nbsp;&nbsp;vPortFree
<LI><a href="#[e9]">&gt;&gt;</a>&nbsp;&nbsp;&nbsp;xQueueReceive
<LI><a href="#[127]">&gt;&gt;</a>&nbsp;&nbsp;&nbsp;xTimerGenericCommand
<LI><a href="#[123]">&gt;&gt;</a>&nbsp;&nbsp;&nbsp;prvInsertTimerInActiveList
<LI><a href="#[129]">&gt;&gt;</a>&nbsp;&nbsp;&nbsp;prvSampleTimeNow
</UL>
<BR>[Called By]<UL><LI><a href="#[27]">&gt;&gt;</a>&nbsp;&nbsp;&nbsp;prvTimerTask
</UL>

<P><STRONG><a name="[129]"></a>prvSampleTimeNow</STRONG> (Thumb, 56 bytes, Stack size 16 bytes, timers.o(.text.prvSampleTimeNow))
<BR><BR>[Stack]<UL><LI>Max Depth = 220<LI>Call Chain = prvSampleTimeNow &rArr; prvSwitchTimerLists &rArr; xTimerGenericCommand &rArr; xQueueGenericSend &rArr; xTaskResumeAll &rArr; xTaskIncrementTick &rArr; vListInsertEnd
</UL>
<BR>[Calls]<UL><LI><a href="#[b4]">&gt;&gt;</a>&nbsp;&nbsp;&nbsp;xTaskGetTickCount
<LI><a href="#[12e]">&gt;&gt;</a>&nbsp;&nbsp;&nbsp;prvSwitchTimerLists
</UL>
<BR>[Called By]<UL><LI><a href="#[128]">&gt;&gt;</a>&nbsp;&nbsp;&nbsp;prvProcessReceivedCommands
<LI><a href="#[12a]">&gt;&gt;</a>&nbsp;&nbsp;&nbsp;prvProcessTimerOrBlockTask
</UL>

<P><STRONG><a name="[126]"></a>prvProcessExpiredTimer</STRONG> (Thumb, 120 bytes, Stack size 32 bytes, timers.o(.text.prvProcessExpiredTimer))
<BR><BR>[Stack]<UL><LI>Max Depth = 204<LI>Call Chain = prvProcessExpiredTimer &rArr; xTimerGenericCommand &rArr; xQueueGenericSend &rArr; xTaskResumeAll &rArr; xTaskIncrementTick &rArr; vListInsertEnd
</UL>
<BR>[Calls]<UL><LI><a href="#[10f]">&gt;&gt;</a>&nbsp;&nbsp;&nbsp;uxListRemove
<LI><a href="#[127]">&gt;&gt;</a>&nbsp;&nbsp;&nbsp;xTimerGenericCommand
<LI><a href="#[123]">&gt;&gt;</a>&nbsp;&nbsp;&nbsp;prvInsertTimerInActiveList
</UL>
<BR>[Called By]<UL><LI><a href="#[12a]">&gt;&gt;</a>&nbsp;&nbsp;&nbsp;prvProcessTimerOrBlockTask
</UL>

<P><STRONG><a name="[123]"></a>prvInsertTimerInActiveList</STRONG> (Thumb, 124 bytes, Stack size 32 bytes, timers.o(.text.prvInsertTimerInActiveList))
<BR><BR>[Stack]<UL><LI>Max Depth = 48<LI>Call Chain = prvInsertTimerInActiveList &rArr; vListInsert
</UL>
<BR>[Calls]<UL><LI><a href="#[111]">&gt;&gt;</a>&nbsp;&nbsp;&nbsp;vListInsert
</UL>
<BR>[Called By]<UL><LI><a href="#[126]">&gt;&gt;</a>&nbsp;&nbsp;&nbsp;prvProcessExpiredTimer
<LI><a href="#[128]">&gt;&gt;</a>&nbsp;&nbsp;&nbsp;prvProcessReceivedCommands
</UL>

<P><STRONG><a name="[12e]"></a>prvSwitchTimerLists</STRONG> (Thumb, 168 bytes, Stack size 32 bytes, timers.o(.text.prvSwitchTimerLists))
<BR><BR>[Stack]<UL><LI>Max Depth = 204<LI>Call Chain = prvSwitchTimerLists &rArr; xTimerGenericCommand &rArr; xQueueGenericSend &rArr; xTaskResumeAll &rArr; xTaskIncrementTick &rArr; vListInsertEnd
</UL>
<BR>[Calls]<UL><LI><a href="#[10f]">&gt;&gt;</a>&nbsp;&nbsp;&nbsp;uxListRemove
<LI><a href="#[111]">&gt;&gt;</a>&nbsp;&nbsp;&nbsp;vListInsert
<LI><a href="#[127]">&gt;&gt;</a>&nbsp;&nbsp;&nbsp;xTimerGenericCommand
</UL>
<BR>[Called By]<UL><LI><a href="#[129]">&gt;&gt;</a>&nbsp;&nbsp;&nbsp;prvSampleTimeNow
</UL>

<P><STRONG><a name="[13f]"></a>prvInsertBlockIntoFreeList</STRONG> (Thumb, 180 bytes, Stack size 12 bytes, heap_4.o(.text.prvInsertBlockIntoFreeList))
<BR><BR>[Stack]<UL><LI>Max Depth = 12<LI>Call Chain = prvInsertBlockIntoFreeList
</UL>
<BR>[Called By]<UL><LI><a href="#[11c]">&gt;&gt;</a>&nbsp;&nbsp;&nbsp;vPortFree
</UL>

<P><STRONG><a name="[25]"></a>prvTaskExitError</STRONG> (Thumb, 44 bytes, Stack size 4 bytes, port.o(.text.prvTaskExitError))
<BR><BR>[Stack]<UL><LI>Max Depth = 4<LI>Call Chain = prvTaskExitError
</UL>
<BR>[Called By]<UL><LI><a href="#[144]">&gt;&gt;</a>&nbsp;&nbsp;&nbsp;xPortStartScheduler
</UL>
<BR>[Address Reference Count : 1]<UL><LI> port.o(.text.pxPortInitialiseStack)
</UL>
<P><STRONG><a name="[149]"></a>vPortStartFirstTask</STRONG> (Thumb, 52 bytes, Stack size 0 bytes, port.o(.text.vPortStartFirstTask))
<BR><BR>[Called By]<UL><LI><a href="#[144]">&gt;&gt;</a>&nbsp;&nbsp;&nbsp;xPortStartScheduler
</UL>

<P><STRONG><a name="[49]"></a>DL_FlashCTL_executeCommandFromRAM</STRONG> (Thumb, 52 bytes, Stack size 4 bytes, dl_flashctl.o(.ramfunc))
<BR><BR>[Stack]<UL><LI>Max Depth = 4<LI>Call Chain = DL_FlashCTL_executeCommandFromRAM
</UL>
<BR>[Called By]<UL><LI><a href="#[4a]">&gt;&gt;</a>&nbsp;&nbsp;&nbsp;DL_FlashCTL_programMemoryBlockingFromRAM64WithECCGenerated (via Veneer)
<LI><a href="#[48]">&gt;&gt;</a>&nbsp;&nbsp;&nbsp;DL_FlashCTL_eraseMemoryFromRAM (via Veneer)
</UL>

<P><STRONG><a name="[158]"></a>_fp_digits</STRONG> (Thumb, 344 bytes, Stack size 64 bytes, printfa.o(i._fp_digits), UNUSED)
<BR><BR>[Calls]<UL><LI><a href="#[38]">&gt;&gt;</a>&nbsp;&nbsp;&nbsp;__aeabi_uldivmod
<LI><a href="#[43]">&gt;&gt;</a>&nbsp;&nbsp;&nbsp;__aeabi_dmul
<LI><a href="#[44]">&gt;&gt;</a>&nbsp;&nbsp;&nbsp;__aeabi_ddiv
<LI><a href="#[3d]">&gt;&gt;</a>&nbsp;&nbsp;&nbsp;__aeabi_dadd
<LI><a href="#[45]">&gt;&gt;</a>&nbsp;&nbsp;&nbsp;__aeabi_d2ulz
<LI><a href="#[159]">&gt;&gt;</a>&nbsp;&nbsp;&nbsp;__aeabi_cdrcmple
</UL>
<BR>[Called By]<UL><LI><a href="#[150]">&gt;&gt;</a>&nbsp;&nbsp;&nbsp;_printf_core
</UL>

<P><STRONG><a name="[150]"></a>_printf_core</STRONG> (Thumb, 1754 bytes, Stack size 128 bytes, printfa.o(i._printf_core), UNUSED)
<BR><BR>[Calls]<UL><LI><a href="#[38]">&gt;&gt;</a>&nbsp;&nbsp;&nbsp;__aeabi_uldivmod
<LI><a href="#[4d]">&gt;&gt;</a>&nbsp;&nbsp;&nbsp;__aeabi_uidivmod
<LI><a href="#[15a]">&gt;&gt;</a>&nbsp;&nbsp;&nbsp;_printf_pre_padding
<LI><a href="#[15b]">&gt;&gt;</a>&nbsp;&nbsp;&nbsp;_printf_post_padding
<LI><a href="#[158]">&gt;&gt;</a>&nbsp;&nbsp;&nbsp;_fp_digits
</UL>
<BR>[Called By]<UL><LI><a href="#[14f]">&gt;&gt;</a>&nbsp;&nbsp;&nbsp;__0printf
</UL>

<P><STRONG><a name="[15b]"></a>_printf_post_padding</STRONG> (Thumb, 32 bytes, Stack size 24 bytes, printfa.o(i._printf_post_padding), UNUSED)
<BR><BR>[Called By]<UL><LI><a href="#[150]">&gt;&gt;</a>&nbsp;&nbsp;&nbsp;_printf_core
</UL>

<P><STRONG><a name="[15a]"></a>_printf_pre_padding</STRONG> (Thumb, 44 bytes, Stack size 40 bytes, printfa.o(i._printf_pre_padding), UNUSED)
<BR><BR>[Called By]<UL><LI><a href="#[150]">&gt;&gt;</a>&nbsp;&nbsp;&nbsp;_printf_core
</UL>
<P>
<H3>
Undefined Global Symbols
</H3><HR></body></html>
