*** Using Compiler 'V6.22', folder: 'E:\software\keil\ARM\ARMCLANG\Bin'
Rebuild target 'empty_LP_MSPM0G3507_nortos_keil'
Before Build - User command #1: cmd.exe /C "e:\TI\TI-MSPM0G3507\mspm0_sdk_2_05_00_05\MSPM0G3507_FreeRTOS\keil\../../tools/keil/syscfg.bat 'e:\TI\TI-MSPM0G3507\mspm0_sdk_2_05_00_05\MSPM0G3507_FreeRTOS\keil\' empty.syscfg"
Using Sysconfig Tool from "E:\software\m0_sysconfig\sysconfig_cli.bat"
"Update the file located at <sdk path>/tools/keil/syscfg.bat to use a different version"
Running script...
Validating...
info: TIM_delay_us(/ti/driverlib/TIMER): Peripheral does not retain register contents in STOP or STANDBY modes. User should take care to save and restore register configuration in application. See Retention Configuration section for more details.
info: TIM_delay_ms(/ti/driverlib/TIMER): Peripheral does not retain register contents in STOP or STANDBY modes. User should take care to save and restore register configuration in application. See Retention Configuration section for more details.
Generating Code (empty.syscfg)...
Unchanged e:\TI\TI-MSPM0G3507\mspm0_sdk_2_05_00_05\MSPM0G3507_FreeRTOS\ti_msp_dl_config.c...
Unchanged e:\TI\TI-MSPM0G3507\mspm0_sdk_2_05_00_05\MSPM0G3507_FreeRTOS\ti_msp_dl_config.h...
Unchanged e:\TI\TI-MSPM0G3507\mspm0_sdk_2_05_00_05\MSPM0G3507_FreeRTOS\Event.dot...
compiling croutine.c...
compiling list.c...
compiling heap_4.c...
compiling timers.c...
compiling event_groups.c...
compiling UART0_Debug.c...
compiling empty.c...
compiling motor.c...
compiling port.c...
assembling startup_mspm0g350x_uvision.s...
compiling stream_buffer.c...
compiling queue.c...
compiling tasks.c...
compiling board_led.c...
compiling tim_delay.c...
compiling ti_msp_dl_config.c...
linking...
Program Size: Code=14676 RO-data=380 RW-data=8 ZI-data=11392  
FromELF: creating hex file...
".\Objects\empty_LP_MSPM0G3507_nortos_keil.axf" - 0 Error(s), 0 Warning(s).
Build Time Elapsed:  00:00:02
